Archive member included to satisfy reference by file (symbol)

touchgfx//lib/core/cortex_m7/gcc\libtouchgfx.a(AbstractPartition.o)
                              build/ST/STM32F746G-DISCO/target/bsp/source/BoardConfiguration.o (touchgfx::AbstractPartition::getAllocationCount() const)
touchgfx//lib/core/cortex_m7/gcc\libtouchgfx.a(Container.o)
                              build/ST/STM32F746G-DISCO/gui/src/containers/AtdiBackground_Btns.o (touchgfx::Container::contains(touchgfx::Drawable const&))
touchgfx//lib/core/cortex_m7/gcc\libtouchgfx.a(Slider.o)
                              build/ST/STM32F746G-DISCO/gui/src/settempcontrol_screen/SetTempControlView.o (touchgfx::Slider::~Slider())
touchgfx//lib/core/cortex_m7/gcc\libtouchgfx.a(HAL.o)
                              build/ST/STM32F746G-DISCO/target/bsp/source/platform/stm32f7xx/STM32F7HAL.o (touchgfx::HAL::flushFrameBuffer())
touchgfx//lib/core/cortex_m7/gcc\libtouchgfx.a(DMA.o)
                              build/ST/STM32F746G-DISCO/target/bsp/source/platform/stm32f7xx/STM32F7DMA.o (touchgfx::DMA_Interface::seedExecution())
touchgfx//lib/core/cortex_m7/gcc\libtouchgfx.a(ToggleButton.o)
                              build/ST/STM32F746G-DISCO/generated/gui_generated/src/main_screen/MainViewBase.o (touchgfx::ToggleButton::ToggleButton())
touchgfx//lib/core/cortex_m7/gcc\libtouchgfx.a(SnapshotWidget.o)
                              build/ST/STM32F746G-DISCO/generated/gui_generated/src/common/FrontendApplicationBase.o (touchgfx::SnapshotWidget::~SnapshotWidget())
touchgfx//lib/core/cortex_m7/gcc\libtouchgfx.a(AnimatedImage.o)
                              build/ST/STM32F746G-DISCO/generated/gui_generated/src/containers/AtdiBackground_BtnsBase.o (touchgfx::AnimatedImage::startAnimation(bool const&, bool const&, bool const&))
touchgfx//lib/core/cortex_m7/gcc\libtouchgfx.a(TextArea.o)
                              build/ST/STM32F746G-DISCO/generated/gui_generated/src/screencanbus_screen/screenCanbusViewBase.o (touchgfx::TextArea::setTypedText(touchgfx::TypedText))
touchgfx//lib/core/cortex_m7/gcc\libtouchgfx.a(Box.o)
                              build/ST/STM32F746G-DISCO/generated/gui_generated/src/main_screen/MainViewBase.o (vtable for touchgfx::Box)
touchgfx//lib/core/cortex_m7/gcc\libtouchgfx.a(Button.o)
                              build/ST/STM32F746G-DISCO/generated/gui_generated/src/containers/AtdiBackground_BtnsBase.o (touchgfx::Button::setBitmaps(touchgfx::Bitmap const&, touchgfx::Bitmap const&))
touchgfx//lib/core/cortex_m7/gcc\libtouchgfx.a(TextAreaWithWildcard.o)
                              build/ST/STM32F746G-DISCO/generated/gui_generated/src/settempcontrol_screen/SetTempControlViewBase.o (touchgfx::TextAreaWithWildcardBase::calculateTextHeight(unsigned short const*, ...) const)
touchgfx//lib/core/cortex_m7/gcc\libtouchgfx.a(Image.o)
                              build/ST/STM32F746G-DISCO/generated/gui_generated/src/containers/AtdiBackground_BtnsBase.o (touchgfx::Image::setBitmap(touchgfx::Bitmap const&))
touchgfx//lib/core/cortex_m7/gcc\libtouchgfx.a(ButtonWithLabel.o)
                              build/ST/STM32F746G-DISCO/generated/gui_generated/src/screenmenu_screen/screenMenuViewBase.o (touchgfx::ButtonWithLabel::ButtonWithLabel())
touchgfx//lib/core/cortex_m7/gcc\libtouchgfx.a(LCD.o)
                              build/ST/STM32F746G-DISCO/generated/gui_generated/src/settempcontrol_screen/SetTempControlViewBase.o (touchgfx::LCD::drawString(touchgfx::Rect, touchgfx::Rect const&, touchgfx::LCD::StringVisuals&, unsigned short const*, ...))
touchgfx//lib/core/cortex_m7/gcc\libtouchgfx.a(TouchCalibration.o)
                              touchgfx//lib/core/cortex_m7/gcc\libtouchgfx.a(HAL.o) (touchgfx::TouchCalibration::translatePoint(touchgfx::Point&))
touchgfx//lib/core/cortex_m7/gcc\libtouchgfx.a(DisplayTransformation.o)
                              touchgfx//lib/core/cortex_m7/gcc\libtouchgfx.a(HAL.o) (touchgfx::DisplayTransformation::transformFrameBufferToDisplay(short&, short&))
touchgfx//lib/core/cortex_m7/gcc\libtouchgfx.a(Application.o)
                              build/ST/STM32F746G-DISCO/gui/src/common/FrontendApplication.o (touchgfx::Application::handleClickEvent(touchgfx::ClickEvent const&))
touchgfx//lib/core/cortex_m7/gcc\libtouchgfx.a(TypedText.o)
                              build/ST/STM32F746G-DISCO/generated/gui_generated/src/screenmenu_screen/screenMenuViewBase.o (touchgfx::TypedText::numberOfTypedTexts)
touchgfx//lib/core/cortex_m7/gcc\libtouchgfx.a(Font.o)
                              build/ST/STM32F746G-DISCO/generated/texts/src/Texts.o (touchgfx::Font::getStringWidthLTR(unsigned char, unsigned short const*, std::__va_list) const)
touchgfx//lib/core/cortex_m7/gcc\libtouchgfx.a(Drawable.o)
                              build/ST/STM32F746G-DISCO/gui/src/containers/AtdiBackground_Btns.o (touchgfx::Drawable::invalidate() const)
touchgfx//lib/core/cortex_m7/gcc\libtouchgfx.a(Utils.o)
[...]
Memory Configuration

Name             Origin             Length             Attributes
CODE             0x08000000         0x00100000         xr
RAM              0x20000000         0x0004c000         rw
QUADSPI          0x90000000         0x01000000         r
*default*        0x00000000         0xffffffff

Linker script and memory map

LOAD build/ST/STM32F746G-DISCO/gui/src/containers/AtdiBackground_Btns.o
LOAD build/ST/STM32F746G-DISCO/gui/src/main_screen/MainPresenter.o
LOAD build/ST/STM32F746G-DISCO/gui/src/main_screen/MainView.o
LOAD build/ST/STM32F746G-DISCO/gui/src/screencanbus_screen/screenCanbusView.o
LOAD build/ST/STM32F746G-DISCO/gui/src/screencanbus_screen/screenCanbusPresenter.o
LOAD build/ST/STM32F746G-DISCO/gui/src/screenmenu_screen/screenMenuPresenter.o
LOAD build/ST/STM32F746G-DISCO/gui/src/screenmenu_screen/screenMenuView.o
LOAD build/ST/STM32F746G-DISCO/gui/src/screenzone_screen/screenZoneView.o
LOAD build/ST/STM32F746G-DISCO/gui/src/screenzone_screen/screenZonePresenter.o
LOAD build/ST/STM32F746G-DISCO/gui/src/screenmodbus_screen/screenModbusPresenter.o
LOAD build/ST/STM32F746G-DISCO/gui/src/screenmodbus_screen/screenModbusView.o
LOAD build/ST/STM32F746G-DISCO/gui/src/model/Model.o
LOAD build/ST/STM32F746G-DISCO/gui/src/screenindustrialcontroller_screen/screenIndustrialControllerPresenter.o
LOAD build/ST/STM32F746G-DISCO/gui/src/screenindustrialcontroller_screen/screenIndustrialControllerView.o
LOAD build/ST/STM32F746G-DISCO/gui/src/common/FrontendApplication.o
LOAD build/ST/STM32F746G-DISCO/gui/src/settempcontrol_screen/SetTempControlPresenter.o
LOAD build/ST/STM32F746G-DISCO/gui/src/settempcontrol_screen/SetTempControlView.o
LOAD build/ST/STM32F746G-DISCO/generated/gui_generated/src/containers/AtdiBackground_BtnsBase.o
LOAD build/ST/STM32F746G-DISCO/generated/gui_generated/src/main_screen/MainViewBase.o
LOAD build/ST/STM32F746G-DISCO/generated/gui_generated/src/screencanbus_screen/screenCanbusViewBase.o
LOAD build/ST/STM32F746G-DISCO/generated/gui_generated/src/screenmenu_screen/screenMenuViewBase.o
LOAD build/ST/STM32F746G-DISCO/generated/gui_generated/src/screenzone_screen/screenZoneViewBase.o
LOAD build/ST/STM32F746G-DISCO/generated/gui_generated/src/screenmodbus_screen/screenModbusViewBase.o
LOAD build/ST/STM32F746G-DISCO/generated/gui_generated/src/screenindustrialcontroller_screen/screenIndustrialControllerViewBase.o
LOAD build/ST/STM32F746G-DISCO/generated/gui_generated/src/common/FrontendApplicationBase.o
LOAD build/ST/STM32F746G-DISCO/generated/gui_generated/src/settempcontrol_screen/SetTempControlViewBase.o
LOAD build/ST/STM32F746G-DISCO/generated/fonts/src/Kerning_verdana_45_4bpp.o
LOAD build/ST/STM32F746G-DISCO/generated/fonts/src/FontGetters.o
LOAD build/ST/STM32F746G-DISCO/generated/fonts/src/Font_verdanaz_30_4bpp.o
LOAD build/ST/STM32F746G-DISCO/generated/fonts/src/Font_verdana_20_4bpp.o
LOAD build/ST/STM32F746G-DISCO/generated/fonts/src/Table_verdanab_75_4bpp.o
LOAD build/ST/STM32F746G-DISCO/generated/fonts/src/Table_verdana_45_4bpp.o
LOAD build/ST/STM32F746G-DISCO/generated/fonts/src/Kerning_verdanaz_30_4bpp.o
LOAD build/ST/STM32F746G-DISCO/generated/fonts/src/Kerning_verdana_20_4bpp.o
LOAD build/ST/STM32F746G-DISCO/generated/fonts/src/Font_verdanab_75_4bpp.o
LOAD build/ST/STM32F746G-DISCO/generated/fonts/src/Font_verdana_45_4bpp.o
LOAD build/ST/STM32F746G-DISCO/generated/fonts/src/Table_verdanaz_30_4bpp.o
LOAD build/ST/STM32F746G-DISCO/generated/fonts/src/Kerning_verdanab_75_4bpp.o
LOAD build/ST/STM32F746G-DISCO/generated/fonts/src/Table_verdana_20_4bpp.o
LOAD build/ST/STM32F746G-DISCO/generated/fonts/src/ApplicationFontProvider.o
LOAD build/ST/STM32F746G-DISCO/generated/images/src/__designer/Blue_Slider_Horizontal_Medium_Slider_Round_fill.o
LOAD build/ST/STM32F746G-DISCO/generated/images/src/__designer/Blue_Slider_Horizontal_Medium_Slider_Round_back.o
LOAD build/ST/STM32F746G-DISCO/generated/images/src/__designer/dark_buttons_round_edge_small_pressed.o
LOAD build/ST/STM32F746G-DISCO/generated/images/src/__designer/dark_buttons_round_edge_small.o
LOAD build/ST/STM32F746G-DISCO/generated/images/src/ok-button_pressed.o
LOAD build/ST/STM32F746G-DISCO/generated/images/src/ok-button-th.o
LOAD build/ST/STM32F746G-DISCO/generated/images/src/atdi_template480x272.o
LOAD build/ST/STM32F746G-DISCO/generated/images/src/peare_gul.o
LOAD build/ST/STM32F746G-DISCO/generated/images/src/atomLyr03.o
LOAD build/ST/STM32F746G-DISCO/generated/images/src/atomLyr09.o
LOAD build/ST/STM32F746G-DISCO/generated/images/src/BitmapDatabase.o
LOAD build/ST/STM32F746G-DISCO/generated/images/src/atomLyr08.o
LOAD build/ST/STM32F746G-DISCO/generated/images/src/gear_50x50.o
LOAD build/ST/STM32F746G-DISCO/generated/images/src/atomLyr05.o
LOAD build/ST/STM32F746G-DISCO/generated/images/src/home_gray50x50.o
LOAD build/ST/STM32F746G-DISCO/generated/images/src/atomLyr10.o
LOAD build/ST/STM32F746G-DISCO/generated/images/src/atomLyr12.o
LOAD build/ST/STM32F746G-DISCO/generated/images/src/peare_hvid.o
LOAD build/ST/STM32F746G-DISCO/generated/images/src/onbtn_50x50.o
LOAD build/ST/STM32F746G-DISCO/generated/images/src/atomLyr02.o
LOAD build/ST/STM32F746G-DISCO/generated/images/src/atomLyr06.o
LOAD build/ST/STM32F746G-DISCO/generated/images/src/atdi_logo1.o
LOAD build/ST/STM32F746G-DISCO/generated/images/src/atomLyr11.o
LOAD build/ST/STM32F746G-DISCO/generated/images/src/offbtn_50x50.o
LOAD build/ST/STM32F746G-DISCO/generated/images/src/Red_Slider_Horizontal_Medium_Indicators_Slider_Round_nob.o
LOAD build/ST/STM32F746G-DISCO/generated/images/src/atomLyr01.o
LOAD build/ST/STM32F746G-DISCO/generated/images/src/atomLyr04.o
LOAD build/ST/STM32F746G-DISCO/generated/images/src/atomLyr07.o
LOAD build/ST/STM32F746G-DISCO/generated/images/src/atdi_logo_2.o
LOAD build/ST/STM32F746G-DISCO/generated/texts/src/LanguageGb.o
LOAD build/ST/STM32F746G-DISCO/generated/texts/src/TypedTextDatabase.o
LOAD build/ST/STM32F746G-DISCO/generated/texts/src/Texts.o
LOAD build/ST/STM32F746G-DISCO/target/os/FreeRTOS8.2.0/OSWrappers.o
LOAD build/ST/STM32F746G-DISCO/target/gcc/gccstubs.o
LOAD build/ST/STM32F746G-DISCO/target/main.o
LOAD build/ST/STM32F746G-DISCO/target/bsp/source/bsp/STM32F7Instrumentation.o
LOAD build/ST/STM32F746G-DISCO/target/bsp/source/bsp/STM32F746GTouchController.o
LOAD build/ST/STM32F746G-DISCO/target/bsp/source/platform/stm32f7xx/STM32F7DMA.o
LOAD build/ST/STM32F746G-DISCO/target/bsp/source/platform/stm32f7xx/STM32F7HAL.o
LOAD build/ST/STM32F746G-DISCO/target/bsp/source/BoardConfiguration.o
LOAD build/ST/STM32F746G-DISCO/target/bsp/source/GPIO.o
LOAD build/ST/STM32F746G-DISCO/target/os/FreeRTOS8.2.0/Source/croutine.o
LOAD build/ST/STM32F746G-DISCO/target/os/FreeRTOS8.2.0/Source/list.o
LOAD build/ST/STM32F746G-DISCO/target/os/FreeRTOS8.2.0/Source/queue.o
LOAD build/ST/STM32F746G-DISCO/target/os/FreeRTOS8.2.0/Source/tasks.o
LOAD build/ST/STM32F746G-DISCO/target/os/FreeRTOS8.2.0/Source/timers.o
LOAD build/ST/STM32F746G-DISCO/target/os/FreeRTOS8.2.0/Source/portable/MemMang/heap_2.o
LOAD build/ST/STM32F746G-DISCO/target/os/FreeRTOS8.2.0/Source/portable/GCC/ARM_CM7/port.o
LOAD build/ST/STM32F746G-DISCO/target/gcc/isr.o
LOAD build/ST/STM32F746G-DISCO/target/bsp/source/vendor/STM32746G-Discovery/stm32746g_discovery.o
LOAD build/ST/STM32F746G-DISCO/target/bsp/source/vendor/STM32746G-Discovery/stm32746g_discovery_lcd.o
LOAD build/ST/STM32F746G-DISCO/target/bsp/source/vendor/STM32746G-Discovery/stm32746g_discovery_sd.o
LOAD build/ST/STM32F746G-DISCO/target/bsp/source/vendor/STM32746G-Discovery/stm32746g_discovery_sdram.o
LOAD build/ST/STM32F746G-DISCO/target/bsp/source/vendor/STM32746G-Discovery/stm32746g_discovery_ts.o
LOAD build/ST/STM32F746G-DISCO/target/bsp/source/vendor/STM32746G-Discovery/stm32746g_discovery_qspi.o
LOAD build/ST/STM32F746G-DISCO/target/bsp/source/vendor/Components/ft5336/ft5336.o
LOAD build/ST/STM32F746G-DISCO/target/bsp/source/platform/stm32f7xx/STM32F7xx_HAL_Driver/stm32f7xx_hal.o
LOAD build/ST/STM32F746G-DISCO/target/bsp/source/platform/stm32f7xx/STM32F7xx_HAL_Driver/stm32f7xx_hal_cortex.o
LOAD build/ST/STM32F746G-DISCO/target/bsp/source/platform/stm32f7xx/STM32F7xx_HAL_Driver/stm32f7xx_hal_dma.o
LOAD build/ST/STM32F746G-DISCO/target/bsp/source/platform/stm32f7xx/STM32F7xx_HAL_Driver/stm32f7xx_hal_dma2d.o
LOAD build/ST/STM32F746G-DISCO/target/bsp/source/platform/stm32f7xx/STM32F7xx_HAL_Driver/stm32f7xx_hal_dma_ex.o
LOAD build/ST/STM32F746G-DISCO/target/bsp/source/platform/stm32f7xx/STM32F7xx_HAL_Driver/stm32f7xx_hal_gpio.o
LOAD build/ST/STM32F746G-DISCO/target/bsp/source/platform/stm32f7xx/STM32F7xx_HAL_Driver/stm32f7xx_hal_i2c.o
LOAD build/ST/STM32F746G-DISCO/target/bsp/source/platform/stm32f7xx/STM32F7xx_HAL_Driver/stm32f7xx_hal_ltdc.o
LOAD build/ST/STM32F746G-DISCO/target/bsp/source/platform/stm32f7xx/STM32F7xx_HAL_Driver/stm32f7xx_hal_nor.o
LOAD build/ST/STM32F746G-DISCO/target/bsp/source/platform/stm32f7xx/STM32F7xx_HAL_Driver/stm32f7xx_hal_pwr_ex.o
LOAD build/ST/STM32F746G-DISCO/target/bsp/source/platform/stm32f7xx/STM32F7xx_HAL_Driver/stm32f7xx_hal_rcc.o
LOAD build/ST/STM32F746G-DISCO/target/bsp/source/platform/stm32f7xx/STM32F7xx_HAL_Driver/stm32f7xx_hal_rcc_ex.o
LOAD build/ST/STM32F746G-DISCO/target/bsp/source/platform/stm32f7xx/STM32F7xx_HAL_Driver/stm32f7xx_hal_sdram.o
LOAD build/ST/STM32F746G-DISCO/target/bsp/source/platform/stm32f7xx/STM32F7xx_HAL_Driver/stm32f7xx_hal_sd.o
LOAD build/ST/STM32F746G-DISCO/target/bsp/source/platform/stm32f7xx/STM32F7xx_HAL_Driver/stm32f7xx_hal_tim.o
LOAD build/ST/STM32F746G-DISCO/target/bsp/source/platform/stm32f7xx/STM32F7xx_HAL_Driver/stm32f7xx_hal_qspi.o
LOAD build/ST/STM32F746G-DISCO/target/bsp/source/platform/stm32f7xx/STM32F7xx_HAL_Driver/stm32f7xx_ll_fmc.o
LOAD build/ST/STM32F746G-DISCO/target/bsp/source/platform/stm32f7xx/STM32F7xx_HAL_Driver/stm32f7xx_ll_sdmmc.o
LOAD build/ST/STM32F746G-DISCO/target/bsp/source/platform/stm32f7xx/CMSIS/system_stm32f7xx.o
START GROUP
LOAD touchgfx//lib/core/cortex_m7/gcc\libtouchgfx.a
END GROUP
LOAD c:/touchgfx/4.9.3/env/mingw/msys/1.0/gnu-arm-gcc/bin/../lib/gcc/arm-none-eabi/6.3.1/../../../../arm-none-eabi/lib/thumb/v7e-m/fpv5-sp/softfp\libstdc++.a
LOAD c:/touchgfx/4.9.3/env/mingw/msys/1.0/gnu-arm-gcc/bin/../lib/gcc/arm-none-eabi/6.3.1/../../../../arm-none-eabi/lib/thumb/v7e-m/fpv5-sp/softfp\libm.a
START GROUP
LOAD c:/touchgfx/4.9.3/env/mingw/msys/1.0/gnu-arm-gcc/bin/../lib/gcc/arm-none-eabi/6.3.1/thumb/v7e-m/fpv5-sp/softfp\libgcc.a
LOAD c:/touchgfx/4.9.3/env/mingw/msys/1.0/gnu-arm-gcc/bin/../lib/gcc/arm-none-eabi/6.3.1/../../../../arm-none-eabi/lib/thumb/v7e-m/fpv5-sp/softfp\libg.a
LOAD c:/touchgfx/4.9.3/env/mingw/msys/1.0/gnu-arm-gcc/bin/../lib/gcc/arm-none-eabi/6.3.1/../../../../arm-none-eabi/lib/thumb/v7e-m/fpv5-sp/softfp\libc.a
END GROUP
                0x00000400                _STACKSIZE = 0x400
                0x00000200                _HEAPSIZE = 0x200

.text           0x08000000    0x11020
 CREATE_OBJECT_SYMBOLS
 *(.isr_vectors)
 .isr_vectors   0x08000000      0x1ac build/ST/STM32F746G-DISCO/target/gcc/isr.o
                0x08000000                g_pfnVectors
 *(.text .text.*)
 .text._ZN8touchgfx8Drawable11setPositionEssss
                0x080001ac       0x28 build/ST/STM32F746G-DISCO/gui/src/containers/AtdiBackground_Btns.o
                0x080001ac                touchgfx::Drawable::setPosition(short, short, short, short)
 .text._ZN8touchgfx8Drawable4setXEs
                0x080001d4        0x4 build/ST/STM32F746G-DISCO/gui/src/containers/AtdiBackground_Btns.o
                0x080001d4                touchgfx::Drawable::setX(short)
 .text._ZN8touchgfx8Drawable4setYEs
                0x080001d8        0x4 build/ST/STM32F746G-DISCO/gui/src/containers/AtdiBackground_Btns.o
                0x080001d8                touchgfx::Drawable::setY(short)
 .text._ZN8touchgfx8Drawable5setXYEss
                0x080001dc       0x1a build/ST/STM32F746G-DISCO/gui/src/containers/AtdiBackground_Btns.o
                0x080001dc                touchgfx::Drawable::setXY(short, short)
 .text._ZN8touchgfx8Drawable8setWidthEs
                0x080001f6        0x4 build/ST/STM32F746G-DISCO/gui/src/containers/AtdiBackground_Btns.o
                0x080001f6                touchgfx::Drawable::setWidth(short)
 .text._ZN8touchgfx8Drawable9setHeightEs
                0x080001fa        0x4 build/ST/STM32F746G-DISCO/gui/src/containers/AtdiBackground_Btns.o
                0x080001fa                touchgfx::Drawable::setHeight(short)
 .text._ZN8touchgfx8Drawable20childGeometryChangedEv
                0x080001fe        0x2 build/ST/STM32F746G-DISCO/gui/src/containers/AtdiBackground_Btns.o
                0x080001fe                touchgfx::Drawable::childGeometryChanged()
 .text._ZN8touchgfx8Drawable16handleClickEventERKNS_10ClickEventE
                0x08000200        0x2 build/ST/STM32F746G-DISCO/gui/src/containers/AtdiBackground_Btns.o
                0x08000200                touchgfx::Drawable::handleClickEvent(touchgfx::ClickEvent const&)
 .text._ZN8touchgfx8Drawable18handleGestureEventERKNS_12GestureEventE
                0x08000202        0x2 build/ST/STM32F746G-DISCO/gui/src/containers/AtdiBackground_Btns.o
                0x08000202                touchgfx::Drawable::handleGestureEvent(touchgfx::GestureEvent const&)
 .text._ZN8touchgfx8Drawable15handleDragEventERKNS_9DragEventE
                0x08000204        0x2 build/ST/STM32F746G-DISCO/gui/src/containers/AtdiBackground_Btns.o
                0x08000204                touchgfx::Drawable::handleDragEvent(touchgfx::DragEvent const&)
 .text._ZN8touchgfx8Drawable15handleTickEventEv
                0x08000206        0x2 build/ST/STM32F746G-DISCO/gui/src/containers/AtdiBackground_Btns.o
                0x08000206                touchgfx::Drawable::handleTickEvent()
 .text._ZN8touchgfx8Drawable6moveToEss
                0x08000208       0x18 build/ST/STM32F746G-DISCO/gui/src/containers/AtdiBackground_Btns.o
                0x08000208                touchgfx::Drawable::moveTo(short, short)
 .text._ZNK8touchgfx9Container7getTypeEv
                0x08000220        0x4 build/ST/STM32F746G-DISCO/gui/src/containers/AtdiBackground_Btns.o
                0x08000220                touchgfx::Container::getType() const
 .text._ZN13ModelListener14guiDataChangedEv
                0x08000224        0x2 build/ST/STM32F746G-DISCO/gui/src/main_screen/MainPresenter.o
                0x08000224                ModelListener::guiDataChanged()
 .text._ZN13MainPresenterD2Ev
                0x08000226        0x8 build/ST/STM32F746G-DISCO/gui/src/main_screen/MainPresenter.o
                0x08000226                MainPresenter::~MainPresenter()
                0x08000226                MainPresenter::~MainPresenter()
                0x08000228                non-virtual thunk to MainPresenter::~MainPresenter()
 .text._ZN13MainPresenter10deactivateEv
                0x0800022e        0x2 build/ST/STM32F746G-DISCO/gui/src/main_screen/MainPresenter.o
                0x0800022e                MainPresenter::activate()
                0x0800022e                MainPresenter::deactivate()
 .text._ZN13MainPresenterD0Ev
                0x08000230       0x14 build/ST/STM32F746G-DISCO/gui/src/main_screen/MainPresenter.o
                0x08000230                MainPresenter::~MainPresenter()
                0x0800023e                non-virtual thunk to MainPresenter::~MainPresenter()
 .text._ZN13MainPresenterC2ER8MainView
                0x08000244       0x1c build/ST/STM32F746G-DISCO/gui/src/main_screen/MainPresenter.o
                0x08000244                MainPresenter::MainPresenter(MainView&)
                0x08000244                MainPresenter::MainPresenter(MainView&)
 .text._ZN13MainPresenter12setRoomLightEb
                0x08000260        0x6 build/ST/STM32F746G-DISCO/gui/src/main_screen/MainPresenter.o
                0x08000260                MainPresenter::setRoomLight(bool)
 .text._ZN8touchgfx6Screen15afterTransitionEv
                0x08000266        0x2 build/ST/STM32F746G-DISCO/gui/src/main_screen/MainView.o
                0x08000266                touchgfx::Screen::afterTransition()
 .text._ZN8touchgfx6Screen15handleTickEventEv
                0x08000268        0x2 build/ST/STM32F746G-DISCO/gui/src/main_screen/MainView.o
                0x08000268                touchgfx::Screen::handleTickEvent()
 .text._ZN8touchgfx6Screen14handleKeyEventEh
                0x0800026a        0x2 build/ST/STM32F746G-DISCO/gui/src/main_screen/MainView.o
                0x0800026a                touchgfx::Screen::handleKeyEvent(unsigned char)
 .text._ZN8MainViewD2Ev
                0x0800026c        0x2 build/ST/STM32F746G-DISCO/gui/src/main_screen/MainView.o
                0x0800026c                MainView::~MainView()
                0x0800026c                MainView::~MainView()
 .text._ZN8MainView14tearDownScreenEv
                0x0800026e        0x2 build/ST/STM32F746G-DISCO/gui/src/main_screen/MainView.o
                0x0800026e                MainView::setupScreen()
                0x0800026e                MainView::tearDownScreen()
 .text._ZN8MainView15updateRoomLightEv
                0x08000270       0x14 build/ST/STM32F746G-DISCO/gui/src/main_screen/MainView.o
                0x08000270                MainView::updateRoomLight()
 .text._ZN8MainViewD0Ev
                0x08000284       0x10 build/ST/STM32F746G-DISCO/gui/src/main_screen/MainView.o
                0x08000284                MainView::~MainView()
 .text._ZN8MainViewC2Ev
                0x08000294       0x14 build/ST/STM32F746G-DISCO/gui/src/main_screen/MainView.o
                0x08000294                MainView::MainView()
                0x08000294                MainView::MainView()
 .text._ZN16screenCanbusViewD2Ev
                0x080002a8        0x2 build/ST/STM32F746G-DISCO/gui/src/screencanbus_screen/screenCanbusView.o
                0x080002a8                screenCanbusView::~screenCanbusView()
                0x080002a8                screenCanbusView::~screenCanbusView()
 .text._ZN16screenCanbusView14tearDownScreenEv
                0x080002aa        0x2 build/ST/STM32F746G-DISCO/gui/src/screencanbus_screen/screenCanbusView.o
                0x080002aa                screenCanbusView::tearDownScreen()
                0x080002aa                screenCanbusView::setupScreen()
 .text._ZN16screenCanbusViewD0Ev
                0x080002ac       0x10 build/ST/STM32F746G-DISCO/gui/src/screencanbus_screen/screenCanbusView.o
                0x080002ac                screenCanbusView::~screenCanbusView()
 .text._ZN16screenCanbusViewC2Ev
                0x080002bc       0x14 build/ST/STM32F746G-DISCO/gui/src/screencanbus_screen/screenCanbusView.o
                0x080002bc                screenCanbusView::screenCanbusView()
                0x080002bc                screenCanbusView::screenCanbusView()
 .text._ZN21screenCanbusPresenterD2Ev
                0x080002d0        0x8 build/ST/STM32F746G-DISCO/gui/src/screencanbus_screen/screenCanbusPresenter.o
                0x080002d0                screenCanbusPresenter::~screenCanbusPresenter()
                0x080002d0                screenCanbusPresenter::~screenCanbusPresenter()
                0x080002d2                non-virtual thunk to screenCanbusPresenter::~screenCanbusPresenter()
 .text._ZN21screenCanbusPresenter10deactivateEv
                0x080002d8        0x2 build/ST/STM32F746G-DISCO/gui/src/screencanbus_screen/screenCanbusPresenter.o
                0x080002d8                screenCanbusPresenter::activate()
                0x080002d8                screenCanbusPresenter::deactivate()
 .text._ZN21screenCanbusPresenterD0Ev
                0x080002da       0x14 build/ST/STM32F746G-DISCO/gui/src/screencanbus_screen/screenCanbusPresenter.o
                0x080002da                screenCanbusPresenter::~screenCanbusPresenter()
                0x080002e8                non-virtual thunk to screenCanbusPresenter::~screenCanbusPresenter()
 *fill*         0x080002ee        0x2 00000000
 .text._ZN21screenCanbusPresenterC2ER16screenCanbusView
                0x080002f0       0x1c build/ST/STM32F746G-DISCO/gui/src/screencanbus_screen/screenCanbusPresenter.o
                0x080002f0                screenCanbusPresenter::screenCanbusPresenter(screenCanbusView&)
                0x080002f0                screenCanbusPresenter::screenCanbusPresenter(screenCanbusView&)
 .text._ZN19screenMenuPresenterD2Ev
                0x0800030c        0x8 build/ST/STM32F746G-DISCO/gui/src/screenmenu_screen/screenMenuPresenter.o
                0x0800030c                screenMenuPresenter::~screenMenuPresenter()
                0x0800030c                screenMenuPresenter::~screenMenuPresenter()
                0x0800030e                non-virtual thunk to screenMenuPresenter::~screenMenuPresenter()
 .text._ZN19screenMenuPresenter10deactivateEv
                0x08000314        0x2 build/ST/STM32F746G-DISCO/gui/src/screenmenu_screen/screenMenuPresenter.o
                0x08000314                screenMenuPresenter::deactivate()
                0x08000314                screenMenuPresenter::activate()
 .text._ZN19screenMenuPresenterD0Ev
                0x08000316       0x14 build/ST/STM32F746G-DISCO/gui/src/screenmenu_screen/screenMenuPresenter.o
                0x08000316                screenMenuPresenter::~screenMenuPresenter()
                0x08000324                non-virtual thunk to screenMenuPresenter::~screenMenuPresenter()
 *fill*         0x0800032a        0x2 00000000
 .text._ZN19screenMenuPresenterC2ER14screenMenuView
                0x0800032c       0x1c build/ST/STM32F746G-DISCO/gui/src/screenmenu_screen/screenMenuPresenter.o
                0x0800032c                screenMenuPresenter::screenMenuPresenter(screenMenuView&)
                0x0800032c                screenMenuPresenter::screenMenuPresenter(screenMenuView&)
 .text._ZN14screenMenuViewD2Ev
                0x08000348        0x2 build/ST/STM32F746G-DISCO/gui/src/screenmenu_screen/screenMenuView.o
                0x08000348                screenMenuView::~screenMenuView()
                0x08000348                screenMenuView::~screenMenuView()
 .text._ZN14screenMenuView14tearDownScreenEv
                0x0800034a        0x2 build/ST/STM32F746G-DISCO/gui/src/screenmenu_screen/screenMenuView.o
                0x0800034a                screenMenuView::setupScreen()
                0x0800034a                screenMenuView::tearDownScreen()
 .text._ZN14screenMenuViewD0Ev
                0x0800034c       0x10 build/ST/STM32F746G-DISCO/gui/src/screenmenu_screen/screenMenuView.o
                0x0800034c                screenMenuView::~screenMenuView()
 .text._ZN14screenMenuViewC2Ev
                0x0800035c       0x14 build/ST/STM32F746G-DISCO/gui/src/screenmenu_screen/screenMenuView.o
                0x0800035c                screenMenuView::screenMenuView()
                0x0800035c                screenMenuView::screenMenuView()
 .text._ZN14screenZoneViewD2Ev
                0x08000370        0x2 build/ST/STM32F746G-DISCO/gui/src/screenzone_screen/screenZoneView.o
                0x08000370                screenZoneView::~screenZoneView()
                0x08000370                screenZoneView::~screenZoneView()
 .text._ZN14screenZoneView14tearDownScreenEv
                0x08000372        0x2 build/ST/STM32F746G-DISCO/gui/src/screenzone_screen/screenZoneView.o
                0x08000372                screenZoneView::tearDownScreen()
                0x08000372                screenZoneView::setupScreen()
 .text._ZN14screenZoneViewD0Ev
                0x08000374       0x10 build/ST/STM32F746G-DISCO/gui/src/screenzone_screen/screenZoneView.o
                0x08000374                screenZoneView::~screenZoneView()
 .text._ZN14screenZoneViewC2Ev
                0x08000384       0x14 build/ST/STM32F746G-DISCO/gui/src/screenzone_screen/screenZoneView.o
                0x08000384                screenZoneView::screenZoneView()
                0x08000384                screenZoneView::screenZoneView()
 .text._ZN19screenZonePresenterD2Ev
                0x08000398        0x8 build/ST/STM32F746G-DISCO/gui/src/screenzone_screen/screenZonePresenter.o
                0x08000398                screenZonePresenter::~screenZonePresenter()
                0x08000398                screenZonePresenter::~screenZonePresenter()
                0x0800039a                non-virtual thunk to screenZonePresenter::~screenZonePresenter()
 .text._ZN19screenZonePresenter10deactivateEv
                0x080003a0        0x2 build/ST/STM32F746G-DISCO/gui/src/screenzone_screen/screenZonePresenter.o
                0x080003a0                screenZonePresenter::deactivate()
                0x080003a0                screenZonePresenter::activate()
 .text._ZN19screenZonePresenterD0Ev
                0x080003a2       0x14 build/ST/STM32F746G-DISCO/gui/src/screenzone_screen/screenZonePresenter.o
                0x080003a2                screenZonePresenter::~screenZonePresenter()
                0x080003b0                non-virtual thunk to screenZonePresenter::~screenZonePresenter()
 *fill*         0x080003b6        0x2 00000000
 .text._ZN19screenZonePresenterC2ER14screenZoneView
                0x080003b8       0x1c build/ST/STM32F746G-DISCO/gui/src/screenzone_screen/screenZonePresenter.o
                0x080003b8                screenZonePresenter::screenZonePresenter(screenZoneView&)
                0x080003b8                screenZonePresenter::screenZonePresenter(screenZoneView&)
 .text._ZN21screenModbusPresenterD2Ev
                0x080003d4        0x8 build/ST/STM32F746G-DISCO/gui/src/screenmodbus_screen/screenModbusPresenter.o
                0x080003d4                screenModbusPresenter::~screenModbusPresenter()
                0x080003d4                screenModbusPresenter::~screenModbusPresenter()
                0x080003d6                non-virtual thunk to screenModbusPresenter::~screenModbusPresenter()
 .text._ZN21screenModbusPresenter10deactivateEv
                0x080003dc        0x2 build/ST/STM32F746G-DISCO/gui/src/screenmodbus_screen/screenModbusPresenter.o
                0x080003dc                screenModbusPresenter::deactivate()
                0x080003dc                screenModbusPresenter::activate()
 .text._ZN21screenModbusPresenterD0Ev
                0x080003de       0x14 build/ST/STM32F746G-DISCO/gui/src/screenmodbus_screen/screenModbusPresenter.o
                0x080003de                screenModbusPresenter::~screenModbusPresenter()
                0x080003ec                non-virtual thunk to screenModbusPresenter::~screenModbusPresenter()
 *fill*         0x080003f2        0x2 00000000
 .text._ZN21screenModbusPresenterC2ER16screenModbusView
                0x080003f4       0x1c build/ST/STM32F746G-DISCO/gui/src/screenmodbus_screen/screenModbusPresenter.o
                0x080003f4                screenModbusPresenter::screenModbusPresenter(screenModbusView&)
                0x080003f4                screenModbusPresenter::screenModbusPresenter(screenModbusView&)
 .text._ZN16screenModbusViewD2Ev
                0x08000410        0x2 build/ST/STM32F746G-DISCO/gui/src/screenmodbus_screen/screenModbusView.o
                0x08000410                screenModbusView::~screenModbusView()
                0x08000410                screenModbusView::~screenModbusView()
 .text._ZN16screenModbusView14tearDownScreenEv
                0x08000412        0x2 build/ST/STM32F746G-DISCO/gui/src/screenmodbus_screen/screenModbusView.o
                0x08000412                screenModbusView::setupScreen()
                0x08000412                screenModbusView::tearDownScreen()
 .text._ZN16screenModbusViewD0Ev
                0x08000414       0x10 build/ST/STM32F746G-DISCO/gui/src/screenmodbus_screen/screenModbusView.o
                0x08000414                screenModbusView::~screenModbusView()
 .text._ZN16screenModbusViewC2Ev
                0x08000424       0x14 build/ST/STM32F746G-DISCO/gui/src/screenmodbus_screen/screenModbusView.o
                0x08000424                screenModbusView::screenModbusView()
                0x08000424                screenModbusView::screenModbusView()
 .text._ZN5ModelC2Ev
                0x08000438       0x24 build/ST/STM32F746G-DISCO/gui/src/model/Model.o
                0x08000438                Model::Model()
                0x08000438                Model::Model()
 .text._ZN5Model18userSetTemperatureEm
                0x0800045c        0x4 build/ST/STM32F746G-DISCO/gui/src/model/Model.o
                0x0800045c                Model::userSetTemperature(unsigned long)
 .text._ZN5Model13getRandomTempEii
                0x08000460       0x22 build/ST/STM32F746G-DISCO/gui/src/model/Model.o
                0x08000460                Model::getRandomTemp(int, int)
 .text._ZN5Model22getReadRoomTemperatureEv
                0x08000482       0x10 build/ST/STM32F746G-DISCO/gui/src/model/Model.o
                0x08000482                Model::getReadRoomTemperature()
 *fill*         0x08000492        0x2 00000000
 .text._ZN5Model15updateRoomLightEv
                0x08000494       0x28 build/ST/STM32F746G-DISCO/gui/src/model/Model.o
                0x08000494                Model::updateRoomLight()
 .text._ZN5Model4tickEv
                0x080004bc       0x40 build/ST/STM32F746G-DISCO/gui/src/model/Model.o
                0x080004bc                Model::tick()
 .text._ZN5Model16userSetRoomLightEb
                0x080004fc        0x6 build/ST/STM32F746G-DISCO/gui/src/model/Model.o
                0x080004fc                Model::userSetRoomLight(bool)
 .text._ZN35screenIndustrialControllerPresenterD2Ev
                0x08000502        0x8 build/ST/STM32F746G-DISCO/gui/src/screenindustrialcontroller_screen/screenIndustrialControllerPresenter.o
                0x08000502                screenIndustrialControllerPresenter::~screenIndustrialControllerPresenter()
                0x08000502                screenIndustrialControllerPresenter::~screenIndustrialControllerPresenter()
                0x08000504                non-virtual thunk to screenIndustrialControllerPresenter::~screenIndustrialControllerPresenter()
 .text._ZN35screenIndustrialControllerPresenter10deactivateEv
                0x0800050a        0x2 build/ST/STM32F746G-DISCO/gui/src/screenindustrialcontroller_screen/screenIndustrialControllerPresenter.o
                0x0800050a                screenIndustrialControllerPresenter::activate()
                0x0800050a                screenIndustrialControllerPresenter::deactivate()
 .text._ZN35screenIndustrialControllerPresenterD0Ev
                0x0800050c       0x14 build/ST/STM32F746G-DISCO/gui/src/screenindustrialcontroller_screen/screenIndustrialControllerPresenter.o
                0x0800050c                screenIndustrialControllerPresenter::~screenIndustrialControllerPresenter()
                0x0800051a                non-virtual thunk to screenIndustrialControllerPresenter::~screenIndustrialControllerPresenter()
 .text._ZN35screenIndustrialControllerPresenterC2ER30screenIndustrialControllerView
                0x08000520       0x1c build/ST/STM32F746G-DISCO/gui/src/screenindustrialcontroller_screen/screenIndustrialControllerPresenter.o
                0x08000520                screenIndustrialControllerPresenter::screenIndustrialControllerPresenter(screenIndustrialControllerView&)
                0x08000520                screenIndustrialControllerPresenter::screenIndustrialControllerPresenter(screenIndustrialControllerView&)
 .text._ZN30screenIndustrialControllerViewD2Ev
                0x0800053c        0x2 build/ST/STM32F746G-DISCO/gui/src/screenindustrialcontroller_screen/screenIndustrialControllerView.o
                0x0800053c                screenIndustrialControllerView::~screenIndustrialControllerView()
                0x0800053c                screenIndustrialControllerView::~screenIndustrialControllerView()
 .text._ZN30screenIndustrialControllerView14tearDownScreenEv
                0x0800053e        0x2 build/ST/STM32F746G-DISCO/gui/src/screenindustrialcontroller_screen/screenIndustrialControllerView.o
                0x0800053e                screenIndustrialControllerView::setupScreen()
                0x0800053e                screenIndustrialControllerView::tearDownScreen()
 .text._ZN30screenIndustrialControllerViewD0Ev
                0x08000540       0x10 build/ST/STM32F746G-DISCO/gui/src/screenindustrialcontroller_screen/screenIndustrialControllerView.o
                0x08000540                screenIndustrialControllerView::~screenIndustrialControllerView()
 .text._ZN30screenIndustrialControllerViewC2Ev
                0x08000550       0x14 build/ST/STM32F746G-DISCO/gui/src/screenindustrialcontroller_screen/screenIndustrialControllerView.o
                0x08000550                screenIndustrialControllerView::screenIndustrialControllerView()
                0x08000550                screenIndustrialControllerView::screenIndustrialControllerView()
 .text._ZN8touchgfx11Application15appSwitchScreenEh
                0x08000564        0x2 build/ST/STM32F746G-DISCO/gui/src/common/FrontendApplication.o
                0x08000564                touchgfx::Application::appSwitchScreen(unsigned char)
 .text._ZN19FrontendApplicationD2Ev
                0x08000566        0x2 build/ST/STM32F746G-DISCO/gui/src/common/FrontendApplication.o
                0x08000566                FrontendApplication::~FrontendApplication()
                0x08000566                FrontendApplication::~FrontendApplication()
 .text._ZN19FrontendApplicationD0Ev
                0x08000568       0x10 build/ST/STM32F746G-DISCO/gui/src/common/FrontendApplication.o
                0x08000568                FrontendApplication::~FrontendApplication()
 .text._ZN19FrontendApplication15handleTickEventEv
                0x08000578       0x16 build/ST/STM32F746G-DISCO/gui/src/common/FrontendApplication.o
                0x08000578                FrontendApplication::handleTickEvent()
 .text._ZN8touchgfx14MVPApplication29handlePendingScreenTransitionEv
                0x0800058e       0x24 build/ST/STM32F746G-DISCO/gui/src/common/FrontendApplication.o
                0x0800058e                touchgfx::MVPApplication::handlePendingScreenTransition()
 *fill*         0x080005b2        0x2 00000000
 .text._ZN19FrontendApplicationC2ER5ModelR12FrontendHeap
                0x080005b4       0x14 build/ST/STM32F746G-DISCO/gui/src/common/FrontendApplication.o
                0x080005b4                FrontendApplication::FrontendApplication(Model&, FrontendHeap&)
                0x080005b4                FrontendApplication::FrontendApplication(Model&, FrontendHeap&)
 .text._ZN23SetTempControlPresenterD2Ev
                0x080005c8        0x8 build/ST/STM32F746G-DISCO/gui/src/settempcontrol_screen/SetTempControlPresenter.o
                0x080005c8                SetTempControlPresenter::~SetTempControlPresenter()
                0x080005c8                SetTempControlPresenter::~SetTempControlPresenter()
                0x080005ca                non-virtual thunk to SetTempControlPresenter::~SetTempControlPresenter()
 .text._ZN23SetTempControlPresenter10deactivateEv
                0x080005d0        0x2 build/ST/STM32F746G-DISCO/gui/src/settempcontrol_screen/SetTempControlPresenter.o
                0x080005d0                SetTempControlPresenter::deactivate()
 .text._ZN23SetTempControlPresenterD0Ev
                0x080005d2       0x14 build/ST/STM32F746G-DISCO/gui/src/settempcontrol_screen/SetTempControlPresenter.o
                0x080005d2                SetTempControlPresenter::~SetTempControlPresenter()
                0x080005e0                non-virtual thunk to SetTempControlPresenter::~SetTempControlPresenter()
 .text._ZN23SetTempControlPresenter8activateEv
                0x080005e6        0xa build/ST/STM32F746G-DISCO/gui/src/settempcontrol_screen/SetTempControlPresenter.o
                0x080005e6                SetTempControlPresenter::activate()
 .text._ZN23SetTempControlPresenterC2ER18SetTempControlView
                0x080005f0       0x1c build/ST/STM32F746G-DISCO/gui/src/settempcontrol_screen/SetTempControlPresenter.o
                0x080005f0                SetTempControlPresenter::SetTempControlPresenter(SetTempControlView&)
                0x080005f0                SetTempControlPresenter::SetTempControlPresenter(SetTempControlView&)
 .text._ZN23SetTempControlPresenter21userSetTemperatureAPPEm
                0x0800060c        0x6 build/ST/STM32F746G-DISCO/gui/src/settempcontrol_screen/SetTempControlPresenter.o
                0x0800060c                SetTempControlPresenter::userSetTemperatureAPP(unsigned long)
 .text._ZN23SetTempControlPresenter24setReadRoomTemperatureUIEv
                0x08000612       0x16 build/ST/STM32F746G-DISCO/gui/src/settempcontrol_screen/SetTempControlPresenter.o
                0x08000612                SetTempControlPresenter::setReadRoomTemperatureUI()
 .text._ZN23SetTempControlPresenter14guiDataChangedEv
                0x08000628       0x18 build/ST/STM32F746G-DISCO/gui/src/settempcontrol_screen/SetTempControlPresenter.o
                0x08000628                SetTempControlPresenter::guiDataChanged()
 .text._ZThn4_N23SetTempControlPresenter14guiDataChangedEv
                0x08000640        0x8 build/ST/STM32F746G-DISCO/gui/src/settempcontrol_screen/SetTempControlPresenter.o
                0x08000640                non-virtual thunk to SetTempControlPresenter::guiDataChanged()
 .text._ZN8touchgfx6Screen11setupScreenEv
                0x08000648        0x2 build/ST/STM32F746G-DISCO/gui/src/settempcontrol_screen/SetTempControlView.o
                0x08000648                touchgfx::Screen::setupScreen()
 .text._ZN8touchgfx6Screen14tearDownScreenEv
                0x0800064a        0x2 build/ST/STM32F746G-DISCO/gui/src/settempcontrol_screen/SetTempControlView.o
                0x0800064a                touchgfx::Screen::tearDownScreen()
 .text._ZN22SetTempControlViewBase11sliderMovedEi
                0x0800064c        0x2 build/ST/STM32F746G-DISCO/gui/src/settempcontrol_screen/SetTempControlView.o
                0x0800064c                SetTempControlViewBase::sliderMoved(int)
 .text._ZN22SetTempControlViewBase16setReadTempColorEi
                0x0800064e        0x2 build/ST/STM32F746G-DISCO/gui/src/settempcontrol_screen/SetTempControlView.o
                0x0800064e                SetTempControlViewBase::setReadTempColor(int)
 .text._ZN18SetTempControlView14tearDownScreenEv
                0x08000650        0x2 build/ST/STM32F746G-DISCO/gui/src/settempcontrol_screen/SetTempControlView.o
                0x08000650                SetTempControlView::setupScreen()
                0x08000650                SetTempControlView::tearDownScreen()
 *fill*         0x08000652        0x2 00000000
 .text._ZN18SetTempControlView11sliderMovedEi
                0x08000654       0x2c build/ST/STM32F746G-DISCO/gui/src/settempcontrol_screen/SetTempControlView.o
                0x08000654                SetTempControlView::sliderMoved(int)
 .text._ZN18SetTempControlView16setReadTempColorEi
                0x08000680       0x38 build/ST/STM32F746G-DISCO/gui/src/settempcontrol_screen/SetTempControlView.o
                0x08000680                SetTempControlView::setReadTempColor(int)
 .text._ZN18SetTempControlViewC2Ev
                0x080006b8       0x14 build/ST/STM32F746G-DISCO/gui/src/settempcontrol_screen/SetTempControlView.o
                0x080006b8                SetTempControlView::SetTempControlView()
                0x080006b8                SetTempControlView::SetTempControlView()
 .text._ZN18SetTempControlView20updateReadRoomTempUIEm
                0x080006cc       0x30 build/ST/STM32F746G-DISCO/gui/src/settempcontrol_screen/SetTempControlView.o
                0x080006cc                SetTempControlView::updateReadRoomTempUI(unsigned long)
 .text._ZN18SetTempControlView16updateRoomTempUIEm
                0x080006fc       0x2c build/ST/STM32F746G-DISCO/gui/src/settempcontrol_screen/SetTempControlView.o
                0x080006fc                SetTempControlView::updateRoomTempUI(unsigned long)
 .text._ZN22SetTempControlViewBaseD2Ev
                0x08000728       0x18 build/ST/STM32F746G-DISCO/gui/src/settempcontrol_screen/SetTempControlView.o
                0x08000728                SetTempControlViewBase::~SetTempControlViewBase()
                0x08000728                SetTempControlViewBase::~SetTempControlViewBase()
 .text._ZN22SetTempControlViewBaseD0Ev
                0x08000740       0x16 build/ST/STM32F746G-DISCO/gui/src/settempcontrol_screen/SetTempControlView.o
                0x08000740                SetTempControlViewBase::~SetTempControlViewBase()
 *fill*         0x08000756        0x2 00000000
 .text._ZN18SetTempControlViewD2Ev
                0x08000758       0x14 build/ST/STM32F746G-DISCO/gui/src/settempcontrol_screen/SetTempControlView.o
                0x08000758                SetTempControlView::~SetTempControlView()
                0x08000758                SetTempControlView::~SetTempControlView()
 .text._ZN18SetTempControlViewD0Ev
                0x0800076c       0x16 build/ST/STM32F746G-DISCO/gui/src/settempcontrol_screen/SetTempControlView.o
                0x0800076c                SetTempControlView::~SetTempControlView()
 .text._ZN8touchgfx8Drawable14setupDrawChainERKNS_4RectEPPS0_
                0x08000782       0x12 build/ST/STM32F746G-DISCO/generated/gui_generated/src/containers/AtdiBackground_BtnsBase.o
                0x08000782                touchgfx::Drawable::setupDrawChain(touchgfx::Rect const&, touchgfx::Drawable**)
 .text._ZN8touchgfx6Widget12getLastChildEssPPNS_8DrawableE
                0x08000794       0x10 build/ST/STM32F746G-DISCO/generated/gui_generated/src/containers/AtdiBackground_BtnsBase.o
                0x08000794                touchgfx::Widget::getLastChild(short, short, touchgfx::Drawable**)
 .text._ZN8touchgfx8DrawableC2Ev
                0x080007a4       0x2c build/ST/STM32F746G-DISCO/generated/gui_generated/src/containers/AtdiBackground_BtnsBase.o
                0x080007a4                touchgfx::Drawable::Drawable()
                0x080007a4                touchgfx::Drawable::Drawable()
 .text._ZN12MainViewBaseD2Ev
                0x080007d0        0x2 build/ST/STM32F746G-DISCO/generated/gui_generated/src/main_screen/MainViewBase.o
                0x080007d0                MainViewBase::~MainViewBase()
                0x080007d0                MainViewBase::~MainViewBase()
 .text._ZN12MainViewBase15updateRoomLightEv
                0x080007d2        0x2 build/ST/STM32F746G-DISCO/generated/gui_generated/src/main_screen/MainViewBase.o
                0x080007d2                MainViewBase::updateRoomLight()
 .text._ZN8touchgfx8CallbackI12MainViewBaseRKNS_14AbstractButtonEvED2Ev
                0x080007d4        0x2 build/ST/STM32F746G-DISCO/generated/gui_generated/src/main_screen/MainViewBase.o
                0x080007d4                touchgfx::Callback<MainViewBase, touchgfx::AbstractButton const&, void>::~Callback()
                0x080007d4                touchgfx::Callback<MainViewBase, touchgfx::AbstractButton const&, void>::~Callback()
 .text._ZN8touchgfx8CallbackI12MainViewBaseRKNS_14AbstractButtonEvE7executeES4_
                0x080007d6       0x20 build/ST/STM32F746G-DISCO/generated/gui_generated/src/main_screen/MainViewBase.o
                0x080007d6                touchgfx::Callback<MainViewBase, touchgfx::AbstractButton const&, void>::execute(touchgfx::AbstractButton const&)
 .text._ZNK8touchgfx8CallbackI12MainViewBaseRKNS_14AbstractButtonEvE7isValidEv
                0x080007f6       0x18 build/ST/STM32F746G-DISCO/generated/gui_generated/src/main_screen/MainViewBase.o
                0x080007f6                touchgfx::Callback<MainViewBase, touchgfx::AbstractButton const&, void>::isValid() const
 .text._ZN12MainViewBaseD0Ev
                0x0800080e       0x10 build/ST/STM32F746G-DISCO/generated/gui_generated/src/main_screen/MainViewBase.o
                0x0800080e                MainViewBase::~MainViewBase()
 .text._ZN8touchgfx8CallbackI12MainViewBaseRKNS_14AbstractButtonEvED0Ev
                0x0800081e        0xe build/ST/STM32F746G-DISCO/generated/gui_generated/src/main_screen/MainViewBase.o
                0x0800081e                touchgfx::Callback<MainViewBase, touchgfx::AbstractButton const&, void>::~Callback()
 .text._ZN12MainViewBase21buttonCallbackHandlerERKN8touchgfx14AbstractButtonE
                0x0800082c       0x56 build/ST/STM32F746G-DISCO/generated/gui_generated/src/main_screen/MainViewBase.o
                0x0800082c                MainViewBase::buttonCallbackHandler(touchgfx::AbstractButton const&)
 *fill*         0x08000882        0x2 00000000
 .text._ZN8touchgfx5ImageC2ERKNS_6BitmapE
                0x08000884       0x28 build/ST/STM32F746G-DISCO/generated/gui_generated/src/main_screen/MainViewBase.o
                0x08000884                touchgfx::Image::Image(touchgfx::Bitmap const&)
                0x08000884                touchgfx::Image::Image(touchgfx::Bitmap const&)
 .text._ZN12MainViewBaseC2Ev
                0x080008ac      0x2d0 build/ST/STM32F746G-DISCO/generated/gui_generated/src/main_screen/MainViewBase.o
                0x080008ac                MainViewBase::MainViewBase()
                0x080008ac                MainViewBase::MainViewBase()
 .text._ZN20screenCanbusViewBaseD2Ev
                0x08000b7c        0x2 build/ST/STM32F746G-DISCO/generated/gui_generated/src/screencanbus_screen/screenCanbusViewBase.o
                0x08000b7c                screenCanbusViewBase::~screenCanbusViewBase()
                0x08000b7c                screenCanbusViewBase::~screenCanbusViewBase()
 .text._ZN8touchgfx8CallbackI20screenCanbusViewBaseRKNS_14AbstractButtonEvED2Ev
                0x08000b7e        0x2 build/ST/STM32F746G-DISCO/generated/gui_generated/src/screencanbus_screen/screenCanbusViewBase.o
                0x08000b7e                touchgfx::Callback<screenCanbusViewBase, touchgfx::AbstractButton const&, void>::~Callback()
                0x08000b7e                touchgfx::Callback<screenCanbusViewBase, touchgfx::AbstractButton const&, void>::~Callback()
 .text._ZN8touchgfx8CallbackI20screenCanbusViewBaseRKNS_14AbstractButtonEvE7executeES4_
                0x08000b80       0x20 build/ST/STM32F746G-DISCO/generated/gui_generated/src/screencanbus_screen/screenCanbusViewBase.o
                0x08000b80                touchgfx::Callback<screenCanbusViewBase, touchgfx::AbstractButton const&, void>::execute(touchgfx::AbstractButton const&)
 .text._ZNK8touchgfx8CallbackI20screenCanbusViewBaseRKNS_14AbstractButtonEvE7isValidEv
                0x08000ba0       0x18 build/ST/STM32F746G-DISCO/generated/gui_generated/src/screencanbus_screen/screenCanbusViewBase.o
                0x08000ba0                touchgfx::Callback<screenCanbusViewBase, touchgfx::AbstractButton const&, void>::isValid() const
 .text._ZN20screenCanbusViewBaseD0Ev
                0x08000bb8       0x10 build/ST/STM32F746G-DISCO/generated/gui_generated/src/screencanbus_screen/screenCanbusViewBase.o
                0x08000bb8                screenCanbusViewBase::~screenCanbusViewBase()
 .text._ZN8touchgfx8CallbackI20screenCanbusViewBaseRKNS_14AbstractButtonEvED0Ev
                0x08000bc8        0xe build/ST/STM32F746G-DISCO/generated/gui_generated/src/screencanbus_screen/screenCanbusViewBase.o
                0x08000bc8                touchgfx::Callback<screenCanbusViewBase, touchgfx::AbstractButton const&, void>::~Callback()
 .text._ZN20screenCanbusViewBase21buttonCallbackHandlerERKN8touchgfx14AbstractButtonE
                0x08000bd6       0x2a build/ST/STM32F746G-DISCO/generated/gui_generated/src/screencanbus_screen/screenCanbusViewBase.o
                0x08000bd6                screenCanbusViewBase::buttonCallbackHandler(touchgfx::AbstractButton const&)
 .text._ZN20screenCanbusViewBaseC2Ev
                0x08000c00      0x2a8 build/ST/STM32F746G-DISCO/generated/gui_generated/src/screencanbus_screen/screenCanbusViewBase.o
                0x08000c00                screenCanbusViewBase::screenCanbusViewBase()
                0x08000c00                screenCanbusViewBase::screenCanbusViewBase()
 .text._ZN18screenMenuViewBaseD2Ev
                0x08000ea8        0x2 build/ST/STM32F746G-DISCO/generated/gui_generated/src/screenmenu_screen/screenMenuViewBase.o
                0x08000ea8                screenMenuViewBase::~screenMenuViewBase()
                0x08000ea8                screenMenuViewBase::~screenMenuViewBase()
 .text._ZN8touchgfx8CallbackI18screenMenuViewBaseRKNS_14AbstractButtonEvED2Ev
                0x08000eaa        0x2 build/ST/STM32F746G-DISCO/generated/gui_generated/src/screenmenu_screen/screenMenuViewBase.o
                0x08000eaa                touchgfx::Callback<screenMenuViewBase, touchgfx::AbstractButton const&, void>::~Callback()
                0x08000eaa                touchgfx::Callback<screenMenuViewBase, touchgfx::AbstractButton const&, void>::~Callback()
 .text._ZN8touchgfx8CallbackI18screenMenuViewBaseRKNS_14AbstractButtonEvE7executeES4_
                0x08000eac       0x20 build/ST/STM32F746G-DISCO/generated/gui_generated/src/screenmenu_screen/screenMenuViewBase.o
                0x08000eac                touchgfx::Callback<screenMenuViewBase, touchgfx::AbstractButton const&, void>::execute(touchgfx::AbstractButton const&)
 .text._ZNK8touchgfx8CallbackI18screenMenuViewBaseRKNS_14AbstractButtonEvE7isValidEv
                0x08000ecc       0x18 build/ST/STM32F746G-DISCO/generated/gui_generated/src/screenmenu_screen/screenMenuViewBase.o
                0x08000ecc                touchgfx::Callback<screenMenuViewBase, touchgfx::AbstractButton const&, void>::isValid() const
 .text._ZN18screenMenuViewBaseD0Ev
                0x08000ee4       0x10 build/ST/STM32F746G-DISCO/generated/gui_generated/src/screenmenu_screen/screenMenuViewBase.o
                0x08000ee4                screenMenuViewBase::~screenMenuViewBase()
 .text._ZN8touchgfx8CallbackI18screenMenuViewBaseRKNS_14AbstractButtonEvED0Ev
                0x08000ef4        0xe build/ST/STM32F746G-DISCO/generated/gui_generated/src/screenmenu_screen/screenMenuViewBase.o
                0x08000ef4                touchgfx::Callback<screenMenuViewBase, touchgfx::AbstractButton const&, void>::~Callback()
 .text._ZN18screenMenuViewBase21buttonCallbackHandlerERKN8touchgfx14AbstractButtonE
                0x08000f02       0x68 build/ST/STM32F746G-DISCO/generated/gui_generated/src/screenmenu_screen/screenMenuViewBase.o
                0x08000f02                screenMenuViewBase::buttonCallbackHandler(touchgfx::AbstractButton const&)
 *fill*         0x08000f6a        0x2 00000000
 .text._ZN8touchgfx6ButtonC2Ev
                0x08000f6c       0x40 build/ST/STM32F746G-DISCO/generated/gui_generated/src/screenmenu_screen/screenMenuViewBase.o
                0x08000f6c                touchgfx::Button::Button()
                0x08000f6c                touchgfx::Button::Button()
 .text._ZNK8touchgfx9TypedText11assertValidEv
                0x08000fac       0x40 build/ST/STM32F746G-DISCO/generated/gui_generated/src/screenmenu_screen/screenMenuViewBase.o
                0x08000fac                touchgfx::TypedText::assertValid() const
 .text._ZN8touchgfx15ButtonWithLabel18updateTextPositionEv
                0x08000fec       0x68 build/ST/STM32F746G-DISCO/generated/gui_generated/src/screenmenu_screen/screenMenuViewBase.o
                0x08000fec                touchgfx::ButtonWithLabel::updateTextPosition()
 .text._ZN18screenMenuViewBaseC2Ev
                0x08001054      0x314 build/ST/STM32F746G-DISCO/generated/gui_generated/src/screenmenu_screen/screenMenuViewBase.o
                0x08001054                screenMenuViewBase::screenMenuViewBase()
                0x08001054                screenMenuViewBase::screenMenuViewBase()
 .text._ZN18screenZoneViewBaseD2Ev
                0x08001368        0x2 build/ST/STM32F746G-DISCO/generated/gui_generated/src/screenzone_screen/screenZoneViewBase.o
                0x08001368                screenZoneViewBase::~screenZoneViewBase()
                0x08001368                screenZoneViewBase::~screenZoneViewBase()
 .text._ZN8touchgfx8CallbackI18screenZoneViewBaseRKNS_14AbstractButtonEvED2Ev
                0x0800136a        0x2 build/ST/STM32F746G-DISCO/generated/gui_generated/src/screenzone_screen/screenZoneViewBase.o
                0x0800136a                touchgfx::Callback<screenZoneViewBase, touchgfx::AbstractButton const&, void>::~Callback()
                0x0800136a                touchgfx::Callback<screenZoneViewBase, touchgfx::AbstractButton const&, void>::~Callback()
 .text._ZN8touchgfx8CallbackI18screenZoneViewBaseRKNS_14AbstractButtonEvE7executeES4_
                0x0800136c       0x20 build/ST/STM32F746G-DISCO/generated/gui_generated/src/screenzone_screen/screenZoneViewBase.o
                0x0800136c                touchgfx::Callback<screenZoneViewBase, touchgfx::AbstractButton const&, void>::execute(touchgfx::AbstractButton const&)
 .text._ZNK8touchgfx8CallbackI18screenZoneViewBaseRKNS_14AbstractButtonEvE7isValidEv
                0x0800138c       0x18 build/ST/STM32F746G-DISCO/generated/gui_generated/src/screenzone_screen/screenZoneViewBase.o
                0x0800138c                touchgfx::Callback<screenZoneViewBase, touchgfx::AbstractButton const&, void>::isValid() const
 .text._ZN18screenZoneViewBaseD0Ev
                0x080013a4       0x10 build/ST/STM32F746G-DISCO/generated/gui_generated/src/screenzone_screen/screenZoneViewBase.o
                0x080013a4                screenZoneViewBase::~screenZoneViewBase()
 .text._ZN8touchgfx8CallbackI18screenZoneViewBaseRKNS_14AbstractButtonEvED0Ev
                0x080013b4        0xe build/ST/STM32F746G-DISCO/generated/gui_generated/src/screenzone_screen/screenZoneViewBase.o
                0x080013b4                touchgfx::Callback<screenZoneViewBase, touchgfx::AbstractButton const&, void>::~Callback()
 .text._ZN18screenZoneViewBase21buttonCallbackHandlerERKN8touchgfx14AbstractButtonE
                0x080013c2       0x2a build/ST/STM32F746G-DISCO/generated/gui_generated/src/screenzone_screen/screenZoneViewBase.o
                0x080013c2                screenZoneViewBase::buttonCallbackHandler(touchgfx::AbstractButton const&)
 .text._ZN18screenZoneViewBaseC2Ev
                0x080013ec      0x2ac build/ST/STM32F746G-DISCO/generated/gui_generated/src/screenzone_screen/screenZoneViewBase.o
                0x080013ec                screenZoneViewBase::screenZoneViewBase()
                0x080013ec                screenZoneViewBase::screenZoneViewBase()
 .text._ZN20screenModbusViewBaseD2Ev
                0x08001698        0x2 build/ST/STM32F746G-DISCO/generated/gui_generated/src/screenmodbus_screen/screenModbusViewBase.o
                0x08001698                screenModbusViewBase::~screenModbusViewBase()
                0x08001698                screenModbusViewBase::~screenModbusViewBase()
 .text._ZN8touchgfx8CallbackI20screenModbusViewBaseRKNS_14AbstractButtonEvED2Ev
                0x0800169a        0x2 build/ST/STM32F746G-DISCO/generated/gui_generated/src/screenmodbus_screen/screenModbusViewBase.o
                0x0800169a                touchgfx::Callback<screenModbusViewBase, touchgfx::AbstractButton const&, void>::~Callback()
                0x0800169a                touchgfx::Callback<screenModbusViewBase, touchgfx::AbstractButton const&, void>::~Callback()
 .text._ZN8touchgfx8CallbackI20screenModbusViewBaseRKNS_14AbstractButtonEvE7executeES4_
                0x0800169c       0x20 build/ST/STM32F746G-DISCO/generated/gui_generated/src/screenmodbus_screen/screenModbusViewBase.o
                0x0800169c                touchgfx::Callback<screenModbusViewBase, touchgfx::AbstractButton const&, void>::execute(touchgfx::AbstractButton const&)
 .text._ZNK8touchgfx8CallbackI20screenModbusViewBaseRKNS_14AbstractButtonEvE7isValidEv
                0x080016bc       0x18 build/ST/STM32F746G-DISCO/generated/gui_generated/src/screenmodbus_screen/screenModbusViewBase.o
                0x080016bc                touchgfx::Callback<screenModbusViewBase, touchgfx::AbstractButton const&, void>::isValid() const
 .text._ZN20screenModbusViewBaseD0Ev
                0x080016d4       0x10 build/ST/STM32F746G-DISCO/generated/gui_generated/src/screenmodbus_screen/screenModbusViewBase.o
                0x080016d4                screenModbusViewBase::~screenModbusViewBase()
 .text._ZN8touchgfx8CallbackI20screenModbusViewBaseRKNS_14AbstractButtonEvED0Ev
                0x080016e4        0xe build/ST/STM32F746G-DISCO/generated/gui_generated/src/screenmodbus_screen/screenModbusViewBase.o
                0x080016e4                touchgfx::Callback<screenModbusViewBase, touchgfx::AbstractButton const&, void>::~Callback()
 .text._ZN20screenModbusViewBase21buttonCallbackHandlerERKN8touchgfx14AbstractButtonE
                0x080016f2       0x20 build/ST/STM32F746G-DISCO/generated/gui_generated/src/screenmodbus_screen/screenModbusViewBase.o
                0x080016f2                screenModbusViewBase::buttonCallbackHandler(touchgfx::AbstractButton const&)
 *fill*         0x08001712        0x2 00000000
 .text._ZN20screenModbusViewBaseC2Ev
                0x08001714      0x2b0 build/ST/STM32F746G-DISCO/generated/gui_generated/src/screenmodbus_screen/screenModbusViewBase.o
                0x08001714                screenModbusViewBase::screenModbusViewBase()
                0x08001714                screenModbusViewBase::screenModbusViewBase()
 .text._ZN34screenIndustrialControllerViewBaseD2Ev
                0x080019c4        0x2 build/ST/STM32F746G-DISCO/generated/gui_generated/src/screenindustrialcontroller_screen/screenIndustrialControllerViewBase.o
                0x080019c4                screenIndustrialControllerViewBase::~screenIndustrialControllerViewBase()
                0x080019c4                screenIndustrialControllerViewBase::~screenIndustrialControllerViewBase()
 .text._ZN8touchgfx8CallbackI34screenIndustrialControllerViewBaseRKNS_14AbstractButtonEvED2Ev
                0x080019c6        0x2 build/ST/STM32F746G-DISCO/generated/gui_generated/src/screenindustrialcontroller_screen/screenIndustrialControllerViewBase.o
                0x080019c6                touchgfx::Callback<screenIndustrialControllerViewBase, touchgfx::AbstractButton const&, void>::~Callback()
                0x080019c6                touchgfx::Callback<screenIndustrialControllerViewBase, touchgfx::AbstractButton const&, void>::~Callback()
 .text._ZN8touchgfx8CallbackI34screenIndustrialControllerViewBaseRKNS_14AbstractButtonEvE7executeES4_
                0x080019c8       0x20 build/ST/STM32F746G-DISCO/generated/gui_generated/src/screenindustrialcontroller_screen/screenIndustrialControllerViewBase.o
                0x080019c8                touchgfx::Callback<screenIndustrialControllerViewBase, touchgfx::AbstractButton const&, void>::execute(touchgfx::AbstractButton const&)
 .text._ZNK8touchgfx8CallbackI34screenIndustrialControllerViewBaseRKNS_14AbstractButtonEvE7isValidEv
                0x080019e8       0x18 build/ST/STM32F746G-DISCO/generated/gui_generated/src/screenindustrialcontroller_screen/screenIndustrialControllerViewBase.o
                0x080019e8                touchgfx::Callback<screenIndustrialControllerViewBase, touchgfx::AbstractButton const&, void>::isValid() const
 .text._ZN34screenIndustrialControllerViewBaseD0Ev
                0x08001a00       0x10 build/ST/STM32F746G-DISCO/generated/gui_generated/src/screenindustrialcontroller_screen/screenIndustrialControllerViewBase.o
                0x08001a00                screenIndustrialControllerViewBase::~screenIndustrialControllerViewBase()
 .text._ZN8touchgfx8CallbackI34screenIndustrialControllerViewBaseRKNS_14AbstractButtonEvED0Ev
                0x08001a10        0xe build/ST/STM32F746G-DISCO/generated/gui_generated/src/screenindustrialcontroller_screen/screenIndustrialControllerViewBase.o
                0x08001a10                touchgfx::Callback<screenIndustrialControllerViewBase, touchgfx::AbstractButton const&, void>::~Callback()
 .text._ZN34screenIndustrialControllerViewBase21buttonCallbackHandlerERKN8touchgfx14AbstractButtonE
                0x08001a1e       0x1e build/ST/STM32F746G-DISCO/generated/gui_generated/src/screenindustrialcontroller_screen/screenIndustrialControllerViewBase.o
                0x08001a1e                screenIndustrialControllerViewBase::buttonCallbackHandler(touchgfx::AbstractButton const&)
 .text._ZN34screenIndustrialControllerViewBaseC2Ev
                0x08001a3c      0x2ac build/ST/STM32F746G-DISCO/generated/gui_generated/src/screenindustrialcontroller_screen/screenIndustrialControllerViewBase.o
                0x08001a3c                screenIndustrialControllerViewBase::screenIndustrialControllerViewBase()
                0x08001a3c                screenIndustrialControllerViewBase::screenIndustrialControllerViewBase()
 .text._ZN8touchgfx10Transition8tearDownEv
                0x08001ce8        0x2 build/ST/STM32F746G-DISCO/generated/gui_generated/src/common/FrontendApplicationBase.o
                0x08001ce8                touchgfx::Transition::tearDown()
 .text._ZN8touchgfx10Transition4initEv
                0x08001cea        0x2 build/ST/STM32F746G-DISCO/generated/gui_generated/src/common/FrontendApplicationBase.o
                0x08001cea                touchgfx::Transition::init()
 .text._ZN8touchgfx10Transition18setScreenContainerERNS_9ContainerE
                0x08001cec        0x4 build/ST/STM32F746G-DISCO/generated/gui_generated/src/common/FrontendApplicationBase.o
                0x08001cec                touchgfx::Transition::setScreenContainer(touchgfx::Container&)
 .text._ZN23FrontendApplicationBaseD2Ev
                0x08001cf0        0x2 build/ST/STM32F746G-DISCO/generated/gui_generated/src/common/FrontendApplicationBase.o
                0x08001cf0                FrontendApplicationBase::~FrontendApplicationBase()
                0x08001cf0                FrontendApplicationBase::~FrontendApplicationBase()
 .text._ZN8touchgfx12NoTransitionD2Ev
                0x08001cf2        0x2 build/ST/STM32F746G-DISCO/generated/gui_generated/src/common/FrontendApplicationBase.o
                0x08001cf2                touchgfx::NoTransition::~NoTransition()
                0x08001cf2                touchgfx::NoTransition::~NoTransition()
 .text._ZN8touchgfx12NoTransition15handleTickEventEv
                0x08001cf4        0x6 build/ST/STM32F746G-DISCO/generated/gui_generated/src/common/FrontendApplicationBase.o
                0x08001cf4                touchgfx::NoTransition::handleTickEvent()
 .text._ZN8touchgfx8CallbackINS_15SlideTransitionILNS_9DirectionE3EEERNS_8DrawableEvED2Ev
                0x08001cfa        0x2 build/ST/STM32F746G-DISCO/generated/gui_generated/src/common/FrontendApplicationBase.o
                0x08001cfa                touchgfx::Callback<touchgfx::SlideTransition<(touchgfx::Direction)3>, touchgfx::Drawable&, void>::~Callback()
                0x08001cfa                touchgfx::Callback<touchgfx::SlideTransition<(touchgfx::Direction)3>, touchgfx::Drawable&, void>::~Callback()
 .text._ZN8touchgfx8CallbackINS_15SlideTransitionILNS_9DirectionE2EEERNS_8DrawableEvED2Ev
                0x08001cfc        0x2 build/ST/STM32F746G-DISCO/generated/gui_generated/src/common/FrontendApplicationBase.o
                0x08001cfc                touchgfx::Callback<touchgfx::SlideTransition<(touchgfx::Direction)2>, touchgfx::Drawable&, void>::~Callback()
                0x08001cfc                touchgfx::Callback<touchgfx::SlideTransition<(touchgfx::Direction)2>, touchgfx::Drawable&, void>::~Callback()
 .text._ZN8touchgfx8CallbackI23FrontendApplicationBasevvED2Ev
                0x08001cfe        0x2 build/ST/STM32F746G-DISCO/generated/gui_generated/src/common/FrontendApplicationBase.o
                0x08001cfe                touchgfx::Callback<FrontendApplicationBase, void, void>::~Callback()
                0x08001cfe                touchgfx::Callback<FrontendApplicationBase, void, void>::~Callback()
 .text._ZN8touchgfx8CallbackINS_15SlideTransitionILNS_9DirectionE3EEERNS_8DrawableEvE7executeES5_
                0x08001d00       0x20 build/ST/STM32F746G-DISCO/generated/gui_generated/src/common/FrontendApplicationBase.o
                0x08001d00                touchgfx::Callback<touchgfx::SlideTransition<(touchgfx::Direction)3>, touchgfx::Drawable&, void>::execute(touchgfx::Drawable&)
 .text._ZNK8touchgfx8CallbackINS_15SlideTransitionILNS_9DirectionE3EEERNS_8DrawableEvE7isValidEv
                0x08001d20       0x18 build/ST/STM32F746G-DISCO/generated/gui_generated/src/common/FrontendApplicationBase.o
                0x08001d20                touchgfx::Callback<touchgfx::SlideTransition<(touchgfx::Direction)3>, touchgfx::Drawable&, void>::isValid() const
 .text._ZN8touchgfx8CallbackINS_15SlideTransitionILNS_9DirectionE2EEERNS_8DrawableEvE7executeES5_
                0x08001d38       0x20 build/ST/STM32F746G-DISCO/generated/gui_generated/src/common/FrontendApplicationBase.o
                0x08001d38                touchgfx::Callback<touchgfx::SlideTransition<(touchgfx::Direction)2>, touchgfx::Drawable&, void>::execute(touchgfx::Drawable&)
 .text._ZNK8touchgfx8CallbackINS_15SlideTransitionILNS_9DirectionE2EEERNS_8DrawableEvE7isValidEv
                0x08001d58       0x18 build/ST/STM32F746G-DISCO/generated/gui_generated/src/common/FrontendApplicationBase.o
                0x08001d58                touchgfx::Callback<touchgfx::SlideTransition<(touchgfx::Direction)2>, touchgfx::Drawable&, void>::isValid() const
 .text._ZN8touchgfx8CallbackI23FrontendApplicationBasevvE7executeEv
                0x08001d70       0x1a build/ST/STM32F746G-DISCO/generated/gui_generated/src/common/FrontendApplicationBase.o
                0x08001d70                touchgfx::Callback<FrontendApplicationBase, void, void>::execute()
 .text._ZNK8touchgfx8CallbackI23FrontendApplicationBasevvE7isValidEv
                0x08001d8a       0x18 build/ST/STM32F746G-DISCO/generated/gui_generated/src/common/FrontendApplicationBase.o
                0x08001d8a                touchgfx::Callback<FrontendApplicationBase, void, void>::isValid() const
 .text._ZN8touchgfx12NoTransitionD0Ev
                0x08001da2        0xe build/ST/STM32F746G-DISCO/generated/gui_generated/src/common/FrontendApplicationBase.o
                0x08001da2                touchgfx::NoTransition::~NoTransition()
 .text._ZN23FrontendApplicationBaseD0Ev
                0x08001db0       0x10 build/ST/STM32F746G-DISCO/generated/gui_generated/src/common/FrontendApplicationBase.o
                0x08001db0                FrontendApplicationBase::~FrontendApplicationBase()
 .text._ZN8touchgfx8CallbackI23FrontendApplicationBasevvED0Ev
                0x08001dc0        0xe build/ST/STM32F746G-DISCO/generated/gui_generated/src/common/FrontendApplicationBase.o
                0x08001dc0                touchgfx::Callback<FrontendApplicationBase, void, void>::~Callback()
 .text._ZN8touchgfx8CallbackINS_15SlideTransitionILNS_9DirectionE3EEERNS_8DrawableEvED0Ev
                0x08001dce        0xe build/ST/STM32F746G-DISCO/generated/gui_generated/src/common/FrontendApplicationBase.o
                0x08001dce                touchgfx::Callback<touchgfx::SlideTransition<(touchgfx::Direction)3>, touchgfx::Drawable&, void>::~Callback()
 .text._ZN8touchgfx8CallbackINS_15SlideTransitionILNS_9DirectionE2EEERNS_8DrawableEvED0Ev
                0x08001ddc        0xe build/ST/STM32F746G-DISCO/generated/gui_generated/src/common/FrontendApplicationBase.o
                0x08001ddc                touchgfx::Callback<touchgfx::SlideTransition<(touchgfx::Direction)2>, touchgfx::Drawable&, void>::~Callback()
 .text._ZN8touchgfxL17prepareTransitionEPPNS_6ScreenEPPNS_9PresenterEPPNS_10TransitionE
                0x08001dea       0x52 build/ST/STM32F746G-DISCO/generated/gui_generated/src/common/FrontendApplicationBase.o
 .text._ZN8touchgfxL18finalizeTransitionEPNS_6ScreenEPNS_9PresenterEPNS_10TransitionE
                0x08001e3c       0x34 build/ST/STM32F746G-DISCO/generated/gui_generated/src/common/FrontendApplicationBase.o
 .text._ZN8touchgfx15SlideTransitionILNS_9DirectionE3EE16tickMoveDrawableERNS_8DrawableE
                0x08001e70       0x44 build/ST/STM32F746G-DISCO/generated/gui_generated/src/common/FrontendApplicationBase.o
                0x08001e70                touchgfx::SlideTransition<(touchgfx::Direction)3>::tickMoveDrawable(touchgfx::Drawable&)
 .text._ZN8touchgfx15SlideTransitionILNS_9DirectionE2EE16tickMoveDrawableERNS_8DrawableE
                0x08001eb4       0x44 build/ST/STM32F746G-DISCO/generated/gui_generated/src/common/FrontendApplicationBase.o
                0x08001eb4                touchgfx::SlideTransition<(touchgfx::Direction)2>::tickMoveDrawable(touchgfx::Drawable&)
 .text._ZN8touchgfx15SlideTransitionILNS_9DirectionE3EE8tearDownEv
                0x08001ef8       0x1c build/ST/STM32F746G-DISCO/generated/gui_generated/src/common/FrontendApplicationBase.o
                0x08001ef8                touchgfx::SlideTransition<(touchgfx::Direction)3>::tearDown()
 .text._ZN8touchgfx15SlideTransitionILNS_9DirectionE2EE8tearDownEv
                0x08001f14       0x1c build/ST/STM32F746G-DISCO/generated/gui_generated/src/common/FrontendApplicationBase.o
                0x08001f14                touchgfx::SlideTransition<(touchgfx::Direction)2>::tearDown()
 .text._ZN8touchgfx15SlideTransitionILNS_9DirectionE2EE16initMoveDrawableERNS_8DrawableE.part.5
                0x08001f30       0x14 build/ST/STM32F746G-DISCO/generated/gui_generated/src/common/FrontendApplicationBase.o
 .text._ZN8touchgfx15SlideTransitionILNS_9DirectionE3EE16initMoveDrawableERNS_8DrawableE
                0x08001f44       0x60 build/ST/STM32F746G-DISCO/generated/gui_generated/src/common/FrontendApplicationBase.o
                0x08001f44                touchgfx::SlideTransition<(touchgfx::Direction)3>::initMoveDrawable(touchgfx::Drawable&)
 .text._ZN8touchgfx15SlideTransitionILNS_9DirectionE2EE16initMoveDrawableERNS_8DrawableE
                0x08001fa4       0x60 build/ST/STM32F746G-DISCO/generated/gui_generated/src/common/FrontendApplicationBase.o
                0x08001fa4                touchgfx::SlideTransition<(touchgfx::Direction)2>::initMoveDrawable(touchgfx::Drawable&)
 .text._ZN8touchgfx15SlideTransitionILNS_9DirectionE3EE15handleTickEventEv
                0x08002004       0xac build/ST/STM32F746G-DISCO/generated/gui_generated/src/common/FrontendApplicationBase.o
                0x08002004                touchgfx::SlideTransition<(touchgfx::Direction)3>::handleTickEvent()
 .text._ZN8touchgfx15SlideTransitionILNS_9DirectionE2EE15handleTickEventEv
                0x080020b0       0xac build/ST/STM32F746G-DISCO/generated/gui_generated/src/common/FrontendApplicationBase.o
                0x080020b0                touchgfx::SlideTransition<(touchgfx::Direction)2>::handleTickEvent()
 .text._ZN8touchgfx15SlideTransitionILNS_9DirectionE3EE4initEv
                0x0800215c       0x3c build/ST/STM32F746G-DISCO/generated/gui_generated/src/common/FrontendApplicationBase.o
                0x0800215c                touchgfx::SlideTransition<(touchgfx::Direction)3>::init()
 .text._ZN8touchgfx15SlideTransitionILNS_9DirectionE2EE4initEv
                0x08002198       0x3c build/ST/STM32F746G-DISCO/generated/gui_generated/src/common/FrontendApplicationBase.o
                0x08002198                touchgfx::SlideTransition<(touchgfx::Direction)2>::init()
 .text._ZN23FrontendApplicationBaseC2ER5ModelR12FrontendHeap
                0x080021d4       0x4c build/ST/STM32F746G-DISCO/generated/gui_generated/src/common/FrontendApplicationBase.o
                0x080021d4                FrontendApplicationBase::FrontendApplicationBase(Model&, FrontendHeap&)
                0x080021d4                FrontendApplicationBase::FrontendApplicationBase(Model&, FrontendHeap&)
 .text._ZN23FrontendApplicationBase26gotoMainScreenNoTransitionEv
                0x08002220       0x20 build/ST/STM32F746G-DISCO/generated/gui_generated/src/common/FrontendApplicationBase.o
                0x08002220                FrontendApplicationBase::gotoMainScreenNoTransition()
 .text._ZN23FrontendApplicationBase33gotoMainScreenSlideTransitionWestEv
                0x08002240       0x20 build/ST/STM32F746G-DISCO/generated/gui_generated/src/common/FrontendApplicationBase.o
                0x08002240                FrontendApplicationBase::gotoMainScreenSlideTransitionWest()
 .text._ZN23FrontendApplicationBase43gotoSetTempControlScreenSlideTransitionEastEv
                0x08002260       0x20 build/ST/STM32F746G-DISCO/generated/gui_generated/src/common/FrontendApplicationBase.o
                0x08002260                FrontendApplicationBase::gotoSetTempControlScreenSlideTransitionEast()
 .text._ZN23FrontendApplicationBase39gotoscreenMenuScreenSlideTransitionEastEv
                0x08002280       0x20 build/ST/STM32F746G-DISCO/generated/gui_generated/src/common/FrontendApplicationBase.o
                0x08002280                FrontendApplicationBase::gotoscreenMenuScreenSlideTransitionEast()
 .text._ZN23FrontendApplicationBase41gotoscreenCanbusScreenSlideTransitionEastEv
                0x080022a0       0x20 build/ST/STM32F746G-DISCO/generated/gui_generated/src/common/FrontendApplicationBase.o
                0x080022a0                FrontendApplicationBase::gotoscreenCanbusScreenSlideTransitionEast()
 .text._ZN23FrontendApplicationBase41gotoscreenModbusScreenSlideTransitionEastEv
                0x080022c0       0x20 build/ST/STM32F746G-DISCO/generated/gui_generated/src/common/FrontendApplicationBase.o
                0x080022c0                FrontendApplicationBase::gotoscreenModbusScreenSlideTransitionEast()
 .text._ZN23FrontendApplicationBase39gotoscreenZoneScreenSlideTransitionEastEv
                0x080022e0       0x20 build/ST/STM32F746G-DISCO/generated/gui_generated/src/common/FrontendApplicationBase.o
                0x080022e0                FrontendApplicationBase::gotoscreenZoneScreenSlideTransitionEast()
 .text._ZN23FrontendApplicationBase48gotoscreenIndustrialControllerScreenNoTransitionEv
                0x08002300       0x20 build/ST/STM32F746G-DISCO/generated/gui_generated/src/common/FrontendApplicationBase.o
                0x08002300                FrontendApplicationBase::gotoscreenIndustrialControllerScreenNoTransition()
 .text._ZN8touchgfx14makeTransitionI8MainView13MainPresenterNS_12NoTransitionE5ModelEEPT0_PPNS_6ScreenEPPNS_9PresenterERNS_7MVPHeapEPPNS_10TransitionEPT2_
                0x08002320       0xdc build/ST/STM32F746G-DISCO/generated/gui_generated/src/common/FrontendApplicationBase.o
                0x08002320                MainPresenter* touchgfx::makeTransition<MainView, MainPresenter, touchgfx::NoTransition, Model>(touchgfx::Screen**, touchgfx::Presenter**, touchgfx::MVPHeap&, touchgfx::Transition**, Model*)
 .text._ZN23FrontendApplicationBase30gotoMainScreenNoTransitionImplEv
                0x080023fc       0x28 build/ST/STM32F746G-DISCO/generated/gui_generated/src/common/FrontendApplicationBase.o
                0x080023fc                FrontendApplicationBase::gotoMainScreenNoTransitionImpl()
 .text._ZN8touchgfx14makeTransitionI30screenIndustrialControllerView35screenIndustrialControllerPresenterNS_12NoTransitionE5ModelEEPT0_PPNS_6ScreenEPPNS_9PresenterERNS_7MVPHeapEPPNS_10TransitionEPT2_
                0x08002424       0xdc build/ST/STM32F746G-DISCO/generated/gui_generated/src/common/FrontendApplicationBase.o
                0x08002424                screenIndustrialControllerPresenter* touchgfx::makeTransition<screenIndustrialControllerView, screenIndustrialControllerPresenter, touchgfx::NoTransition, Model>(touchgfx::Screen**, touchgfx::Presenter**, touchgfx::MVPHeap&, touchgfx::Transition**, Model*)
 .text._ZN23FrontendApplicationBase52gotoscreenIndustrialControllerScreenNoTransitionImplEv
                0x08002500       0x28 build/ST/STM32F746G-DISCO/generated/gui_generated/src/common/FrontendApplicationBase.o
                0x08002500                FrontendApplicationBase::gotoscreenIndustrialControllerScreenNoTransitionImpl()
 .text._ZN8touchgfx17AbstractPartition2atINS_15SlideTransitionILNS_9DirectionE2EEEEERT_t
                0x08002528        0x6 build/ST/STM32F746G-DISCO/generated/gui_generated/src/common/FrontendApplicationBase.o
                0x08002528                touchgfx::SlideTransition<(touchgfx::Direction)2>& touchgfx::AbstractPartition::at<touchgfx::SlideTransition<(touchgfx::Direction)2> >(unsigned short)
 *fill*         0x0800252e        0x2 00000000
 .text._ZN8touchgfx15SlideTransitionILNS_9DirectionE3EED2Ev
                0x08002530       0x18 build/ST/STM32F746G-DISCO/generated/gui_generated/src/common/FrontendApplicationBase.o
                0x08002530                touchgfx::SlideTransition<(touchgfx::Direction)3>::~SlideTransition()
                0x08002530                touchgfx::SlideTransition<(touchgfx::Direction)3>::~SlideTransition()
 .text._ZN8touchgfx15SlideTransitionILNS_9DirectionE3EED0Ev
                0x08002548       0x14 build/ST/STM32F746G-DISCO/generated/gui_generated/src/common/FrontendApplicationBase.o
                0x08002548                touchgfx::SlideTransition<(touchgfx::Direction)3>::~SlideTransition()
 .text._ZN8touchgfx15SlideTransitionILNS_9DirectionE2EED2Ev
                0x0800255c       0x18 build/ST/STM32F746G-DISCO/generated/gui_generated/src/common/FrontendApplicationBase.o
                0x0800255c                touchgfx::SlideTransition<(touchgfx::Direction)2>::~SlideTransition()
                0x0800255c                touchgfx::SlideTransition<(touchgfx::Direction)2>::~SlideTransition()
 .text._ZN8touchgfx15SlideTransitionILNS_9DirectionE2EED0Ev
                0x08002574       0x14 build/ST/STM32F746G-DISCO/generated/gui_generated/src/common/FrontendApplicationBase.o
                0x08002574                touchgfx::SlideTransition<(touchgfx::Direction)2>::~SlideTransition()
 .text._ZN8touchgfx15SlideTransitionILNS_9DirectionE3EEC2Eh
                0x08002588       0xa4 build/ST/STM32F746G-DISCO/generated/gui_generated/src/common/FrontendApplicationBase.o
                0x08002588                touchgfx::SlideTransition<(touchgfx::Direction)3>::SlideTransition(unsigned char)
                0x08002588                touchgfx::SlideTransition<(touchgfx::Direction)3>::SlideTransition(unsigned char)
 .text._ZN8touchgfx14makeTransitionI8MainView13MainPresenterNS_15SlideTransitionILNS_9DirectionE3EEE5ModelEEPT0_PPNS_6ScreenEPPNS_9PresenterERNS_7MVPHeapEPPNS_10TransitionEPT2_
                0x0800262c       0xd4 build/ST/STM32F746G-DISCO/generated/gui_generated/src/common/FrontendApplicationBase.o
                0x0800262c                MainPresenter* touchgfx::makeTransition<MainView, MainPresenter, touchgfx::SlideTransition<(touchgfx::Direction)3>, Model>(touchgfx::Screen**, touchgfx::Presenter**, touchgfx::MVPHeap&, touchgfx::Transition**, Model*)
 .text._ZN23FrontendApplicationBase37gotoMainScreenSlideTransitionWestImplEv
                0x08002700       0x28 build/ST/STM32F746G-DISCO/generated/gui_generated/src/common/FrontendApplicationBase.o
                0x08002700                FrontendApplicationBase::gotoMainScreenSlideTransitionWestImpl()
 .text._ZN8touchgfx15SlideTransitionILNS_9DirectionE2EEC2Eh
                0x08002728       0xa4 build/ST/STM32F746G-DISCO/generated/gui_generated/src/common/FrontendApplicationBase.o
                0x08002728                touchgfx::SlideTransition<(touchgfx::Direction)2>::SlideTransition(unsigned char)
                0x08002728                touchgfx::SlideTransition<(touchgfx::Direction)2>::SlideTransition(unsigned char)
 .text._ZN8touchgfx14makeTransitionI18SetTempControlView23SetTempControlPresenterNS_15SlideTransitionILNS_9DirectionE2EEE5ModelEEPT0_PPNS_6ScreenEPPNS_9PresenterERNS_7MVPHeapEPPNS_10TransitionEPT2_
                0x080027cc       0xd0 build/ST/STM32F746G-DISCO/generated/gui_generated/src/common/FrontendApplicationBase.o
                0x080027cc                SetTempControlPresenter* touchgfx::makeTransition<SetTempControlView, SetTempControlPresenter, touchgfx::SlideTransition<(touchgfx::Direction)2>, Model>(touchgfx::Screen**, touchgfx::Presenter**, touchgfx::MVPHeap&, touchgfx::Transition**, Model*)
 .text._ZN23FrontendApplicationBase47gotoSetTempControlScreenSlideTransitionEastImplEv
                0x0800289c       0x28 build/ST/STM32F746G-DISCO/generated/gui_generated/src/common/FrontendApplicationBase.o
                0x0800289c                FrontendApplicationBase::gotoSetTempControlScreenSlideTransitionEastImpl()
 .text._ZN8touchgfx14makeTransitionI14screenMenuView19screenMenuPresenterNS_15SlideTransitionILNS_9DirectionE2EEE5ModelEEPT0_PPNS_6ScreenEPPNS_9PresenterERNS_7MVPHeapEPPNS_10TransitionEPT2_
                0x080028c4       0xd0 build/ST/STM32F746G-DISCO/generated/gui_generated/src/common/FrontendApplicationBase.o
                0x080028c4                screenMenuPresenter* touchgfx::makeTransition<screenMenuView, screenMenuPresenter, touchgfx::SlideTransition<(touchgfx::Direction)2>, Model>(touchgfx::Screen**, touchgfx::Presenter**, touchgfx::MVPHeap&, touchgfx::Transition**, Model*)
 .text._ZN23FrontendApplicationBase43gotoscreenMenuScreenSlideTransitionEastImplEv
                0x08002994       0x28 build/ST/STM32F746G-DISCO/generated/gui_generated/src/common/FrontendApplicationBase.o
                0x08002994                FrontendApplicationBase::gotoscreenMenuScreenSlideTransitionEastImpl()
 .text._ZN8touchgfx14makeTransitionI16screenCanbusView21screenCanbusPresenterNS_15SlideTransitionILNS_9DirectionE2EEE5ModelEEPT0_PPNS_6ScreenEPPNS_9PresenterERNS_7MVPHeapEPPNS_10TransitionEPT2_
                0x080029bc       0xd0 build/ST/STM32F746G-DISCO/generated/gui_generated/src/common/FrontendApplicationBase.o
                0x080029bc                screenCanbusPresenter* touchgfx::makeTransition<screenCanbusView, screenCanbusPresenter, touchgfx::SlideTransition<(touchgfx::Direction)2>, Model>(touchgfx::Screen**, touchgfx::Presenter**, touchgfx::MVPHeap&, touchgfx::Transition**, Model*)
 .text._ZN23FrontendApplicationBase45gotoscreenCanbusScreenSlideTransitionEastImplEv
                0x08002a8c       0x28 build/ST/STM32F746G-DISCO/generated/gui_generated/src/common/FrontendApplicationBase.o
                0x08002a8c                FrontendApplicationBase::gotoscreenCanbusScreenSlideTransitionEastImpl()
 .text._ZN8touchgfx14makeTransitionI16screenModbusView21screenModbusPresenterNS_15SlideTransitionILNS_9DirectionE2EEE5ModelEEPT0_PPNS_6ScreenEPPNS_9PresenterERNS_7MVPHeapEPPNS_10TransitionEPT2_
                0x08002ab4       0xd0 build/ST/STM32F746G-DISCO/generated/gui_generated/src/common/FrontendApplicationBase.o
                0x08002ab4                screenModbusPresenter* touchgfx::makeTransition<screenModbusView, screenModbusPresenter, touchgfx::SlideTransition<(touchgfx::Direction)2>, Model>(touchgfx::Screen**, touchgfx::Presenter**, touchgfx::MVPHeap&, touchgfx::Transition**, Model*)
 .text._ZN23FrontendApplicationBase45gotoscreenModbusScreenSlideTransitionEastImplEv
                0x08002b84       0x28 build/ST/STM32F746G-DISCO/generated/gui_generated/src/common/FrontendApplicationBase.o
                0x08002b84                FrontendApplicationBase::gotoscreenModbusScreenSlideTransitionEastImpl()
 .text._ZN8touchgfx14makeTransitionI14screenZoneView19screenZonePresenterNS_15SlideTransitionILNS_9DirectionE2EEE5ModelEEPT0_PPNS_6ScreenEPPNS_9PresenterERNS_7MVPHeapEPPNS_10TransitionEPT2_
                0x08002bac       0xd0 build/ST/STM32F746G-DISCO/generated/gui_generated/src/common/FrontendApplicationBase.o
                0x08002bac                screenZonePresenter* touchgfx::makeTransition<screenZoneView, screenZonePresenter, touchgfx::SlideTransition<(touchgfx::Direction)2>, Model>(touchgfx::Screen**, touchgfx::Presenter**, touchgfx::MVPHeap&, touchgfx::Transition**, Model*)
 .text._ZN23FrontendApplicationBase43gotoscreenZoneScreenSlideTransitionEastImplEv
                0x08002c7c       0x28 build/ST/STM32F746G-DISCO/generated/gui_generated/src/common/FrontendApplicationBase.o
                0x08002c7c                FrontendApplicationBase::gotoscreenZoneScreenSlideTransitionEastImpl()
 .text._ZNK8touchgfx8TextArea12getSolidRectEv
                0x08002ca4        0xc build/ST/STM32F746G-DISCO/generated/gui_generated/src/settempcontrol_screen/SetTempControlViewBase.o
                0x08002ca4                touchgfx::TextArea::getSolidRect() const
 .text._ZN8touchgfx8TextArea13setXBaselineYEss
                0x08002cb0       0x1a build/ST/STM32F746G-DISCO/generated/gui_generated/src/settempcontrol_screen/SetTempControlViewBase.o
                0x08002cb0                touchgfx::TextArea::setXBaselineY(short, short)
 .text._ZNK8touchgfx8TextArea7getTypeEv
                0x08002cca        0x4 build/ST/STM32F746G-DISCO/generated/gui_generated/src/settempcontrol_screen/SetTempControlViewBase.o
                0x08002cca                touchgfx::TextArea::getType() const
 .text._ZNK8touchgfx23TextAreaWithOneWildcard7getTypeEv
                0x08002cce        0x4 build/ST/STM32F746G-DISCO/generated/gui_generated/src/settempcontrol_screen/SetTempControlViewBase.o
                0x08002cce                touchgfx::TextAreaWithOneWildcard::getType() const
 .text._ZN8touchgfx8CallbackI22SetTempControlViewBaseRKNS_6SliderEiED2Ev
                0x08002cd2        0x2 build/ST/STM32F746G-DISCO/generated/gui_generated/src/settempcontrol_screen/SetTempControlViewBase.o
                0x08002cd2                touchgfx::Callback<SetTempControlViewBase, touchgfx::Slider const&, int>::~Callback()
                0x08002cd2                touchgfx::Callback<SetTempControlViewBase, touchgfx::Slider const&, int>::~Callback()
 .text._ZN8touchgfx8CallbackI22SetTempControlViewBaseRKNS_14AbstractButtonEvED2Ev
                0x08002cd4        0x2 build/ST/STM32F746G-DISCO/generated/gui_generated/src/settempcontrol_screen/SetTempControlViewBase.o
                0x08002cd4                touchgfx::Callback<SetTempControlViewBase, touchgfx::AbstractButton const&, void>::~Callback()
                0x08002cd4                touchgfx::Callback<SetTempControlViewBase, touchgfx::AbstractButton const&, void>::~Callback()
 .text._ZN8touchgfx23TextAreaWithOneWildcardD2Ev
                0x08002cd6        0x2 build/ST/STM32F746G-DISCO/generated/gui_generated/src/settempcontrol_screen/SetTempControlViewBase.o
                0x08002cd6                touchgfx::TextAreaWithOneWildcard::~TextAreaWithOneWildcard()
                0x08002cd6                touchgfx::TextAreaWithOneWildcard::~TextAreaWithOneWildcard()
 .text._ZN8touchgfx8CallbackI22SetTempControlViewBaseRKNS_6SliderEiE7executeES4_i
                0x08002cd8       0x1e build/ST/STM32F746G-DISCO/generated/gui_generated/src/settempcontrol_screen/SetTempControlViewBase.o
                0x08002cd8                touchgfx::Callback<SetTempControlViewBase, touchgfx::Slider const&, int>::execute(touchgfx::Slider const&, int)
 .text._ZNK8touchgfx8CallbackI22SetTempControlViewBaseRKNS_6SliderEiE7isValidEv
                0x08002cf6       0x18 build/ST/STM32F746G-DISCO/generated/gui_generated/src/settempcontrol_screen/SetTempControlViewBase.o
                0x08002cf6                touchgfx::Callback<SetTempControlViewBase, touchgfx::Slider const&, int>::isValid() const
 .text._ZN8touchgfx8CallbackI22SetTempControlViewBaseRKNS_14AbstractButtonEvE7executeES4_
                0x08002d0e       0x20 build/ST/STM32F746G-DISCO/generated/gui_generated/src/settempcontrol_screen/SetTempControlViewBase.o
                0x08002d0e                touchgfx::Callback<SetTempControlViewBase, touchgfx::AbstractButton const&, void>::execute(touchgfx::AbstractButton const&)
 .text._ZNK8touchgfx8CallbackI22SetTempControlViewBaseRKNS_14AbstractButtonEvE7isValidEv
                0x08002d2e       0x18 build/ST/STM32F746G-DISCO/generated/gui_generated/src/settempcontrol_screen/SetTempControlViewBase.o
                0x08002d2e                touchgfx::Callback<SetTempControlViewBase, touchgfx::AbstractButton const&, void>::isValid() const
 .text._ZN8touchgfx23TextAreaWithOneWildcardD0Ev
                0x08002d46        0xe build/ST/STM32F746G-DISCO/generated/gui_generated/src/settempcontrol_screen/SetTempControlViewBase.o
                0x08002d46                touchgfx::TextAreaWithOneWildcard::~TextAreaWithOneWildcard()
 .text._ZN8touchgfx8CallbackI22SetTempControlViewBaseRKNS_14AbstractButtonEvED0Ev
                0x08002d54        0xe build/ST/STM32F746G-DISCO/generated/gui_generated/src/settempcontrol_screen/SetTempControlViewBase.o
                0x08002d54                touchgfx::Callback<SetTempControlViewBase, touchgfx::AbstractButton const&, void>::~Callback()
 .text._ZN8touchgfx8CallbackI22SetTempControlViewBaseRKNS_6SliderEiED0Ev
                0x08002d62        0xe build/ST/STM32F746G-DISCO/generated/gui_generated/src/settempcontrol_screen/SetTempControlViewBase.o
                0x08002d62                touchgfx::Callback<SetTempControlViewBase, touchgfx::Slider const&, int>::~Callback()
 .text._ZN22SetTempControlViewBase33sliderValueChangedCallbackHandlerERKN8touchgfx6SliderEi
                0x08002d70       0x1c build/ST/STM32F746G-DISCO/generated/gui_generated/src/settempcontrol_screen/SetTempControlViewBase.o
                0x08002d70                SetTempControlViewBase::sliderValueChangedCallbackHandler(touchgfx::Slider const&, int)
 .text._ZN22SetTempControlViewBase35sliderValueConfirmedCallbackHandlerERKN8touchgfx6SliderEi
                0x08002d8c       0x1c build/ST/STM32F746G-DISCO/generated/gui_generated/src/settempcontrol_screen/SetTempControlViewBase.o
                0x08002d8c                SetTempControlViewBase::sliderValueConfirmedCallbackHandler(touchgfx::Slider const&, int)
 .text._ZN22SetTempControlViewBase21buttonCallbackHandlerERKN8touchgfx14AbstractButtonE
                0x08002da8       0x16 build/ST/STM32F746G-DISCO/generated/gui_generated/src/settempcontrol_screen/SetTempControlViewBase.o
                0x08002da8                SetTempControlViewBase::buttonCallbackHandler(touchgfx::AbstractButton const&)
 *fill*         0x08002dbe        0x2 00000000
 .text._ZNK8touchgfx9TypedText7getFontEv
                0x08002dc0       0x24 build/ST/STM32F746G-DISCO/generated/gui_generated/src/settempcontrol_screen/SetTempControlViewBase.o
                0x08002dc0                touchgfx::TypedText::getFont() const
 .text._ZN8touchgfx8TextArea12setBaselineYEs
                0x08002de4       0x28 build/ST/STM32F746G-DISCO/generated/gui_generated/src/settempcontrol_screen/SetTempControlViewBase.o
                0x08002de4                touchgfx::TextArea::setBaselineY(short)
 .text._ZNK8touchgfx9TypedText7getTextEv
                0x08002e0c       0x18 build/ST/STM32F746G-DISCO/generated/gui_generated/src/settempcontrol_screen/SetTempControlViewBase.o
                0x08002e0c                touchgfx::TypedText::getText() const
 .text._ZN8touchgfx23TextAreaWithOneWildcard13getTextHeightEv
                0x08002e24       0x26 build/ST/STM32F746G-DISCO/generated/gui_generated/src/settempcontrol_screen/SetTempControlViewBase.o
                0x08002e24                touchgfx::TextAreaWithOneWildcard::getTextHeight()
 *fill*         0x08002e4a        0x2 00000000
 .text._ZNK8touchgfx23TextAreaWithOneWildcard4drawERKNS_4RectE
                0x08002e4c       0xbc build/ST/STM32F746G-DISCO/generated/gui_generated/src/settempcontrol_screen/SetTempControlViewBase.o
                0x08002e4c                touchgfx::TextAreaWithOneWildcard::draw(touchgfx::Rect const&) const
 .text._ZNK8touchgfx23TextAreaWithOneWildcard12getTextWidthEv
                0x08002f08       0x54 build/ST/STM32F746G-DISCO/generated/gui_generated/src/settempcontrol_screen/SetTempControlViewBase.o
                0x08002f08                touchgfx::TextAreaWithOneWildcard::getTextWidth() const
 .text._ZN8touchgfx23TextAreaWithOneWildcardC2Ev
                0x08002f5c       0x34 build/ST/STM32F746G-DISCO/generated/gui_generated/src/settempcontrol_screen/SetTempControlViewBase.o
                0x08002f5c                touchgfx::TextAreaWithOneWildcard::TextAreaWithOneWildcard()
                0x08002f5c                touchgfx::TextAreaWithOneWildcard::TextAreaWithOneWildcard()
 .text._ZN22SetTempControlViewBaseC2Ev
                0x08002f90      0x2d8 build/ST/STM32F746G-DISCO/generated/gui_generated/src/settempcontrol_screen/SetTempControlViewBase.o
                0x08002f90                SetTempControlViewBase::SetTempControlViewBase()
                0x08002f90                SetTempControlViewBase::SetTempControlViewBase()
 .text._ZN8touchgfx17InternalFlashFontD2Ev
                0x08003268        0x2 build/ST/STM32F746G-DISCO/generated/fonts/src/FontGetters.o
                0x08003268                touchgfx::InternalFlashFont::~InternalFlashFont()
                0x08003268                touchgfx::InternalFlashFont::~InternalFlashFont()
 *fill*         0x0800326a        0x2 00000000
 .text._Z23getFont_verdana_20_4bppv
                0x0800326c       0x70 build/ST/STM32F746G-DISCO/generated/fonts/src/FontGetters.o
                0x0800326c                getFont_verdana_20_4bpp()
 .text._Z23getFont_verdana_45_4bppv
                0x080032dc       0x70 build/ST/STM32F746G-DISCO/generated/fonts/src/FontGetters.o
                0x080032dc                getFont_verdana_45_4bpp()
 .text._Z24getFont_verdanab_75_4bppv
                0x0800334c       0x74 build/ST/STM32F746G-DISCO/generated/fonts/src/FontGetters.o
                0x0800334c                getFont_verdanab_75_4bpp()
 .text._Z24getFont_verdanaz_30_4bppv
                0x080033c0       0x70 build/ST/STM32F746G-DISCO/generated/fonts/src/FontGetters.o
                0x080033c0                getFont_verdanaz_30_4bpp()
 .text._ZN8touchgfx17InternalFlashFontD0Ev
                0x08003430        0xe build/ST/STM32F746G-DISCO/generated/fonts/src/FontGetters.o
                0x08003430                touchgfx::InternalFlashFont::~InternalFlashFont()
 .text._ZN23ApplicationFontProviderD2Ev
                0x0800343e        0x2 build/ST/STM32F746G-DISCO/generated/fonts/src/ApplicationFontProvider.o