Archive member included to satisfy reference by file (symbol)

touchgfx//lib/core/cortex_m7/gcc\libtouchgfx.a(AbstractPartition.o)
                              build/ST/STM32F746G-DISCO/target/bsp/source/BoardConfiguration.o (touchgfx::AbstractPartition::getAllocationCount() const)
touchgfx//lib/core/cortex_m7/gcc\libtouchgfx.a(Container.o)
                              build/ST/STM32F746G-DISCO/gui/src/containers/AtdiBackground_Btns.o (touchgfx::Container::contains(touchgfx::Drawable const&))
touchgfx//lib/core/cortex_m7/gcc\libtouchgfx.a(Slider.o)
                              build/ST/STM32F746G-DISCO/gui/src/settempcontrol_screen/SetTempControlView.o (touchgfx::Slider::~Slider())
touchgfx//lib/core/cortex_m7/gcc\libtouchgfx.a(HAL.o)
                              build/ST/STM32F746G-DISCO/target/bsp/source/platform/stm32f7xx/STM32F7HAL.o (touchgfx::HAL::flushFrameBuffer())
touchgfx//lib/core/cortex_m7/gcc\libtouchgfx.a(DMA.o)
                              build/ST/STM32F746G-DISCO/target/bsp/source/platform/stm32f7xx/STM32F7DMA.o (touchgfx::DMA_Interface::seedExecution())
touchgfx//lib/core/cortex_m7/gcc\libtouchgfx.a(ToggleButton.o)
                              build/ST/STM32F746G-DISCO/generated/gui_generated/src/main_screen/MainViewBase.o (touchgfx::ToggleButton::ToggleButton())
touchgfx//lib/core/cortex_m7/gcc\libtouchgfx.a(SnapshotWidget.o)
                              build/ST/STM32F746G-DISCO/generated/gui_generated/src/common/FrontendApplicationBase.o (touchgfx::SnapshotWidget::~SnapshotWidget())
touchgfx//lib/core/cortex_m7/gcc\libtouchgfx.a(AnimatedImage.o)
                              build/ST/STM32F746G-DISCO/generated/gui_generated/src/containers/AtdiBackground_BtnsBase.o (touchgfx::AnimatedImage::startAnimation(bool const&, bool const&, bool const&))
touchgfx//lib/core/cortex_m7/gcc\libtouchgfx.a(TextArea.o)
                              build/ST/STM32F746G-DISCO/generated/gui_generated/src/screencanbus_screen/screenCanbusViewBase.o (touchgfx::TextArea::setTypedText(touchgfx::TypedText))
touchgfx//lib/core/cortex_m7/gcc\libtouchgfx.a(Box.o)
                              build/ST/STM32F746G-DISCO/generated/gui_generated/src/main_screen/MainViewBase.o (vtable for touchgfx::Box)
touchgfx//lib/core/cortex_m7/gcc\libtouchgfx.a(Button.o)
                              build/ST/STM32F746G-DISCO/generated/gui_generated/src/containers/AtdiBackground_BtnsBase.o (touchgfx::Button::setBitmaps(touchgfx::Bitmap const&, touchgfx::Bitmap const&))
touchgfx//lib/core/cortex_m7/gcc\libtouchgfx.a(TextAreaWithWildcard.o)
                              build/ST/STM32F746G-DISCO/generated/gui_generated/src/settempcontrol_screen/SetTempControlViewBase.o (touchgfx::TextAreaWithWildcardBase::calculateTextHeight(unsigned short const*, ...) const)
touchgfx//lib/core/cortex_m7/gcc\libtouchgfx.a(Image.o)
                              build/ST/STM32F746G-DISCO/generated/gui_generated/src/containers/AtdiBackground_BtnsBase.o (touchgfx::Image::setBitmap(touchgfx::Bitmap const&))
touchgfx//lib/core/cortex_m7/gcc\libtouchgfx.a(ButtonWithLabel.o)
                              build/ST/STM32F746G-DISCO/generated/gui_generated/src/screenmenu_screen/screenMenuViewBase.o (touchgfx::ButtonWithLabel::ButtonWithLabel())
touchgfx//lib/core/cortex_m7/gcc\libtouchgfx.a(LCD.o)
                              build/ST/STM32F746G-DISCO/generated/gui_generated/src/settempcontrol_screen/SetTempControlViewBase.o (touchgfx::LCD::drawString(touchgfx::Rect, touchgfx::Rect const&, touchgfx::LCD::StringVisuals&, unsigned short const*, ...))
touchgfx//lib/core/cortex_m7/gcc\libtouchgfx.a(TouchCalibration.o)
                              touchgfx//lib/core/cortex_m7/gcc\libtouchgfx.a(HAL.o) (touchgfx::TouchCalibration::translatePoint(touchgfx::Point&))
touchgfx//lib/core/cortex_m7/gcc\libtouchgfx.a(DisplayTransformation.o)
                              touchgfx//lib/core/cortex_m7/gcc\libtouchgfx.a(HAL.o) (touchgfx::DisplayTransformation::transformFrameBufferToDisplay(short&, short&))
touchgfx//lib/core/cortex_m7/gcc\libtouchgfx.a(Application.o)
                              build/ST/STM32F746G-DISCO/gui/src/common/FrontendApplication.o (touchgfx::Application::handleClickEvent(touchgfx::ClickEvent const&))
touchgfx//lib/core/cortex_m7/gcc\libtouchgfx.a(TypedText.o)
                              build/ST/STM32F746G-DISCO/generated/gui_generated/src/screenmenu_screen/screenMenuViewBase.o (touchgfx::TypedText::numberOfTypedTexts)
touchgfx//lib/core/cortex_m7/gcc\libtouchgfx.a(Font.o)
                              build/ST/STM32F746G-DISCO/generated/texts/src/Texts.o (touchgfx::Font::getStringWidthLTR(unsigned char, unsigned short const*, std::__va_list) const)
touchgfx//lib/core/cortex_m7/gcc\libtouchgfx.a(Drawable.o)
                              build/ST/STM32F746G-DISCO/gui/src/containers/AtdiBackground_Btns.o (touchgfx::Drawable::invalidate() const)
touchgfx//lib/core/cortex_m7/gcc\libtouchgfx.a(Utils.o)
[...]
Memory Configuration

Name             Origin             Length             Attributes
CODE             0x08000000         0x00100000         xr
RAM              0x20000000         0x0004c000         rw
QUADSPI          0x90000000         0x01000000         r
*default*        0x00000000         0xffffffff

Linker script and memory map

LOAD build/ST/STM32F746G-DISCO/gui/src/containers/AtdiBackground_Btns.o
LOAD build/ST/STM32F746G-DISCO/gui/src/main_screen/MainPresenter.o
LOAD build/ST/STM32F746G-DISCO/gui/src/main_screen/MainView.o
LOAD build/ST/STM32F746G-DISCO/gui/src/screencanbus_screen/screenCanbusView.o
LOAD build/ST/STM32F746G-DISCO/gui/src/screencanbus_screen/screenCanbusPresenter.o
LOAD build/ST/STM32F746G-DISCO/gui/src/screenmenu_screen/screenMenuPresenter.o
LOAD build/ST/STM32F746G-DISCO/gui/src/screenmenu_screen/screenMenuView.o
LOAD build/ST/STM32F746G-DISCO/gui/src/screenzone_screen/screenZoneView.o
LOAD build/ST/STM32F746G-DISCO/gui/src/screenzone_screen/screenZonePresenter.o
LOAD build/ST/STM32F746G-DISCO/gui/src/screenmodbus_screen/screenModbusPresenter.o
LOAD build/ST/STM32F746G-DISCO/gui/src/screenmodbus_screen/screenModbusView.o
LOAD build/ST/STM32F746G-DISCO/gui/src/model/Model.o
LOAD build/ST/STM32F746G-DISCO/gui/src/screenindustrialcontroller_screen/screenIndustrialControllerPresenter.o
LOAD build/ST/STM32F746G-DISCO/gui/src/screenindustrialcontroller_screen/screenIndustrialControllerView.o
LOAD build/ST/STM32F746G-DISCO/gui/src/common/FrontendApplication.o
LOAD build/ST/STM32F746G-DISCO/gui/src/settempcontrol_screen/SetTempControlPresenter.o
LOAD build/ST/STM32F746G-DISCO/gui/src/settempcontrol_screen/SetTempControlView.o
LOAD build/ST/STM32F746G-DISCO/generated/gui_generated/src/containers/AtdiBackground_BtnsBase.o
LOAD build/ST/STM32F746G-DISCO/generated/gui_generated/src/main_screen/MainViewBase.o
LOAD build/ST/STM32F746G-DISCO/generated/gui_generated/src/screencanbus_screen/screenCanbusViewBase.o
LOAD build/ST/STM32F746G-DISCO/generated/gui_generated/src/screenmenu_screen/screenMenuViewBase.o
LOAD build/ST/STM32F746G-DISCO/generated/gui_generated/src/screenzone_screen/screenZoneViewBase.o
LOAD build/ST/STM32F746G-DISCO/generated/gui_generated/src/screenmodbus_screen/screenModbusViewBase.o
LOAD build/ST/STM32F746G-DISCO/generated/gui_generated/src/screenindustrialcontroller_screen/screenIndustrialControllerViewBase.o
LOAD build/ST/STM32F746G-DISCO/generated/gui_generated/src/common/FrontendApplicationBase.o
LOAD build/ST/STM32F746G-DISCO/generated/gui_generated/src/settempcontrol_screen/SetTempControlViewBase.o
LOAD build/ST/STM32F746G-DISCO/generated/fonts/src/Kerning_verdana_45_4bpp.o
LOAD build/ST/STM32F746G-DISCO/generated/fonts/src/FontGetters.o
LOAD build/ST/STM32F746G-DISCO/generated/fonts/src/Font_verdanaz_30_4bpp.o
LOAD build/ST/STM32F746G-DISCO/generated/fonts/src/Font_verdana_20_4bpp.o
LOAD build/ST/STM32F746G-DISCO/generated/fonts/src/Table_verdanab_75_4bpp.o
LOAD build/ST/STM32F746G-DISCO/generated/fonts/src/Table_verdana_45_4bpp.o
LOAD build/ST/STM32F746G-DISCO/generated/fonts/src/Kerning_verdanaz_30_4bpp.o
LOAD build/ST/STM32F746G-DISCO/generated/fonts/src/Kerning_verdana_20_4bpp.o
LOAD build/ST/STM32F746G-DISCO/generated/fonts/src/Font_verdanab_75_4bpp.o
LOAD build/ST/STM32F746G-DISCO/generated/fonts/src/Font_verdana_45_4bpp.o
LOAD build/ST/STM32F746G-DISCO/generated/fonts/src/Table_verdanaz_30_4bpp.o
LOAD build/ST/STM32F746G-DISCO/generated/fonts/src/Kerning_verdanab_75_4bpp.o
LOAD build/ST/STM32F746G-DISCO/generated/fonts/src/Table_verdana_20_4bpp.o
LOAD build/ST/STM32F746G-DISCO/generated/fonts/src/ApplicationFontProvider.o
LOAD build/ST/STM32F746G-DISCO/generated/images/src/__designer/Blue_Slider_Horizontal_Medium_Slider_Round_fill.o
LOAD build/ST/STM32F746G-DISCO/generated/images/src/__designer/Blue_Slider_Horizontal_Medium_Slider_Round_back.o
LOAD build/ST/STM32F746G-DISCO/generated/images/src/__designer/dark_buttons_round_edge_small_pressed.o
LOAD build/ST/STM32F746G-DISCO/generated/images/src/__designer/dark_buttons_round_edge_small.o
LOAD build/ST/STM32F746G-DISCO/generated/images/src/ok-button_pressed.o
LOAD build/ST/STM32F746G-DISCO/generated/images/src/ok-button-th.o
LOAD build/ST/STM32F746G-DISCO/generated/images/src/atdi_template480x272.o
LOAD build/ST/STM32F746G-DISCO/generated/images/src/peare_gul.o
LOAD build/ST/STM32F746G-DISCO/generated/images/src/atomLyr03.o
LOAD build/ST/STM32F746G-DISCO/generated/images/src/atomLyr09.o
LOAD build/ST/STM32F746G-DISCO/generated/images/src/BitmapDatabase.o
LOAD build/ST/STM32F746G-DISCO/generated/images/src/atomLyr08.o
LOAD build/ST/STM32F746G-DISCO/generated/images/src/gear_50x50.o
LOAD build/ST/STM32F746G-DISCO/generated/images/src/atomLyr05.o
LOAD build/ST/STM32F746G-DISCO/generated/images/src/home_gray50x50.o
LOAD build/ST/STM32F746G-DISCO/generated/images/src/atomLyr10.o
LOAD build/ST/STM32F746G-DISCO/generated/images/src/atomLyr12.o
LOAD build/ST/STM32F746G-DISCO/generated/images/src/peare_hvid.o
LOAD build/ST/STM32F746G-DISCO/generated/images/src/onbtn_50x50.o
LOAD build/ST/STM32F746G-DISCO/generated/images/src/atomLyr02.o
LOAD build/ST/STM32F746G-DISCO/generated/images/src/atomLyr06.o
LOAD build/ST/STM32F746G-DISCO/generated/images/src/atdi_logo1.o
LOAD build/ST/STM32F746G-DISCO/generated/images/src/atomLyr11.o
LOAD build/ST/STM32F746G-DISCO/generated/images/src/offbtn_50x50.o
LOAD build/ST/STM32F746G-DISCO/generated/images/src/Red_Slider_Horizontal_Medium_Indicators_Slider_Round_nob.o
LOAD build/ST/STM32F746G-DISCO/generated/images/src/atomLyr01.o
LOAD build/ST/STM32F746G-DISCO/generated/images/src/atomLyr04.o
LOAD build/ST/STM32F746G-DISCO/generated/images/src/atomLyr07.o
LOAD build/ST/STM32F746G-DISCO/generated/images/src/atdi_logo_2.o
LOAD build/ST/STM32F746G-DISCO/generated/texts/src/LanguageGb.o
LOAD build/ST/STM32F746G-DISCO/generated/texts/src/TypedTextDatabase.o
LOAD build/ST/STM32F746G-DISCO/generated/texts/src/Texts.o
LOAD build/ST/STM32F746G-DISCO/target/os/FreeRTOS8.2.0/OSWrappers.o
LOAD build/ST/STM32F746G-DISCO/target/gcc/gccstubs.o
LOAD build/ST/STM32F746G-DISCO/target/main.o
LOAD build/ST/STM32F746G-DISCO/target/bsp/source/bsp/STM32F7Instrumentation.o
LOAD build/ST/STM32F746G-DISCO/target/bsp/source/bsp/STM32F746GTouchController.o
LOAD build/ST/STM32F746G-DISCO/target/bsp/source/platform/stm32f7xx/STM32F7DMA.o
LOAD build/ST/STM32F746G-DISCO/target/bsp/source/platform/stm32f7xx/STM32F7HAL.o
LOAD build/ST/STM32F746G-DISCO/target/bsp/source/BoardConfiguration.o
LOAD build/ST/STM32F746G-DISCO/target/bsp/source/GPIO.o
LOAD build/ST/STM32F746G-DISCO/target/os/FreeRTOS8.2.0/Source/croutine.o
LOAD build/ST/STM32F746G-DISCO/target/os/FreeRTOS8.2.0/Source/list.o
LOAD build/ST/STM32F746G-DISCO/target/os/FreeRTOS8.2.0/Source/queue.o
LOAD build/ST/STM32F746G-DISCO/target/os/FreeRTOS8.2.0/Source/tasks.o
LOAD build/ST/STM32F746G-DISCO/target/os/FreeRTOS8.2.0/Source/timers.o
LOAD build/ST/STM32F746G-DISCO/target/os/FreeRTOS8.2.0/Source/portable/MemMang/heap_2.o
LOAD build/ST/STM32F746G-DISCO/target/os/FreeRTOS8.2.0/Source/portable/GCC/ARM_CM7/port.o
LOAD build/ST/STM32F746G-DISCO/target/gcc/isr.o
LOAD build/ST/STM32F746G-DISCO/target/bsp/source/vendor/STM32746G-Discovery/stm32746g_discovery.o
LOAD build/ST/STM32F746G-DISCO/target/bsp/source/vendor/STM32746G-Discovery/stm32746g_discovery_lcd.o
LOAD build/ST/STM32F746G-DISCO/target/bsp/source/vendor/STM32746G-Discovery/stm32746g_discovery_sd.o
LOAD build/ST/STM32F746G-DISCO/target/bsp/source/vendor/STM32746G-Discovery/stm32746g_discovery_sdram.o
LOAD build/ST/STM32F746G-DISCO/target/bsp/source/vendor/STM32746G-Discovery/stm32746g_discovery_ts.o
LOAD build/ST/STM32F746G-DISCO/target/bsp/source/vendor/STM32746G-Discovery/stm32746g_discovery_qspi.o
LOAD build/ST/STM32F746G-DISCO/target/bsp/source/vendor/Components/ft5336/ft5336.o
LOAD build/ST/STM32F746G-DISCO/target/bsp/source/platform/stm32f7xx/STM32F7xx_HAL_Driver/stm32f7xx_hal.o
LOAD build/ST/STM32F746G-DISCO/target/bsp/source/platform/stm32f7xx/STM32F7xx_HAL_Driver/stm32f7xx_hal_cortex.o
LOAD build/ST/STM32F746G-DISCO/target/bsp/source/platform/stm32f7xx/STM32F7xx_HAL_Driver/stm32f7xx_hal_dma.o
LOAD build/ST/STM32F746G-DISCO/target/bsp/source/platform/stm32f7xx/STM32F7xx_HAL_Driver/stm32f7xx_hal_dma2d.o
LOAD build/ST/STM32F746G-DISCO/target/bsp/source/platform/stm32f7xx/STM32F7xx_HAL_Driver/stm32f7xx_hal_dma_ex.o
LOAD build/ST/STM32F746G-DISCO/target/bsp/source/platform/stm32f7xx/STM32F7xx_HAL_Driver/stm32f7xx_hal_gpio.o
LOAD build/ST/STM32F746G-DISCO/target/bsp/source/platform/stm32f7xx/STM32F7xx_HAL_Driver/stm32f7xx_hal_i2c.o
LOAD build/ST/STM32F746G-DISCO/target/bsp/source/platform/stm32f7xx/STM32F7xx_HAL_Driver/stm32f7xx_hal_ltdc.o
LOAD build/ST/STM32F746G-DISCO/target/bsp/source/platform/stm32f7xx/STM32F7xx_HAL_Driver/stm32f7xx_hal_nor.o
LOAD build/ST/STM32F746G-DISCO/target/bsp/source/platform/stm32f7xx/STM32F7xx_HAL_Driver/stm32f7xx_hal_pwr_ex.o
LOAD build/ST/STM32F746G-DISCO/target/bsp/source/platform/stm32f7xx/STM32F7xx_HAL_Driver/stm32f7xx_hal_rcc.o
LOAD build/ST/STM32F746G-DISCO/target/bsp/source/platform/stm32f7xx/STM32F7xx_HAL_Driver/stm32f7xx_hal_rcc_ex.o
LOAD build/ST/STM32F746G-DISCO/target/bsp/source/platform/stm32f7xx/STM32F7xx_HAL_Driver/stm32f7xx_hal_sdram.o
LOAD build/ST/STM32F746G-DISCO/target/bsp/source/platform/stm32f7xx/STM32F7xx_HAL_Driver/stm32f7xx_hal_sd.o
LOAD build/ST/STM32F746G-DISCO/target/bsp/source/platform/stm32f7xx/STM32F7xx_HAL_Driver/stm32f7xx_hal_tim.o
LOAD build/ST/STM32F746G-DISCO/target/bsp/source/platform/stm32f7xx/STM32F7xx_HAL_Driver/stm32f7xx_hal_qspi.o
LOAD build/ST/STM32F746G-DISCO/target/bsp/source/platform/stm32f7xx/STM32F7xx_HAL_Driver/stm32f7xx_ll_fmc.o
LOAD build/ST/STM32F746G-DISCO/target/bsp/source/platform/stm32f7xx/STM32F7xx_HAL_Driver/stm32f7xx_ll_sdmmc.o
LOAD build/ST/STM32F746G-DISCO/target/bsp/source/platform/stm32f7xx/CMSIS/system_stm32f7xx.o
LOAD build/ST/STM32F746G-DISCO/target/bsp/source/btntask.o
LOAD build/ST/STM32F746G-DISCO/target/bsp/source/ledtask.o
START GROUP
LOAD touchgfx//lib/core/cortex_m7/gcc\libtouchgfx.a
END GROUP
LOAD c:/touchgfx/4.9.3/env/mingw/msys/1.0/gnu-arm-gcc/bin/../lib/gcc/arm-none-eabi/6.3.1/../../../../arm-none-eabi/lib/thumb/v7e-m/fpv5-sp/softfp\libstdc++.a
LOAD c:/touchgfx/4.9.3/env/mingw/msys/1.0/gnu-arm-gcc/bin/../lib/gcc/arm-none-eabi/6.3.1/../../../../arm-none-eabi/lib/thumb/v7e-m/fpv5-sp/softfp\libm.a
START GROUP
LOAD c:/touchgfx/4.9.3/env/mingw/msys/1.0/gnu-arm-gcc/bin/../lib/gcc/arm-none-eabi/6.3.1/thumb/v7e-m/fpv5-sp/softfp\libgcc.a
LOAD c:/touchgfx/4.9.3/env/mingw/msys/1.0/gnu-arm-gcc/bin/../lib/gcc/arm-none-eabi/6.3.1/../../../../arm-none-eabi/lib/thumb/v7e-m/fpv5-sp/softfp\libg.a
LOAD c:/touchgfx/4.9.3/env/mingw/msys/1.0/gnu-arm-gcc/bin/../lib/gcc/arm-none-eabi/6.3.1/../../../../arm-none-eabi/lib/thumb/v7e-m/fpv5-sp/softfp\libc.a
END GROUP
                0x00000400                _STACKSIZE = 0x400
                0x00000200                _HEAPSIZE = 0x200

.text           0x08000000    0x11028
 CREATE_OBJECT_SYMBOLS
 *(.isr_vectors)
 .isr_vectors   0x08000000      0x1ac build/ST/STM32F746G-DISCO/target/gcc/isr.o
                0x08000000                g_pfnVectors
 *(.text .text.*)
 .text._ZN8touchgfx8Drawable11setPositionEssss
                0x080001ac       0x28 build/ST/STM32F746G-DISCO/gui/src/containers/AtdiBackground_Btns.o
                0x080001ac                touchgfx::Drawable::setPosition(short, short, short, short)
 .text._ZN8touchgfx8Drawable4setXEs
                0x080001d4        0x4 build/ST/STM32F746G-DISCO/gui/src/containers/AtdiBackground_Btns.o
                0x080001d4                touchgfx::Drawable::setX(short)
 .text._ZN8touchgfx8Drawable4setYEs
                0x080001d8        0x4 build/ST/STM32F746G-DISCO/gui/src/containers/AtdiBackground_Btns.o
                0x080001d8                touchgfx::Drawable::setY(short)
 .text._ZN8touchgfx8Drawable5setXYEss
                0x080001dc       0x1a build/ST/STM32F746G-DISCO/gui/src/containers/AtdiBackground_Btns.o
                0x080001dc                touchgfx::Drawable::setXY(short, short)
 .text._ZN8touchgfx8Drawable8setWidthEs
                0x080001f6        0x4 build/ST/STM32F746G-DISCO/gui/src/containers/AtdiBackground_Btns.o
                0x080001f6                touchgfx::Drawable::setWidth(short)
 .text._ZN8touchgfx8Drawable9setHeightEs
                0x080001fa        0x4 build/ST/STM32F746G-DISCO/gui/src/containers/AtdiBackground_Btns.o
                0x080001fa                touchgfx::Drawable::setHeight(short)
 .text._ZN8touchgfx8Drawable20childGeometryChangedEv
                0x080001fe        0x2 build/ST/STM32F746G-DISCO/gui/src/containers/AtdiBackground_Btns.o
                0x080001fe                touchgfx::Drawable::childGeometryChanged()
 .text._ZN8touchgfx8Drawable16handleClickEventERKNS_10ClickEventE
                0x08000200        0x2 build/ST/STM32F746G-DISCO/gui/src/containers/AtdiBackground_Btns.o
                0x08000200                touchgfx::Drawable::handleClickEvent(touchgfx::ClickEvent const&)
 .text._ZN8touchgfx8Drawable18handleGestureEventERKNS_12GestureEventE
                0x08000202        0x2 build/ST/STM32F746G-DISCO/gui/src/containers/AtdiBackground_Btns.o
                0x08000202                touchgfx::Drawable::handleGestureEvent(touchgfx::GestureEvent const&)
 .text._ZN8touchgfx8Drawable15handleDragEventERKNS_9DragEventE
                0x08000204        0x2 build/ST/STM32F746G-DISCO/gui/src/containers/AtdiBackground_Btns.o
                0x08000204                touchgfx::Drawable::handleDragEvent(touchgfx::DragEvent const&)
 .text._ZN8touchgfx8Drawable15handleTickEventEv
                0x08000206        0x2 build/ST/STM32F746G-DISCO/gui/src/containers/AtdiBackground_Btns.o
                0x08000206                touchgfx::Drawable::handleTickEvent()
 .text._ZN8touchgfx8Drawable6moveToEss
                0x08000208       0x18 build/ST/STM32F746G-DISCO/gui/src/containers/AtdiBackground_Btns.o
                0x08000208                touchgfx::Drawable::moveTo(short, short)
 .text._ZNK8touchgfx9Container7getTypeEv
                0x08000220        0x4 build/ST/STM32F746G-DISCO/gui/src/containers/AtdiBackground_Btns.o
                0x08000220                touchgfx::Container::getType() const
 .text._ZN13ModelListener14guiDataChangedEv
                0x08000224        0x2 build/ST/STM32F746G-DISCO/gui/src/main_screen/MainPresenter.o
                0x08000224                ModelListener::guiDataChanged()
 .text._ZN13MainPresenterD2Ev
                0x08000226        0x8 build/ST/STM32F746G-DISCO/gui/src/main_screen/MainPresenter.o
                0x08000226                MainPresenter::~MainPresenter()
                0x08000226                MainPresenter::~MainPresenter()
                0x08000228                non-virtual thunk to MainPresenter::~MainPresenter()
 .text._ZN13MainPresenter10deactivateEv
                0x0800022e        0x2 build/ST/STM32F746G-DISCO/gui/src/main_screen/MainPresenter.o
                0x0800022e                MainPresenter::activate()
                0x0800022e                MainPresenter::deactivate()
 .text._ZN13MainPresenterD0Ev
                0x08000230       0x14 build/ST/STM32F746G-DISCO/gui/src/main_screen/MainPresenter.o
                0x08000230                MainPresenter::~MainPresenter()
                0x0800023e                non-virtual thunk to MainPresenter::~MainPresenter()
 .text._ZN13MainPresenterC2ER8MainView
                0x08000244       0x1c build/ST/STM32F746G-DISCO/gui/src/main_screen/MainPresenter.o
                0x08000244                MainPresenter::MainPresenter(MainView&)
                0x08000244                MainPresenter::MainPresenter(MainView&)
 .text._ZN13MainPresenter12setRoomLightEb
                0x08000260        0x6 build/ST/STM32F746G-DISCO/gui/src/main_screen/MainPresenter.o
                0x08000260                MainPresenter::setRoomLight(bool)
 .text._ZN8touchgfx6Screen15afterTransitionEv
                0x08000266        0x2 build/ST/STM32F746G-DISCO/gui/src/main_screen/MainView.o
                0x08000266                touchgfx::Screen::afterTransition()
 .text._ZN8touchgfx6Screen15handleTickEventEv
                0x08000268        0x2 build/ST/STM32F746G-DISCO/gui/src/main_screen/MainView.o
                0x08000268                touchgfx::Screen::handleTickEvent()
 .text._ZN8touchgfx6Screen14handleKeyEventEh
                0x0800026a        0x2 build/ST/STM32F746G-DISCO/gui/src/main_screen/MainView.o
                0x0800026a                touchgfx::Screen::handleKeyEvent(unsigned char)
 .text._ZN8MainViewD2Ev
                0x0800026c        0x2 build/ST/STM32F746G-DISCO/gui/src/main_screen/MainView.o
                0x0800026c                MainView::~MainView()
                0x0800026c                MainView::~MainView()
 .text._ZN8MainView14tearDownScreenEv
                0x0800026e        0x2 build/ST/STM32F746G-DISCO/gui/src/main_screen/MainView.o
                0x0800026e                MainView::setupScreen()
                0x0800026e                MainView::tearDownScreen()
 .text._ZN8MainView15updateRoomLightEv
                0x08000270       0x14 build/ST/STM32F746G-DISCO/gui/src/main_screen/MainView.o
                0x08000270                MainView::updateRoomLight()
 .text._ZN8MainViewD0Ev
                0x08000284       0x10 build/ST/STM32F746G-DISCO/gui/src/main_screen/MainView.o
                0x08000284                MainView::~MainView()
 .text._ZN8MainViewC2Ev
                0x08000294       0x14 build/ST/STM32F746G-DISCO/gui/src/main_screen/MainView.o
                0x08000294                MainView::MainView()
                0x08000294                MainView::MainView()
 .text._ZN16screenCanbusViewD2Ev
                0x080002a8        0x2 build/ST/STM32F746G-DISCO/gui/src/screencanbus_screen/screenCanbusView.o
                0x080002a8                screenCanbusView::~screenCanbusView()
                0x080002a8                screenCanbusView::~screenCanbusView()
 .text._ZN16screenCanbusView14tearDownScreenEv
                0x080002aa        0x2 build/ST/STM32F746G-DISCO/gui/src/screencanbus_screen/screenCanbusView.o
                0x080002aa                screenCanbusView::tearDownScreen()
                0x080002aa                screenCanbusView::setupScreen()
 .text._ZN16screenCanbusViewD0Ev
                0x080002ac       0x10 build/ST/STM32F746G-DISCO/gui/src/screencanbus_screen/screenCanbusView.o
                0x080002ac                screenCanbusView::~screenCanbusView()
 .text._ZN16screenCanbusViewC2Ev
                0x080002bc       0x14 build/ST/STM32F746G-DISCO/gui/src/screencanbus_screen/screenCanbusView.o
                0x080002bc                screenCanbusView::screenCanbusView()
                0x080002bc                screenCanbusView::screenCanbusView()
 .text._ZN21screenCanbusPresenterD2Ev
                0x080002d0        0x8 build/ST/STM32F746G-DISCO/gui/src/screencanbus_screen/screenCanbusPresenter.o
                0x080002d0                screenCanbusPresenter::~screenCanbusPresenter()
                0x080002d0                screenCanbusPresenter::~screenCanbusPresenter()
                0x080002d2                non-virtual thunk to screenCanbusPresenter::~screenCanbusPresenter()
 .text._ZN21screenCanbusPresenter10deactivateEv
                0x080002d8        0x2 build/ST/STM32F746G-DISCO/gui/src/screencanbus_screen/screenCanbusPresenter.o
                0x080002d8                screenCanbusPresenter::activate()
                0x080002d8                screenCanbusPresenter::deactivate()
 .text._ZN21screenCanbusPresenterD0Ev
                0x080002da       0x14 build/ST/STM32F746G-DISCO/gui/src/screencanbus_screen/screenCanbusPresenter.o
                0x080002da                screenCanbusPresenter::~screenCanbusPresenter()
                0x080002e8                non-virtual thunk to screenCanbusPresenter::~screenCanbusPresenter()
 *fill*         0x080002ee        0x2 00000000
 .text._ZN21screenCanbusPresenterC2ER16screenCanbusView
                0x080002f0       0x1c build/ST/STM32F746G-DISCO/gui/src/screencanbus_screen/screenCanbusPresenter.o
                0x080002f0                screenCanbusPresenter::screenCanbusPresenter(screenCanbusView&)
                0x080002f0                screenCanbusPresenter::screenCanbusPresenter(screenCanbusView&)
 .text._ZN19screenMenuPresenterD2Ev
                0x0800030c        0x8 build/ST/STM32F746G-DISCO/gui/src/screenmenu_screen/screenMenuPresenter.o
                0x0800030c                screenMenuPresenter::~screenMenuPresenter()
                0x0800030c                screenMenuPresenter::~screenMenuPresenter()
                0x0800030e                non-virtual thunk to screenMenuPresenter::~screenMenuPresenter()
 .text._ZN19screenMenuPresenter10deactivateEv
                0x08000314        0x2 build/ST/STM32F746G-DISCO/gui/src/screenmenu_screen/screenMenuPresenter.o
                0x08000314                screenMenuPresenter::deactivate()
                0x08000314                screenMenuPresenter::activate()
 .text._ZN19screenMenuPresenterD0Ev
                0x08000316       0x14 build/ST/STM32F746G-DISCO/gui/src/screenmenu_screen/screenMenuPresenter.o
                0x08000316                screenMenuPresenter::~screenMenuPresenter()
                0x08000324                non-virtual thunk to screenMenuPresenter::~screenMenuPresenter()
 *fill*         0x0800032a        0x2 00000000
 .text._ZN19screenMenuPresenterC2ER14screenMenuView
                0x0800032c       0x1c build/ST/STM32F746G-DISCO/gui/src/screenmenu_screen/screenMenuPresenter.o
                0x0800032c                screenMenuPresenter::screenMenuPresenter(screenMenuView&)
                0x0800032c                screenMenuPresenter::screenMenuPresenter(screenMenuView&)
 .text._ZN14screenMenuViewD2Ev
                0x08000348        0x2 build/ST/STM32F746G-DISCO/gui/src/screenmenu_screen/screenMenuView.o
                0x08000348                screenMenuView::~screenMenuView()
                0x08000348                screenMenuView::~screenMenuView()
 .text._ZN14screenMenuView14tearDownScreenEv
                0x0800034a        0x2 build/ST/STM32F746G-DISCO/gui/src/screenmenu_screen/screenMenuView.o
                0x0800034a                screenMenuView::setupScreen()
                0x0800034a                screenMenuView::tearDownScreen()
 .text._ZN14screenMenuViewD0Ev
                0x0800034c       0x10 build/ST/STM32F746G-DISCO/gui/src/screenmenu_screen/screenMenuView.o
                0x0800034c                screenMenuView::~screenMenuView()
 .text._ZN14screenMenuViewC2Ev
                0x0800035c       0x14 build/ST/STM32F746G-DISCO/gui/src/screenmenu_screen/screenMenuView.o
                0x0800035c                screenMenuView::screenMenuView()
                0x0800035c                screenMenuView::screenMenuView()
 .text._ZN14screenZoneViewD2Ev
                0x08000370        0x2 build/ST/STM32F746G-DISCO/gui/src/screenzone_screen/screenZoneView.o
                0x08000370                screenZoneView::~screenZoneView()
                0x08000370                screenZoneView::~screenZoneView()
 .text._ZN14screenZoneView14tearDownScreenEv
                0x08000372        0x2 build/ST/STM32F746G-DISCO/gui/src/screenzone_screen/screenZoneView.o
                0x08000372                screenZoneView::tearDownScreen()
                0x08000372                screenZoneView::setupScreen()
 .text._ZN14screenZoneViewD0Ev
                0x08000374       0x10 build/ST/STM32F746G-DISCO/gui/src/screenzone_screen/screenZoneView.o
                0x08000374                screenZoneView::~screenZoneView()
 .text._ZN14screenZoneViewC2Ev
                0x08000384       0x14 build/ST/STM32F746G-DISCO/gui/src/screenzone_screen/screenZoneView.o
                0x08000384                screenZoneView::screenZoneView()
                0x08000384                screenZoneView::screenZoneView()
 .text._ZN19screenZonePresenterD2Ev
                0x08000398        0x8 build/ST/STM32F746G-DISCO/gui/src/screenzone_screen/screenZonePresenter.o
                0x08000398                screenZonePresenter::~screenZonePresenter()
                0x08000398                screenZonePresenter::~screenZonePresenter()
                0x0800039a                non-virtual thunk to screenZonePresenter::~screenZonePresenter()
 .text._ZN19screenZonePresenter10deactivateEv
                0x080003a0        0x2 build/ST/STM32F746G-DISCO/gui/src/screenzone_screen/screenZonePresenter.o
                0x080003a0                screenZonePresenter::deactivate()
                0x080003a0                screenZonePresenter::activate()
 .text._ZN19screenZonePresenterD0Ev
                0x080003a2       0x14 build/ST/STM32F746G-DISCO/gui/src/screenzone_screen/screenZonePresenter.o
                0x080003a2                screenZonePresenter::~screenZonePresenter()
                0x080003b0                non-virtual thunk to screenZonePresenter::~screenZonePresenter()
 *fill*         0x080003b6        0x2 00000000
 .text._ZN19screenZonePresenterC2ER14screenZoneView
                0x080003b8       0x1c build/ST/STM32F746G-DISCO/gui/src/screenzone_screen/screenZonePresenter.o
                0x080003b8                screenZonePresenter::screenZonePresenter(screenZoneView&)
                0x080003b8                screenZonePresenter::screenZonePresenter(screenZoneView&)
 .text._ZN21screenModbusPresenterD2Ev
                0x080003d4        0x8 build/ST/STM32F746G-DISCO/gui/src/screenmodbus_screen/screenModbusPresenter.o
                0x080003d4                screenModbusPresenter::~screenModbusPresenter()
                0x080003d4                screenModbusPresenter::~screenModbusPresenter()
                0x080003d6                non-virtual thunk to screenModbusPresenter::~screenModbusPresenter()
 .text._ZN21screenModbusPresenter10deactivateEv
                0x080003dc        0x2 build/ST/STM32F746G-DISCO/gui/src/screenmodbus_screen/screenModbusPresenter.o
                0x080003dc                screenModbusPresenter::deactivate()
                0x080003dc                screenModbusPresenter::activate()
 .text._ZN21screenModbusPresenterD0Ev
                0x080003de       0x14 build/ST/STM32F746G-DISCO/gui/src/screenmodbus_screen/screenModbusPresenter.o
                0x080003de                screenModbusPresenter::~screenModbusPresenter()
                0x080003ec                non-virtual thunk to screenModbusPresenter::~screenModbusPresenter()
 *fill*         0x080003f2        0x2 00000000
 .text._ZN21screenModbusPresenterC2ER16screenModbusView
                0x080003f4       0x1c build/ST/STM32F746G-DISCO/gui/src/screenmodbus_screen/screenModbusPresenter.o
                0x080003f4                screenModbusPresenter::screenModbusPresenter(screenModbusView&)
                0x080003f4                screenModbusPresenter::screenModbusPresenter(screenModbusView&)
 .text._ZN16screenModbusViewD2Ev
                0x08000410        0x2 build/ST/STM32F746G-DISCO/gui/src/screenmodbus_screen/screenModbusView.o
                0x08000410                screenModbusView::~screenModbusView()
                0x08000410                screenModbusView::~screenModbusView()
 .text._ZN16screenModbusView14tearDownScreenEv
                0x08000412        0x2 build/ST/STM32F746G-DISCO/gui/src/screenmodbus_screen/screenModbusView.o
                0x08000412                screenModbusView::setupScreen()
                0x08000412                screenModbusView::tearDownScreen()
 .text._ZN16screenModbusViewD0Ev
                0x08000414       0x10 build/ST/STM32F746G-DISCO/gui/src/screenmodbus_screen/screenModbusView.o
                0x08000414                screenModbusView::~screenModbusView()
 .text._ZN16screenModbusViewC2Ev
                0x08000424       0x14 build/ST/STM32F746G-DISCO/gui/src/screenmodbus_screen/screenModbusView.o
                0x08000424                screenModbusView::screenModbusView()
                0x08000424                screenModbusView::screenModbusView()
 .text._ZN5ModelC2Ev
                0x08000438       0x24 build/ST/STM32F746G-DISCO/gui/src/model/Model.o
                0x08000438                Model::Model()
                0x08000438                Model::Model()
 .text._ZN5Model18userSetTemperatureEm
                0x0800045c        0x4 build/ST/STM32F746G-DISCO/gui/src/model/Model.o
                0x0800045c                Model::userSetTemperature(unsigned long)
 .text._ZN5Model13getRandomTempEii
                0x08000460       0x22 build/ST/STM32F746G-DISCO/gui/src/model/Model.o
                0x08000460                Model::getRandomTemp(int, int)
 .text._ZN5Model22getReadRoomTemperatureEv
                0x08000482       0x10 build/ST/STM32F746G-DISCO/gui/src/model/Model.o
                0x08000482                Model::getReadRoomTemperature()
 *fill*         0x08000492        0x2 00000000
 .text._ZN5Model15updateRoomLightEv
                0x08000494       0x4c build/ST/STM32F746G-DISCO/gui/src/model/Model.o
                0x08000494                Model::updateRoomLight()
 .text._ZN5Model4tickEv
                0x080004e0       0x44 build/ST/STM32F746G-DISCO/gui/src/model/Model.o
                0x080004e0                Model::tick()
 .text._ZN5Model16userSetRoomLightEb
                0x08000524        0x6 build/ST/STM32F746G-DISCO/gui/src/model/Model.o
                0x08000524                Model::userSetRoomLight(bool)
 .text._ZN35screenIndustrialControllerPresenterD2Ev
                0x0800052a        0x8 build/ST/STM32F746G-DISCO/gui/src/screenindustrialcontroller_screen/screenIndustrialControllerPresenter.o
                0x0800052a                screenIndustrialControllerPresenter::~screenIndustrialControllerPresenter()
                0x0800052a                screenIndustrialControllerPresenter::~screenIndustrialControllerPresenter()
                0x0800052c                non-virtual thunk to screenIndustrialControllerPresenter::~screenIndustrialControllerPresenter()
 .text._ZN35screenIndustrialControllerPresenter10deactivateEv
                0x08000532        0x2 build/ST/STM32F746G-DISCO/gui/src/screenindustrialcontroller_screen/screenIndustrialControllerPresenter.o
                0x08000532                screenIndustrialControllerPresenter::activate()
                0x08000532                screenIndustrialControllerPresenter::deactivate()
 .text._ZN35screenIndustrialControllerPresenterD0Ev
                0x08000534       0x14 build/ST/STM32F746G-DISCO/gui/src/screenindustrialcontroller_screen/screenIndustrialControllerPresenter.o
                0x08000534                screenIndustrialControllerPresenter::~screenIndustrialControllerPresenter()
                0x08000542                non-virtual thunk to screenIndustrialControllerPresenter::~screenIndustrialControllerPresenter()
 .text._ZN35screenIndustrialControllerPresenterC2ER30screenIndustrialControllerView
                0x08000548       0x1c build/ST/STM32F746G-DISCO/gui/src/screenindustrialcontroller_screen/screenIndustrialControllerPresenter.o
                0x08000548                screenIndustrialControllerPresenter::screenIndustrialControllerPresenter(screenIndustrialControllerView&)
                0x08000548                screenIndustrialControllerPresenter::screenIndustrialControllerPresenter(screenIndustrialControllerView&)
 .text._ZN30screenIndustrialControllerViewD2Ev
                0x08000564        0x2 build/ST/STM32F746G-DISCO/gui/src/screenindustrialcontroller_screen/screenIndustrialControllerView.o
                0x08000564                screenIndustrialControllerView::~screenIndustrialControllerView()
                0x08000564                screenIndustrialControllerView::~screenIndustrialControllerView()
 .text._ZN30screenIndustrialControllerView14tearDownScreenEv
                0x08000566        0x2 build/ST/STM32F746G-DISCO/gui/src/screenindustrialcontroller_screen/screenIndustrialControllerView.o
                0x08000566                screenIndustrialControllerView::setupScreen()
                0x08000566                screenIndustrialControllerView::tearDownScreen()
 .text._ZN30screenIndustrialControllerViewD0Ev
                0x08000568       0x10 build/ST/STM32F746G-DISCO/gui/src/screenindustrialcontroller_screen/screenIndustrialControllerView.o
                0x08000568                screenIndustrialControllerView::~screenIndustrialControllerView()
 .text._ZN30screenIndustrialControllerViewC2Ev
                0x08000578       0x14 build/ST/STM32F746G-DISCO/gui/src/screenindustrialcontroller_screen/screenIndustrialControllerView.o
                0x08000578                screenIndustrialControllerView::screenIndustrialControllerView()
                0x08000578                screenIndustrialControllerView::screenIndustrialControllerView()
 .text._ZN8touchgfx11Application15appSwitchScreenEh
                0x0800058c        0x2 build/ST/STM32F746G-DISCO/gui/src/common/FrontendApplication.o
                0x0800058c                touchgfx::Application::appSwitchScreen(unsigned char)
 .text._ZN19FrontendApplicationD2Ev
                0x0800058e        0x2 build/ST/STM32F746G-DISCO/gui/src/common/FrontendApplication.o
                0x0800058e                FrontendApplication::~FrontendApplication()
                0x0800058e                FrontendApplication::~FrontendApplication()
 .text._ZN19FrontendApplicationD0Ev
                0x08000590       0x10 build/ST/STM32F746G-DISCO/gui/src/common/FrontendApplication.o
                0x08000590                FrontendApplication::~FrontendApplication()
 .text._ZN19FrontendApplication15handleTickEventEv
                0x080005a0       0x16 build/ST/STM32F746G-DISCO/gui/src/common/FrontendApplication.o
                0x080005a0                FrontendApplication::handleTickEvent()
 .text._ZN8touchgfx14MVPApplication29handlePendingScreenTransitionEv
                0x080005b6       0x24 build/ST/STM32F746G-DISCO/gui/src/common/FrontendApplication.o
                0x080005b6                touchgfx::MVPApplication::handlePendingScreenTransition()
 *fill*         0x080005da        0x2 00000000
 .text._ZN19FrontendApplicationC2ER5ModelR12FrontendHeap
                0x080005dc       0x14 build/ST/STM32F746G-DISCO/gui/src/common/FrontendApplication.o
                0x080005dc                FrontendApplication::FrontendApplication(Model&, FrontendHeap&)
                0x080005dc                FrontendApplication::FrontendApplication(Model&, FrontendHeap&)
 .text._ZN23SetTempControlPresenterD2Ev
                0x080005f0        0x8 build/ST/STM32F746G-DISCO/gui/src/settempcontrol_screen/SetTempControlPresenter.o
                0x080005f0                SetTempControlPresenter::~SetTempControlPresenter()
                0x080005f0                SetTempControlPresenter::~SetTempControlPresenter()
                0x080005f2                non-virtual thunk to SetTempControlPresenter::~SetTempControlPresenter()
 .text._ZN23SetTempControlPresenter10deactivateEv
                0x080005f8        0x2 build/ST/STM32F746G-DISCO/gui/src/settempcontrol_screen/SetTempControlPresenter.o
                0x080005f8                SetTempControlPresenter::deactivate()
 .text._ZN23SetTempControlPresenterD0Ev
                0x080005fa       0x14 build/ST/STM32F746G-DISCO/gui/src/settempcontrol_screen/SetTempControlPresenter.o
                0x080005fa                SetTempControlPresenter::~SetTempControlPresenter()
                0x08000608                non-virtual thunk to SetTempControlPresenter::~SetTempControlPresenter()
 .text._ZN23SetTempControlPresenter8activateEv
                0x0800060e        0xa build/ST/STM32F746G-DISCO/gui/src/settempcontrol_screen/SetTempControlPresenter.o
                0x0800060e                SetTempControlPresenter::activate()
 .text._ZN23SetTempControlPresenterC2ER18SetTempControlView
                0x08000618       0x1c build/ST/STM32F746G-DISCO/gui/src/settempcontrol_screen/SetTempControlPresenter.o
                0x08000618                SetTempControlPresenter::SetTempControlPresenter(SetTempControlView&)
                0x08000618                SetTempControlPresenter::SetTempControlPresenter(SetTempControlView&)
 .text._ZN23SetTempControlPresenter21userSetTemperatureAPPEm
                0x08000634        0x6 build/ST/STM32F746G-DISCO/gui/src/settempcontrol_screen/SetTempControlPresenter.o
                0x08000634                SetTempControlPresenter::userSetTemperatureAPP(unsigned long)
 .text._ZN23SetTempControlPresenter24setReadRoomTemperatureUIEv
                0x0800063a       0x16 build/ST/STM32F746G-DISCO/gui/src/settempcontrol_screen/SetTempControlPresenter.o
                0x0800063a                SetTempControlPresenter::setReadRoomTemperatureUI()
 .text._ZN23SetTempControlPresenter14guiDataChangedEv
                0x08000650       0x18 build/ST/STM32F746G-DISCO/gui/src/settempcontrol_screen/SetTempControlPresenter.o
                0x08000650                SetTempControlPresenter::guiDataChanged()
 .text._ZThn4_N23SetTempControlPresenter14guiDataChangedEv
                0x08000668        0x8 build/ST/STM32F746G-DISCO/gui/src/settempcontrol_screen/SetTempControlPresenter.o
                0x08000668                non-virtual thunk to SetTempControlPresenter::guiDataChanged()
 .text._ZN8touchgfx6Screen11setupScreenEv
                0x08000670        0x2 build/ST/STM32F746G-DISCO/gui/src/settempcontrol_screen/SetTempControlView.o
                0x08000670                touchgfx::Screen::setupScreen()
 .text._ZN8touchgfx6Screen14tearDownScreenEv
                0x08000672        0x2 build/ST/STM32F746G-DISCO/gui/src/settempcontrol_screen/SetTempControlView.o
                0x08000672                touchgfx::Screen::tearDownScreen()
 .text._ZN22SetTempControlViewBase11sliderMovedEi
                0x08000674        0x2 build/ST/STM32F746G-DISCO/gui/src/settempcontrol_screen/SetTempControlView.o
                0x08000674                SetTempControlViewBase::sliderMoved(int)
 .text._ZN22SetTempControlViewBase16setReadTempColorEi
                0x08000676        0x2 build/ST/STM32F746G-DISCO/gui/src/settempcontrol_screen/SetTempControlView.o
                0x08000676                SetTempControlViewBase::setReadTempColor(int)
 .text._ZN18SetTempControlView14tearDownScreenEv
                0x08000678        0x2 build/ST/STM32F746G-DISCO/gui/src/settempcontrol_screen/SetTempControlView.o
                0x08000678                SetTempControlView::setupScreen()
                0x08000678                SetTempControlView::tearDownScreen()
 *fill*         0x0800067a        0x2 00000000
 .text._ZN18SetTempControlView11sliderMovedEi
                0x0800067c       0x2c build/ST/STM32F746G-DISCO/gui/src/settempcontrol_screen/SetTempControlView.o
                0x0800067c                SetTempControlView::sliderMoved(int)
 .text._ZN18SetTempControlView16setReadTempColorEi
                0x080006a8       0x38 build/ST/STM32F746G-DISCO/gui/src/settempcontrol_screen/SetTempControlView.o
                0x080006a8                SetTempControlView::setReadTempColor(int)
 .text._ZN18SetTempControlViewC2Ev
                0x080006e0       0x14 build/ST/STM32F746G-DISCO/gui/src/settempcontrol_screen/SetTempControlView.o
                0x080006e0                SetTempControlView::SetTempControlView()
                0x080006e0                SetTempControlView::SetTempControlView()
 .text._ZN18SetTempControlView20updateReadRoomTempUIEm
                0x080006f4       0x30 build/ST/STM32F746G-DISCO/gui/src/settempcontrol_screen/SetTempControlView.o
                0x080006f4                SetTempControlView::updateReadRoomTempUI(unsigned long)
 .text._ZN18SetTempControlView16updateRoomTempUIEm
                0x08000724       0x2c build/ST/STM32F746G-DISCO/gui/src/settempcontrol_screen/SetTempControlView.o
                0x08000724                SetTempControlView::updateRoomTempUI(unsigned long)
 .text._ZN22SetTempControlViewBaseD2Ev
                0x08000750       0x18 build/ST/STM32F746G-DISCO/gui/src/settempcontrol_screen/SetTempControlView.o
                0x08000750                SetTempControlViewBase::~SetTempControlViewBase()
                0x08000750                SetTempControlViewBase::~SetTempControlViewBase()
 .text._ZN22SetTempControlViewBaseD0Ev
                0x08000768       0x16 build/ST/STM32F746G-DISCO/gui/src/settempcontrol_screen/SetTempControlView.o
                0x08000768                SetTempControlViewBase::~SetTempControlViewBase()
 *fill*         0x0800077e        0x2 00000000
 .text._ZN18SetTempControlViewD2Ev
                0x08000780       0x14 build/ST/STM32F746G-DISCO/gui/src/settempcontrol_screen/SetTempControlView.o
                0x08000780                SetTempControlView::~SetTempControlView()
                0x08000780                SetTempControlView::~SetTempControlView()
 .text._ZN18SetTempControlViewD0Ev
                0x08000794       0x16 build/ST/STM32F746G-DISCO/gui/src/settempcontrol_screen/SetTempControlView.o
                0x08000794                SetTempControlView::~SetTempControlView()
 .text._ZN8touchgfx8Drawable14setupDrawChainERKNS_4RectEPPS0_
                0x080007aa       0x12 build/ST/STM32F746G-DISCO/generated/gui_generated/src/containers/AtdiBackground_BtnsBase.o
                0x080007aa                touchgfx::Drawable::setupDrawChain(touchgfx::Rect const&, touchgfx::Drawable**)
 .text._ZN8touchgfx6Widget12getLastChildEssPPNS_8DrawableE
                0x080007bc       0x10 build/ST/STM32F746G-DISCO/generated/gui_generated/src/containers/AtdiBackground_BtnsBase.o
                0x080007bc                touchgfx::Widget::getLastChild(short, short, touchgfx::Drawable**)
 .text._ZN8touchgfx8DrawableC2Ev
                0x080007cc       0x2c build/ST/STM32F746G-DISCO/generated/gui_generated/src/containers/AtdiBackground_BtnsBase.o
                0x080007cc                touchgfx::Drawable::Drawable()
                0x080007cc                touchgfx::Drawable::Drawable()
 .text._ZN12MainViewBaseD2Ev
                0x080007f8        0x2 build/ST/STM32F746G-DISCO/generated/gui_generated/src/main_screen/MainViewBase.o
                0x080007f8                MainViewBase::~MainViewBase()
                0x080007f8                MainViewBase::~MainViewBase()
 .text._ZN12MainViewBase15updateRoomLightEv
                0x080007fa        0x2 build/ST/STM32F746G-DISCO/generated/gui_generated/src/main_screen/MainViewBase.o
                0x080007fa                MainViewBase::updateRoomLight()
 .text._ZN8touchgfx8CallbackI12MainViewBaseRKNS_14AbstractButtonEvED2Ev
                0x080007fc        0x2 build/ST/STM32F746G-DISCO/generated/gui_generated/src/main_screen/MainViewBase.o
                0x080007fc                touchgfx::Callback<MainViewBase, touchgfx::AbstractButton const&, void>::~Callback()
                0x080007fc                touchgfx::Callback<MainViewBase, touchgfx::AbstractButton const&, void>::~Callback()
 .text._ZN8touchgfx8CallbackI12MainViewBaseRKNS_14AbstractButtonEvE7executeES4_
                0x080007fe       0x20 build/ST/STM32F746G-DISCO/generated/gui_generated/src/main_screen/MainViewBase.o
                0x080007fe                touchgfx::Callback<MainViewBase, touchgfx::AbstractButton const&, void>::execute(touchgfx::AbstractButton const&)
 .text._ZNK8touchgfx8CallbackI12MainViewBaseRKNS_14AbstractButtonEvE7isValidEv
                0x0800081e       0x18 build/ST/STM32F746G-DISCO/generated/gui_generated/src/main_screen/MainViewBase.o
                0x0800081e                touchgfx::Callback<MainViewBase, touchgfx::AbstractButton const&, void>::isValid() const
 .text._ZN12MainViewBaseD0Ev
                0x08000836       0x10 build/ST/STM32F746G-DISCO/generated/gui_generated/src/main_screen/MainViewBase.o
                0x08000836                MainViewBase::~MainViewBase()
 .text._ZN8touchgfx8CallbackI12MainViewBaseRKNS_14AbstractButtonEvED0Ev
                0x08000846        0xe build/ST/STM32F746G-DISCO/generated/gui_generated/src/main_screen/MainViewBase.o
                0x08000846                touchgfx::Callback<MainViewBase, touchgfx::AbstractButton const&, void>::~Callback()
 .text._ZN12MainViewBase21buttonCallbackHandlerERKN8touchgfx14AbstractButtonE
                0x08000854       0x56 build/ST/STM32F746G-DISCO/generated/gui_generated/src/main_screen/MainViewBase.o
                0x08000854                MainViewBase::buttonCallbackHandler(touchgfx::AbstractButton const&)
 *fill*         0x080008aa        0x2 00000000
 .text._ZN8touchgfx5ImageC2ERKNS_6BitmapE
                0x080008ac       0x28 build/ST/STM32F746G-DISCO/generated/gui_generated/src/main_screen/MainViewBase.o
                0x080008ac                touchgfx::Image::Image(touchgfx::Bitmap const&)
                0x080008ac                touchgfx::Image::Image(touchgfx::Bitmap const&)
 .text._ZN12MainViewBaseC2Ev
                0x080008d4      0x2d0 build/ST/STM32F746G-DISCO/generated/gui_generated/src/main_screen/MainViewBase.o
                0x080008d4                MainViewBase::MainViewBase()
                0x080008d4                MainViewBase::MainViewBase()
 .text._ZN20screenCanbusViewBaseD2Ev
                0x08000ba4        0x2 build/ST/STM32F746G-DISCO/generated/gui_generated/src/screencanbus_screen/screenCanbusViewBase.o
                0x08000ba4                screenCanbusViewBase::~screenCanbusViewBase()
                0x08000ba4                screenCanbusViewBase::~screenCanbusViewBase()
 .text._ZN8touchgfx8CallbackI20screenCanbusViewBaseRKNS_14AbstractButtonEvED2Ev
                0x08000ba6        0x2 build/ST/STM32F746G-DISCO/generated/gui_generated/src/screencanbus_screen/screenCanbusViewBase.o
                0x08000ba6                touchgfx::Callback<screenCanbusViewBase, touchgfx::AbstractButton const&, void>::~Callback()
                0x08000ba6                touchgfx::Callback<screenCanbusViewBase, touchgfx::AbstractButton const&, void>::~Callback()
 .text._ZN8touchgfx8CallbackI20screenCanbusViewBaseRKNS_14AbstractButtonEvE7executeES4_
                0x08000ba8       0x20 build/ST/STM32F746G-DISCO/generated/gui_generated/src/screencanbus_screen/screenCanbusViewBase.o
                0x08000ba8                touchgfx::Callback<screenCanbusViewBase, touchgfx::AbstractButton const&, void>::execute(touchgfx::AbstractButton const&)
 .text._ZNK8touchgfx8CallbackI20screenCanbusViewBaseRKNS_14AbstractButtonEvE7isValidEv
                0x08000bc8       0x18 build/ST/STM32F746G-DISCO/generated/gui_generated/src/screencanbus_screen/screenCanbusViewBase.o
                0x08000bc8                touchgfx::Callback<screenCanbusViewBase, touchgfx::AbstractButton const&, void>::isValid() const
 .text._ZN20screenCanbusViewBaseD0Ev
                0x08000be0       0x10 build/ST/STM32F746G-DISCO/generated/gui_generated/src/screencanbus_screen/screenCanbusViewBase.o
                0x08000be0                screenCanbusViewBase::~screenCanbusViewBase()
 .text._ZN8touchgfx8CallbackI20screenCanbusViewBaseRKNS_14AbstractButtonEvED0Ev
                0x08000bf0        0xe build/ST/STM32F746G-DISCO/generated/gui_generated/src/screencanbus_screen/screenCanbusViewBase.o
                0x08000bf0                touchgfx::Callback<screenCanbusViewBase, touchgfx::AbstractButton const&, void>::~Callback()
 .text._ZN20screenCanbusViewBase21buttonCallbackHandlerERKN8touchgfx14AbstractButtonE
                0x08000bfe       0x2a build/ST/STM32F746G-DISCO/generated/gui_generated/src/screencanbus_screen/screenCanbusViewBase.o
                0x08000bfe                screenCanbusViewBase::buttonCallbackHandler(touchgfx::AbstractButton const&)
 .text._ZN20screenCanbusViewBaseC2Ev
                0x08000c28      0x2a8 build/ST/STM32F746G-DISCO/generated/gui_generated/src/screencanbus_screen/screenCanbusViewBase.o
                0x08000c28                screenCanbusViewBase::screenCanbusViewBase()
                0x08000c28                screenCanbusViewBase::screenCanbusViewBase()
 .text._ZN18screenMenuViewBaseD2Ev
                0x08000ed0        0x2 build/ST/STM32F746G-DISCO/generated/gui_generated/src/screenmenu_screen/screenMenuViewBase.o
                0x08000ed0                screenMenuViewBase::~screenMenuViewBase()
                0x08000ed0                screenMenuViewBase::~screenMenuViewBase()
 .text._ZN8touchgfx8CallbackI18screenMenuViewBaseRKNS_14AbstractButtonEvED2Ev
                0x08000ed2        0x2 build/ST/STM32F746G-DISCO/generated/gui_generated/src/screenmenu_screen/screenMenuViewBase.o
                0x08000ed2                touchgfx::Callback<screenMenuViewBase, touchgfx::AbstractButton const&, void>::~Callback()
                0x08000ed2                touchgfx::Callback<screenMenuViewBase, touchgfx::AbstractButton const&, void>::~Callback()
 .text._ZN8touchgfx8CallbackI18screenMenuViewBaseRKNS_14AbstractButtonEvE7executeES4_
                0x08000ed4       0x20 build/ST/STM32F746G-DISCO/generated/gui_generated/src/screenmenu_screen/screenMenuViewBase.o
                0x08000ed4                touchgfx::Callback<screenMenuViewBase, touchgfx::AbstractButton const&, void>::execute(touchgfx::AbstractButton const&)
 .text._ZNK8touchgfx8CallbackI18screenMenuViewBaseRKNS_14AbstractButtonEvE7isValidEv
                0x08000ef4       0x18 build/ST/STM32F746G-DISCO/generated/gui_generated/src/screenmenu_screen/screenMenuViewBase.o
                0x08000ef4                touchgfx::Callback<screenMenuViewBase, touchgfx::AbstractButton const&, void>::isValid() const
 .text._ZN18screenMenuViewBaseD0Ev
                0x08000f0c       0x10 build/ST/STM32F746G-DISCO/generated/gui_generated/src/screenmenu_screen/screenMenuViewBase.o
                0x08000f0c                screenMenuViewBase::~screenMenuViewBase()
 .text._ZN8touchgfx8CallbackI18screenMenuViewBaseRKNS_14AbstractButtonEvED0Ev
                0x08000f1c        0xe build/ST/STM32F746G-DISCO/generated/gui_generated/src/screenmenu_screen/screenMenuViewBase.o
                0x08000f1c                touchgfx::Callback<screenMenuViewBase, touchgfx::AbstractButton const&, void>::~Callback()
 .text._ZN18screenMenuViewBase21buttonCallbackHandlerERKN8touchgfx14AbstractButtonE
                0x08000f2a       0x68 build/ST/STM32F746G-DISCO/generated/gui_generated/src/screenmenu_screen/screenMenuViewBase.o
                0x08000f2a                screenMenuViewBase::buttonCallbackHandler(touchgfx::AbstractButton const&)
 *fill*         0x08000f92        0x2 00000000
 .text._ZN8touchgfx6ButtonC2Ev
                0x08000f94       0x40 build/ST/STM32F746G-DISCO/generated/gui_generated/src/screenmenu_screen/screenMenuViewBase.o
                0x08000f94                touchgfx::Button::Button()
                0x08000f94                touchgfx::Button::Button()
 .text._ZNK8touchgfx9TypedText11assertValidEv
                0x08000fd4       0x40 build/ST/STM32F746G-DISCO/generated/gui_generated/src/screenmenu_screen/screenMenuViewBase.o
                0x08000fd4                touchgfx::TypedText::assertValid() const
 .text._ZN8touchgfx15ButtonWithLabel18updateTextPositionEv
                0x08001014       0x68 build/ST/STM32F746G-DISCO/generated/gui_generated/src/screenmenu_screen/screenMenuViewBase.o
                0x08001014                touchgfx::ButtonWithLabel::updateTextPosition()
 .text._ZN18screenMenuViewBaseC2Ev
                0x0800107c      0x314 build/ST/STM32F746G-DISCO/generated/gui_generated/src/screenmenu_screen/screenMenuViewBase.o
                0x0800107c                screenMenuViewBase::screenMenuViewBase()
                0x0800107c                screenMenuViewBase::screenMenuViewBase()
 .text._ZN18screenZoneViewBaseD2Ev
                0x08001390        0x2 build/ST/STM32F746G-DISCO/generated/gui_generated/src/screenzone_screen/screenZoneViewBase.o
                0x08001390                screenZoneViewBase::~screenZoneViewBase()
                0x08001390                screenZoneViewBase::~screenZoneViewBase()
 .text._ZN8touchgfx8CallbackI18screenZoneViewBaseRKNS_14AbstractButtonEvED2Ev
                0x08001392        0x2 build/ST/STM32F746G-DISCO/generated/gui_generated/src/screenzone_screen/screenZoneViewBase.o
                0x08001392                touchgfx::Callback<screenZoneViewBase, touchgfx::AbstractButton const&, void>::~Callback()
                0x08001392                touchgfx::Callback<screenZoneViewBase, touchgfx::AbstractButton const&, void>::~Callback()
 .text._ZN8touchgfx8CallbackI18screenZoneViewBaseRKNS_14AbstractButtonEvE7executeES4_
                0x08001394       0x20 build/ST/STM32F746G-DISCO/generated/gui_generated/src/screenzone_screen/screenZoneViewBase.o
                0x08001394                touchgfx::Callback<screenZoneViewBase, touchgfx::AbstractButton const&, void>::execute(touchgfx::AbstractButton const&)
 .text._ZNK8touchgfx8CallbackI18screenZoneViewBaseRKNS_14AbstractButtonEvE7isValidEv
                0x080013b4       0x18 build/ST/STM32F746G-DISCO/generated/gui_generated/src/screenzone_screen/screenZoneViewBase.o
                0x080013b4                touchgfx::Callback<screenZoneViewBase, touchgfx::AbstractButton const&, void>::isValid() const
 .text._ZN18screenZoneViewBaseD0Ev
                0x080013cc       0x10 build/ST/STM32F746G-DISCO/generated/gui_generated/src/screenzone_screen/screenZoneViewBase.o
                0x080013cc                screenZoneViewBase::~screenZoneViewBase()
 .text._ZN8touchgfx8CallbackI18screenZoneViewBaseRKNS_14AbstractButtonEvED0Ev
                0x080013dc        0xe build/ST/STM32F746G-DISCO/generated/gui_generated/src/screenzone_screen/screenZoneViewBase.o
                0x080013dc                touchgfx::Callback<screenZoneViewBase, touchgfx::AbstractButton const&, void>::~Callback()
 .text._ZN18screenZoneViewBase21buttonCallbackHandlerERKN8touchgfx14AbstractButtonE
                0x080013ea       0x2a build/ST/STM32F746G-DISCO/generated/gui_generated/src/screenzone_screen/screenZoneViewBase.o
                0x080013ea                screenZoneViewBase::buttonCallbackHandler(touchgfx::AbstractButton const&)
 .text._ZN18screenZoneViewBaseC2Ev
                0x08001414      0x2ac build/ST/STM32F746G-DISCO/generated/gui_generated/src/screenzone_screen/screenZoneViewBase.o
                0x08001414                screenZoneViewBase::screenZoneViewBase()
                0x08001414                screenZoneViewBase::screenZoneViewBase()
 .text._ZN20screenModbusViewBaseD2Ev
                0x080016c0        0x2 build/ST/STM32F746G-DISCO/generated/gui_generated/src/screenmodbus_screen/screenModbusViewBase.o
                0x080016c0                screenModbusViewBase::~screenModbusViewBase()
                0x080016c0                screenModbusViewBase::~screenModbusViewBase()
 .text._ZN8touchgfx8CallbackI20screenModbusViewBaseRKNS_14AbstractButtonEvED2Ev
                0x080016c2        0x2 build/ST/STM32F746G-DISCO/generated/gui_generated/src/screenmodbus_screen/screenModbusViewBase.o
                0x080016c2                touchgfx::Callback<screenModbusViewBase, touchgfx::AbstractButton const&, void>::~Callback()
                0x080016c2                touchgfx::Callback<screenModbusViewBase, touchgfx::AbstractButton const&, void>::~Callback()
 .text._ZN8touchgfx8CallbackI20screenModbusViewBaseRKNS_14AbstractButtonEvE7executeES4_
                0x080016c4       0x20 build/ST/STM32F746G-DISCO/generated/gui_generated/src/screenmodbus_screen/screenModbusViewBase.o
                0x080016c4                touchgfx::Callback<screenModbusViewBase, touchgfx::AbstractButton const&, void>::execute(touchgfx::AbstractButton const&)
 .text._ZNK8touchgfx8CallbackI20screenModbusViewBaseRKNS_14AbstractButtonEvE7isValidEv
                0x080016e4       0x18 build/ST/STM32F746G-DISCO/generated/gui_generated/src/screenmodbus_screen/screenModbusViewBase.o
                0x080016e4                touchgfx::Callback<screenModbusViewBase, touchgfx::AbstractButton const&, void>::isValid() const
 .text._ZN20screenModbusViewBaseD0Ev
                0x080016fc       0x10 build/ST/STM32F746G-DISCO/generated/gui_generated/src/screenmodbus_screen/screenModbusViewBase.o
                0x080016fc                screenModbusViewBase::~screenModbusViewBase()
 .text._ZN8touchgfx8CallbackI20screenModbusViewBaseRKNS_14AbstractButtonEvED0Ev
                0x0800170c        0xe build/ST/STM32F746G-DISCO/generated/gui_generated/src/screenmodbus_screen/screenModbusViewBase.o
                0x0800170c                touchgfx::Callback<screenModbusViewBase, touchgfx::AbstractButton const&, void>::~Callback()
 .text._ZN20screenModbusViewBase21buttonCallbackHandlerERKN8touchgfx14AbstractButtonE
                0x0800171a       0x20 build/ST/STM32F746G-DISCO/generated/gui_generated/src/screenmodbus_screen/screenModbusViewBase.o
                0x0800171a                screenModbusViewBase::buttonCallbackHandler(touchgfx::AbstractButton const&)
 *fill*         0x0800173a        0x2 00000000
 .text._ZN20screenModbusViewBaseC2Ev
                0x0800173c      0x2b0 build/ST/STM32F746G-DISCO/generated/gui_generated/src/screenmodbus_screen/screenModbusViewBase.o
                0x0800173c                screenModbusViewBase::screenModbusViewBase()
                0x0800173c                screenModbusViewBase::screenModbusViewBase()
 .text._ZN34screenIndustrialControllerViewBaseD2Ev
                0x080019ec        0x2 build/ST/STM32F746G-DISCO/generated/gui_generated/src/screenindustrialcontroller_screen/screenIndustrialControllerViewBase.o
                0x080019ec                screenIndustrialControllerViewBase::~screenIndustrialControllerViewBase()
                0x080019ec                screenIndustrialControllerViewBase::~screenIndustrialControllerViewBase()
 .text._ZN8touchgfx8CallbackI34screenIndustrialControllerViewBaseRKNS_14AbstractButtonEvED2Ev
                0x080019ee        0x2 build/ST/STM32F746G-DISCO/generated/gui_generated/src/screenindustrialcontroller_screen/screenIndustrialControllerViewBase.o
                0x080019ee                touchgfx::Callback<screenIndustrialControllerViewBase, touchgfx::AbstractButton const&, void>::~Callback()
                0x080019ee                touchgfx::Callback<screenIndustrialControllerViewBase, touchgfx::AbstractButton const&, void>::~Callback()
 .text._ZN8touchgfx8CallbackI34screenIndustrialControllerViewBaseRKNS_14AbstractButtonEvE7executeES4_
                0x080019f0       0x20 build/ST/STM32F746G-DISCO/generated/gui_generated/src/screenindustrialcontroller_screen/screenIndustrialControllerViewBase.o
                0x080019f0                touchgfx::Callback<screenIndustrialControllerViewBase, touchgfx::AbstractButton const&, void>::execute(touchgfx::AbstractButton const&)
 .text._ZNK8touchgfx8CallbackI34screenIndustrialControllerViewBaseRKNS_14AbstractButtonEvE7isValidEv
                0x08001a10       0x18 build/ST/STM32F746G-DISCO/generated/gui_generated/src/screenindustrialcontroller_screen/screenIndustrialControllerViewBase.o
                0x08001a10                touchgfx::Callback<screenIndustrialControllerViewBase, touchgfx::AbstractButton const&, void>::isValid() const
 .text._ZN34screenIndustrialControllerViewBaseD0Ev
                0x08001a28       0x10 build/ST/STM32F746G-DISCO/generated/gui_generated/src/screenindustrialcontroller_screen/screenIndustrialControllerViewBase.o
                0x08001a28                screenIndustrialControllerViewBase::~screenIndustrialControllerViewBase()
 .text._ZN8touchgfx8CallbackI34screenIndustrialControllerViewBaseRKNS_14AbstractButtonEvED0Ev
                0x08001a38        0xe build/ST/STM32F746G-DISCO/generated/gui_generated/src/screenindustrialcontroller_screen/screenIndustrialControllerViewBase.o
                0x08001a38                touchgfx::Callback<screenIndustrialControllerViewBase, touchgfx::AbstractButton const&, void>::~Callback()
 .text._ZN34screenIndustrialControllerViewBase21buttonCallbackHandlerERKN8touchgfx14AbstractButtonE
                0x08001a46       0x1e build/ST/STM32F746G-DISCO/generated/gui_generated/src/screenindustrialcontroller_screen/screenIndustrialControllerViewBase.o
                0x08001a46                screenIndustrialControllerViewBase::buttonCallbackHandler(touchgfx::AbstractButton const&)
 .text._ZN34screenIndustrialControllerViewBaseC2Ev
                0x08001a64      0x2ac build/ST/STM32F746G-DISCO/generated/gui_generated/src/screenindustrialcontroller_screen/screenIndustrialControllerViewBase.o
                0x08001a64                screenIndustrialControllerViewBase::screenIndustrialControllerViewBase()
                0x08001a64                screenIndustrialControllerViewBase::screenIndustrialControllerViewBase()
 .text._ZN8touchgfx10Transition8tearDownEv
                0x08001d10        0x2 build/ST/STM32F746G-DISCO/generated/gui_generated/src/common/FrontendApplicationBase.o
                0x08001d10                touchgfx::Transition::tearDown()
 .text._ZN8touchgfx10Transition4initEv
                0x08001d12        0x2 build/ST/STM32F746G-DISCO/generated/gui_generated/src/common/FrontendApplicationBase.o
                0x08001d12                touchgfx::Transition::init()
 .text._ZN8touchgfx10Transition18setScreenContainerERNS_9ContainerE
                0x08001d14        0x4 build/ST/STM32F746G-DISCO/generated/gui_generated/src/common/FrontendApplicationBase.o
                0x08001d14                touchgfx::Transition::setScreenContainer(touchgfx::Container&)
 .text._ZN23FrontendApplicationBaseD2Ev
                0x08001d18        0x2 build/ST/STM32F746G-DISCO/generated/gui_generated/src/common/FrontendApplicationBase.o
                0x08001d18                FrontendApplicationBase::~FrontendApplicationBase()
                0x08001d18                FrontendApplicationBase::~FrontendApplicationBase()
 .text._ZN8touchgfx12NoTransitionD2Ev
                0x08001d1a        0x2 build/ST/STM32F746G-DISCO/generated/gui_generated/src/common/FrontendApplicationBase.o
                0x08001d1a                touchgfx::NoTransition::~NoTransition()
                0x08001d1a                touchgfx::NoTransition::~NoTransition()
 .text._ZN8touchgfx12NoTransition15handleTickEventEv
                0x08001d1c        0x6 build/ST/STM32F746G-DISCO/generated/gui_generated/src/common/FrontendApplicationBase.o
                0x08001d1c                touchgfx::NoTransition::handleTickEvent()
 .text._ZN8touchgfx8CallbackINS_15SlideTransitionILNS_9DirectionE3EEERNS_8DrawableEvED2Ev
                0x08001d22        0x2 build/ST/STM32F746G-DISCO/generated/gui_generated/src/common/FrontendApplicationBase.o
                0x08001d22                touchgfx::Callback<touchgfx::SlideTransition<(touchgfx::Direction)3>, touchgfx::Drawable&, void>::~Callback()
                0x08001d22                touchgfx::Callback<touchgfx::SlideTransition<(touchgfx::Direction)3>, touchgfx::Drawable&, void>::~Callback()
 .text._ZN8touchgfx8CallbackINS_15SlideTransitionILNS_9DirectionE2EEERNS_8DrawableEvED2Ev
                0x08001d24        0x2 build/ST/STM32F746G-DISCO/generated/gui_generated/src/common/FrontendApplicationBase.o
                0x08001d24                touchgfx::Callback<touchgfx::SlideTransition<(touchgfx::Direction)2>, touchgfx::Drawable&, void>::~Callback()
                0x08001d24                touchgfx::Callback<touchgfx::SlideTransition<(touchgfx::Direction)2>, touchgfx::Drawable&, void>::~Callback()
 .text._ZN8touchgfx8CallbackI23FrontendApplicationBasevvED2Ev
                0x08001d26        0x2 build/ST/STM32F746G-DISCO/generated/gui_generated/src/common/FrontendApplicationBase.o
                0x08001d26                touchgfx::Callback<FrontendApplicationBase, void, void>::~Callback()
                0x08001d26                touchgfx::Callback<FrontendApplicationBase, void, void>::~Callback()
 .text._ZN8touchgfx8CallbackINS_15SlideTransitionILNS_9DirectionE3EEERNS_8DrawableEvE7executeES5_
                0x08001d28       0x20 build/ST/STM32F746G-DISCO/generated/gui_generated/src/common/FrontendApplicationBase.o
                0x08001d28                touchgfx::Callback<touchgfx::SlideTransition<(touchgfx::Direction)3>, touchgfx::Drawable&, void>::execute(touchgfx::Drawable&)
 .text._ZNK8touchgfx8CallbackINS_15SlideTransitionILNS_9DirectionE3EEERNS_8DrawableEvE7isValidEv
                0x08001d48       0x18 build/ST/STM32F746G-DISCO/generated/gui_generated/src/common/FrontendApplicationBase.o
                0x08001d48                touchgfx::Callback<touchgfx::SlideTransition<(touchgfx::Direction)3>, touchgfx::Drawable&, void>::isValid() const
 .text._ZN8touchgfx8CallbackINS_15SlideTransitionILNS_9DirectionE2EEERNS_8DrawableEvE7executeES5_
                0x08001d60       0x20 build/ST/STM32F746G-DISCO/generated/gui_generated/src/common/FrontendApplicationBase.o
                0x08001d60                touchgfx::Callback<touchgfx::SlideTransition<(touchgfx::Direction)2>, touchgfx::Drawable&, void>::execute(touchgfx::Drawable&)
 .text._ZNK8touchgfx8CallbackINS_15SlideTransitionILNS_9DirectionE2EEERNS_8DrawableEvE7isValidEv
                0x08001d80       0x18 build/ST/STM32F746G-DISCO/generated/gui_generated/src/common/FrontendApplicationBase.o
                0x08001d80                touchgfx::Callback<touchgfx::SlideTransition<(touchgfx::Direction)2>, touchgfx::Drawable&, void>::isValid() const
 .text._ZN8touchgfx8CallbackI23FrontendApplicationBasevvE7executeEv
                0x08001d98       0x1a build/ST/STM32F746G-DISCO/generated/gui_generated/src/common/FrontendApplicationBase.o
                0x08001d98                touchgfx::Callback<FrontendApplicationBase, void, void>::execute()
 .text._ZNK8touchgfx8CallbackI23FrontendApplicationBasevvE7isValidEv
                0x08001db2       0x18 build/ST/STM32F746G-DISCO/generated/gui_generated/src/common/FrontendApplicationBase.o
                0x08001db2                touchgfx::Callback<FrontendApplicationBase, void, void>::isValid() const
 .text._ZN8touchgfx12NoTransitionD0Ev
                0x08001dca        0xe build/ST/STM32F746G-DISCO/generated/gui_generated/src/common/FrontendApplicationBase.o
                0x08001dca                touchgfx::NoTransition::~NoTransition()
 .text._ZN23FrontendApplicationBaseD0Ev
                0x08001dd8       0x10 build/ST/STM32F746G-DISCO/generated/gui_generated/src/common/FrontendApplicationBase.o
                0x08001dd8                FrontendApplicationBase::~FrontendApplicationBase()
 .text._ZN8touchgfx8CallbackI23FrontendApplicationBasevvED0Ev
                0x08001de8        0xe build/ST/STM32F746G-DISCO/generated/gui_generated/src/common/FrontendApplicationBase.o
                0x08001de8                touchgfx::Callback<FrontendApplicationBase, void, void>::~Callback()
 .text._ZN8touchgfx8CallbackINS_15SlideTransitionILNS_9DirectionE3EEERNS_8DrawableEvED0Ev
                0x08001df6        0xe build/ST/STM32F746G-DISCO/generated/gui_generated/src/common/FrontendApplicationBase.o
                0x08001df6                touchgfx::Callback<touchgfx::SlideTransition<(touchgfx::Direction)3>, touchgfx::Drawable&, void>::~Callback()
 .text._ZN8touchgfx8CallbackINS_15SlideTransitionILNS_9DirectionE2EEERNS_8DrawableEvED0Ev
                0x08001e04        0xe build/ST/STM32F746G-DISCO/generated/gui_generated/src/common/FrontendApplicationBase.o
                0x08001e04                touchgfx::Callback<touchgfx::SlideTransition<(touchgfx::Direction)2>, touchgfx::Drawable&, void>::~Callback()
 .text._ZN8touchgfxL17prepareTransitionEPPNS_6ScreenEPPNS_9PresenterEPPNS_10TransitionE
                0x08001e12       0x52 build/ST/STM32F746G-DISCO/generated/gui_generated/src/common/FrontendApplicationBase.o
 .text._ZN8touchgfxL18finalizeTransitionEPNS_6ScreenEPNS_9PresenterEPNS_10TransitionE
                0x08001e64       0x34 build/ST/STM32F746G-DISCO/generated/gui_generated/src/common/FrontendApplicationBase.o
 .text._ZN8touchgfx15SlideTransitionILNS_9DirectionE3EE16tickMoveDrawableERNS_8DrawableE
                0x08001e98       0x44 build/ST/STM32F746G-DISCO/generated/gui_generated/src/common/FrontendApplicationBase.o
                0x08001e98                touchgfx::SlideTransition<(touchgfx::Direction)3>::tickMoveDrawable(touchgfx::Drawable&)
 .text._ZN8touchgfx15SlideTransitionILNS_9DirectionE2EE16tickMoveDrawableERNS_8DrawableE
                0x08001edc       0x44 build/ST/STM32F746G-DISCO/generated/gui_generated/src/common/FrontendApplicationBase.o
                0x08001edc                touchgfx::SlideTransition<(touchgfx::Direction)2>::tickMoveDrawable(touchgfx::Drawable&)
 .text._ZN8touchgfx15SlideTransitionILNS_9DirectionE3EE8tearDownEv
                0x08001f20       0x1c build/ST/STM32F746G-DISCO/generated/gui_generated/src/common/FrontendApplicationBase.o
                0x08001f20                touchgfx::SlideTransition<(touchgfx::Direction)3>::tearDown()
 .text._ZN8touchgfx15SlideTransitionILNS_9DirectionE2EE8tearDownEv
                0x08001f3c       0x1c build/ST/STM32F746G-DISCO/generated/gui_generated/src/common/FrontendApplicationBase.o
                0x08001f3c                touchgfx::SlideTransition<(touchgfx::Direction)2>::tearDown()
 .text._ZN8touchgfx15SlideTransitionILNS_9DirectionE2EE16initMoveDrawableERNS_8DrawableE.part.5
                0x08001f58       0x14 build/ST/STM32F746G-DISCO/generated/gui_generated/src/common/FrontendApplicationBase.o
 .text._ZN8touchgfx15SlideTransitionILNS_9DirectionE3EE16initMoveDrawableERNS_8DrawableE
                0x08001f6c       0x60 build/ST/STM32F746G-DISCO/generated/gui_generated/src/common/FrontendApplicationBase.o
                0x08001f6c                touchgfx::SlideTransition<(touchgfx::Direction)3>::initMoveDrawable(touchgfx::Drawable&)
 .text._ZN8touchgfx15SlideTransitionILNS_9DirectionE2EE16initMoveDrawableERNS_8DrawableE
                0x08001fcc       0x60 build/ST/STM32F746G-DISCO/generated/gui_generated/src/common/FrontendApplicationBase.o
                0x08001fcc                touchgfx::SlideTransition<(touchgfx::Direction)2>::initMoveDrawable(touchgfx::Drawable&)
 .text._ZN8touchgfx15SlideTransitionILNS_9DirectionE3EE15handleTickEventEv
                0x0800202c       0xac build/ST/STM32F746G-DISCO/generated/gui_generated/src/common/FrontendApplicationBase.o
                0x0800202c                touchgfx::SlideTransition<(touchgfx::Direction)3>::handleTickEvent()
 .text._ZN8touchgfx15SlideTransitionILNS_9DirectionE2EE15handleTickEventEv
                0x080020d8       0xac build/ST/STM32F746G-DISCO/generated/gui_generated/src/common/FrontendApplicationBase.o
                0x080020d8                touchgfx::SlideTransition<(touchgfx::Direction)2>::handleTickEvent()
 .text._ZN8touchgfx15SlideTransitionILNS_9DirectionE3EE4initEv
                0x08002184       0x3c build/ST/STM32F746G-DISCO/generated/gui_generated/src/common/FrontendApplicationBase.o
                0x08002184                touchgfx::SlideTransition<(touchgfx::Direction)3>::init()
 .text._ZN8touchgfx15SlideTransitionILNS_9DirectionE2EE4initEv
                0x080021c0       0x3c build/ST/STM32F746G-DISCO/generated/gui_generated/src/common/FrontendApplicationBase.o
                0x080021c0                touchgfx::SlideTransition<(touchgfx::Direction)2>::init()
 .text._ZN23FrontendApplicationBaseC2ER5ModelR12FrontendHeap
                0x080021fc       0x4c build/ST/STM32F746G-DISCO/generated/gui_generated/src/common/FrontendApplicationBase.o
                0x080021fc                FrontendApplicationBase::FrontendApplicationBase(Model&, FrontendHeap&)
                0x080021fc                FrontendApplicationBase::FrontendApplicationBase(Model&, FrontendHeap&)
 .text._ZN23FrontendApplicationBase26gotoMainScreenNoTransitionEv
                0x08002248       0x20 build/ST/STM32F746G-DISCO/generated/gui_generated/src/common/FrontendApplicationBase.o
                0x08002248                FrontendApplicationBase::gotoMainScreenNoTransition()
 .text._ZN23FrontendApplicationBase33gotoMainScreenSlideTransitionWestEv
                0x08002268       0x20 build/ST/STM32F746G-DISCO/generated/gui_generated/src/common/FrontendApplicationBase.o
                0x08002268                FrontendApplicationBase::gotoMainScreenSlideTransitionWest()
 .text._ZN23FrontendApplicationBase43gotoSetTempControlScreenSlideTransitionEastEv
                0x08002288       0x20 build/ST/STM32F746G-DISCO/generated/gui_generated/src/common/FrontendApplicationBase.o
                0x08002288                FrontendApplicationBase::gotoSetTempControlScreenSlideTransitionEast()
 .text._ZN23FrontendApplicationBase39gotoscreenMenuScreenSlideTransitionEastEv
                0x080022a8       0x20 build/ST/STM32F746G-DISCO/generated/gui_generated/src/common/FrontendApplicationBase.o
                0x080022a8                FrontendApplicationBase::gotoscreenMenuScreenSlideTransitionEast()
 .text._ZN23FrontendApplicationBase41gotoscreenCanbusScreenSlideTransitionEastEv
                0x080022c8       0x20 build/ST/STM32F746G-DISCO/generated/gui_generated/src/common/FrontendApplicationBase.o
                0x080022c8                FrontendApplicationBase::gotoscreenCanbusScreenSlideTransitionEast()
 .text._ZN23FrontendApplicationBase41gotoscreenModbusScreenSlideTransitionEastEv
                0x080022e8       0x20 build/ST/STM32F746G-DISCO/generated/gui_generated/src/common/FrontendApplicationBase.o
                0x080022e8                FrontendApplicationBase::gotoscreenModbusScreenSlideTransitionEast()
 .text._ZN23FrontendApplicationBase39gotoscreenZoneScreenSlideTransitionEastEv
                0x08002308       0x20 build/ST/STM32F746G-DISCO/generated/gui_generated/src/common/FrontendApplicationBase.o
                0x08002308                FrontendApplicationBase::gotoscreenZoneScreenSlideTransitionEast()
 .text._ZN23FrontendApplicationBase48gotoscreenIndustrialControllerScreenNoTransitionEv
                0x08002328       0x20 build/ST/STM32F746G-DISCO/generated/gui_generated/src/common/FrontendApplicationBase.o
                0x08002328                FrontendApplicationBase::gotoscreenIndustrialControllerScreenNoTransition()
 .text._ZN8touchgfx14makeTransitionI8MainView13MainPresenterNS_12NoTransitionE5ModelEEPT0_PPNS_6ScreenEPPNS_9PresenterERNS_7MVPHeapEPPNS_10TransitionEPT2_
                0x08002348       0xdc build/ST/STM32F746G-DISCO/generated/gui_generated/src/common/FrontendApplicationBase.o
                0x08002348                MainPresenter* touchgfx::makeTransition<MainView, MainPresenter, touchgfx::NoTransition, Model>(touchgfx::Screen**, touchgfx::Presenter**, touchgfx::MVPHeap&, touchgfx::Transition**, Model*)
 .text._ZN23FrontendApplicationBase30gotoMainScreenNoTransitionImplEv
                0x08002424       0x28 build/ST/STM32F746G-DISCO/generated/gui_generated/src/common/FrontendApplicationBase.o
                0x08002424                FrontendApplicationBase::gotoMainScreenNoTransitionImpl()
 .text._ZN8touchgfx14makeTransitionI30screenIndustrialControllerView35screenIndustrialControllerPresenterNS_12NoTransitionE5ModelEEPT0_PPNS_6ScreenEPPNS_9PresenterERNS_7MVPHeapEPPNS_10TransitionEPT2_
                0x0800244c       0xdc build/ST/STM32F746G-DISCO/generated/gui_generated/src/common/FrontendApplicationBase.o
                0x0800244c                screenIndustrialControllerPresenter* touchgfx::makeTransition<screenIndustrialControllerView, screenIndustrialControllerPresenter, touchgfx::NoTransition, Model>(touchgfx::Screen**, touchgfx::Presenter**, touchgfx::MVPHeap&, touchgfx::Transition**, Model*)
 .text._ZN23FrontendApplicationBase52gotoscreenIndustrialControllerScreenNoTransitionImplEv
                0x08002528       0x28 build/ST/STM32F746G-DISCO/generated/gui_generated/src/common/FrontendApplicationBase.o
                0x08002528                FrontendApplicationBase::gotoscreenIndustrialControllerScreenNoTransitionImpl()
 .text._ZN8touchgfx17AbstractPartition2atINS_15SlideTransitionILNS_9DirectionE2EEEEERT_t
                0x08002550        0x6 build/ST/STM32F746G-DISCO/generated/gui_generated/src/common/FrontendApplicationBase.o
                0x08002550                touchgfx::SlideTransition<(touchgfx::Direction)2>& touchgfx::AbstractPartition::at<touchgfx::SlideTransition<(touchgfx::Direction)2> >(unsigned short)
 *fill*         0x08002556        0x2 00000000
 .text._ZN8touchgfx15SlideTransitionILNS_9DirectionE3EED2Ev
                0x08002558       0x18 build/ST/STM32F746G-DISCO/generated/gui_generated/src/common/FrontendApplicationBase.o
                0x08002558                touchgfx::SlideTransition<(touchgfx::Direction)3>::~SlideTransition()
                0x08002558                touchgfx::SlideTransition<(touchgfx::Direction)3>::~SlideTransition()
 .text._ZN8touchgfx15SlideTransitionILNS_9DirectionE3EED0Ev
                0x08002570       0x14 build/ST/STM32F746G-DISCO/generated/gui_generated/src/common/FrontendApplicationBase.o
                0x08002570                touchgfx::SlideTransition<(touchgfx::Direction)3>::~SlideTransition()
 .text._ZN8touchgfx15SlideTransitionILNS_9DirectionE2EED2Ev
                0x08002584       0x18 build/ST/STM32F746G-DISCO/generated/gui_generated/src/common/FrontendApplicationBase.o
                0x08002584                touchgfx::SlideTransition<(touchgfx::Direction)2>::~SlideTransition()
                0x08002584                touchgfx::SlideTransition<(touchgfx::Direction)2>::~SlideTransition()
 .text._ZN8touchgfx15SlideTransitionILNS_9DirectionE2EED0Ev
                0x0800259c       0x14 build/ST/STM32F746G-DISCO/generated/gui_generated/src/common/FrontendApplicationBase.o
                0x0800259c                touchgfx::SlideTransition<(touchgfx::Direction)2>::~SlideTransition()
 .text._ZN8touchgfx15SlideTransitionILNS_9DirectionE3EEC2Eh
                0x080025b0       0xa4 build/ST/STM32F746G-DISCO/generated/gui_generated/src/common/FrontendApplicationBase.o
                0x080025b0                touchgfx::SlideTransition<(touchgfx::Direction)3>::SlideTransition(unsigned char)
                0x080025b0                touchgfx::SlideTransition<(touchgfx::Direction)3>::SlideTransition(unsigned char)
 .text._ZN8touchgfx14makeTransitionI8MainView13MainPresenterNS_15SlideTransitionILNS_9DirectionE3EEE5ModelEEPT0_PPNS_6ScreenEPPNS_9PresenterERNS_7MVPHeapEPPNS_10TransitionEPT2_
                0x08002654       0xd4 build/ST/STM32F746G-DISCO/generated/gui_generated/src/common/FrontendApplicationBase.o
                0x08002654                MainPresenter* touchgfx::makeTransition<MainView, MainPresenter, touchgfx::SlideTransition<(touchgfx::Direction)3>, Model>(touchgfx::Screen**, touchgfx::Presenter**, touchgfx::MVPHeap&, touchgfx::Transition**, Model*)
 .text._ZN23FrontendApplicationBase37gotoMainScreenSlideTransitionWestImplEv
                0x08002728       0x28 build/ST/STM32F746G-DISCO/generated/gui_generated/src/common/FrontendApplicationBase.o
                0x08002728                FrontendApplicationBase::gotoMainScreenSlideTransitionWestImpl()
 .text._ZN8touchgfx15SlideTransitionILNS_9DirectionE2EEC2Eh
                0x08002750       0xa4 build/ST/STM32F746G-DISCO/generated/gui_generated/src/common/FrontendApplicationBase.o
                0x08002750                touchgfx::SlideTransition<(touchgfx::Direction)2>::SlideTransition(unsigned char)
                0x08002750                touchgfx::SlideTransition<(touchgfx::Direction)2>::SlideTransition(unsigned char)
 .text._ZN8touchgfx14makeTransitionI18SetTempControlView23SetTempControlPresenterNS_15SlideTransitionILNS_9DirectionE2EEE5ModelEEPT0_PPNS_6ScreenEPPNS_9PresenterERNS_7MVPHeapEPPNS_10TransitionEPT2_
                0x080027f4       0xd0 build/ST/STM32F746G-DISCO/generated/gui_generated/src/common/FrontendApplicationBase.o
                0x080027f4                SetTempControlPresenter* touchgfx::makeTransition<SetTempControlView, SetTempControlPresenter, touchgfx::SlideTransition<(touchgfx::Direction)2>, Model>(touchgfx::Screen**, touchgfx::Presenter**, touchgfx::MVPHeap&, touchgfx::Transition**, Model*)
 .text._ZN23FrontendApplicationBase47gotoSetTempControlScreenSlideTransitionEastImplEv
                0x080028c4       0x28 build/ST/STM32F746G-DISCO/generated/gui_generated/src/common/FrontendApplicationBase.o
                0x080028c4                FrontendApplicationBase::gotoSetTempControlScreenSlideTransitionEastImpl()
 .text._ZN8touchgfx14makeTransitionI14screenMenuView19screenMenuPresenterNS_15SlideTransitionILNS_9DirectionE2EEE5ModelEEPT0_PPNS_6ScreenEPPNS_9PresenterERNS_7MVPHeapEPPNS_10TransitionEPT2_
                0x080028ec       0xd0 build/ST/STM32F746G-DISCO/generated/gui_generated/src/common/FrontendApplicationBase.o
                0x080028ec                screenMenuPresenter* touchgfx::makeTransition<screenMenuView, screenMenuPresenter, touchgfx::SlideTransition<(touchgfx::Direction)2>, Model>(touchgfx::Screen**, touchgfx::Presenter**, touchgfx::MVPHeap&, touchgfx::Transition**, Model*)
 .text._ZN23FrontendApplicationBase43gotoscreenMenuScreenSlideTransitionEastImplEv
                0x080029bc       0x28 build/ST/STM32F746G-DISCO/generated/gui_generated/src/common/FrontendApplicationBase.o
                0x080029bc                FrontendApplicationBase::gotoscreenMenuScreenSlideTransitionEastImpl()
 .text._ZN8touchgfx14makeTransitionI16screenCanbusView21screenCanbusPresenterNS_15SlideTransitionILNS_9DirectionE2EEE5ModelEEPT0_PPNS_6ScreenEPPNS_9PresenterERNS_7MVPHeapEPPNS_10TransitionEPT2_
                0x080029e4       0xd0 build/ST/STM32F746G-DISCO/generated/gui_generated/src/common/FrontendApplicationBase.o
                0x080029e4                screenCanbusPresenter* touchgfx::makeTransition<screenCanbusView, screenCanbusPresenter, touchgfx::SlideTransition<(touchgfx::Direction)2>, Model>(touchgfx::Screen**, touchgfx::Presenter**, touchgfx::MVPHeap&, touchgfx::Transition**, Model*)
 .text._ZN23FrontendApplicationBase45gotoscreenCanbusScreenSlideTransitionEastImplEv
                0x08002ab4       0x28 build/ST/STM32F746G-DISCO/generated/gui_generated/src/common/FrontendApplicationBase.o
                0x08002ab4                FrontendApplicationBase::gotoscreenCanbusScreenSlideTransitionEastImpl()
 .text._ZN8touchgfx14makeTransitionI16screenModbusView21screenModbusPresenterNS_15SlideTransitionILNS_9DirectionE2EEE5ModelEEPT0_PPNS_6ScreenEPPNS_9PresenterERNS_7MVPHeapEPPNS_10TransitionEPT2_
                0x08002adc       0xd0 build/ST/STM32F746G-DISCO/generated/gui_generated/src/common/FrontendApplicationBase.o
                0x08002adc                screenModbusPresenter* touchgfx::makeTransition<screenModbusView, screenModbusPresenter, touchgfx::SlideTransition<(touchgfx::Direction)2>, Model>(touchgfx::Screen**, touchgfx::Presenter**, touchgfx::MVPHeap&, touchgfx::Transition**, Model*)
 .text._ZN23FrontendApplicationBase45gotoscreenModbusScreenSlideTransitionEastImplEv
                0x08002bac       0x28 build/ST/STM32F746G-DISCO/generated/gui_generated/src/common/FrontendApplicationBase.o
                0x08002bac                FrontendApplicationBase::gotoscreenModbusScreenSlideTransitionEastImpl()
 .text._ZN8touchgfx14makeTransitionI14screenZoneView19screenZonePresenterNS_15SlideTransitionILNS_9DirectionE2EEE5ModelEEPT0_PPNS_6ScreenEPPNS_9PresenterERNS_7MVPHeapEPPNS_10TransitionEPT2_
                0x08002bd4       0xd0 build/ST/STM32F746G-DISCO/generated/gui_generated/src/common/FrontendApplicationBase.o
                0x08002bd4                screenZonePresenter* touchgfx::makeTransition<screenZoneView, screenZonePresenter, touchgfx::SlideTransition<(touchgfx::Direction)2>, Model>(touchgfx::Screen**, touchgfx::Presenter**, touchgfx::MVPHeap&, touchgfx::Transition**, Model*)
 .text._ZN23FrontendApplicationBase43gotoscreenZoneScreenSlideTransitionEastImplEv
                0x08002ca4       0x28 build/ST/STM32F746G-DISCO/generated/gui_generated/src/common/FrontendApplicationBase.o
                0x08002ca4                FrontendApplicationBase::gotoscreenZoneScreenSlideTransitionEastImpl()
 .text._ZNK8touchgfx8TextArea12getSolidRectEv
                0x08002ccc        0xc build/ST/STM32F746G-DISCO/generated/gui_generated/src/settempcontrol_screen/SetTempControlViewBase.o
                0x08002ccc                touchgfx::TextArea::getSolidRect() const
 .text._ZN8touchgfx8TextArea13setXBaselineYEss
                0x08002cd8       0x1a build/ST/STM32F746G-DISCO/generated/gui_generated/src/settempcontrol_screen/SetTempControlViewBase.o
                0x08002cd8                touchgfx::TextArea::setXBaselineY(short, short)
 .text._ZNK8touchgfx8TextArea7getTypeEv
                0x08002cf2        0x4 build/ST/STM32F746G-DISCO/generated/gui_generated/src/settempcontrol_screen/SetTempControlViewBase.o
                0x08002cf2                touchgfx::TextArea::getType() const
 .text._ZNK8touchgfx23TextAreaWithOneWildcard7getTypeEv
                0x08002cf6        0x4 build/ST/STM32F746G-DISCO/generated/gui_generated/src/settempcontrol_screen/SetTempControlViewBase.o
                0x08002cf6                touchgfx::TextAreaWithOneWildcard::getType() const
 .text._ZN8touchgfx8CallbackI22SetTempControlViewBaseRKNS_6SliderEiED2Ev
                0x08002cfa        0x2 build/ST/STM32F746G-DISCO/generated/gui_generated/src/settempcontrol_screen/SetTempControlViewBase.o
                0x08002cfa                touchgfx::Callback<SetTempControlViewBase, touchgfx::Slider const&, int>::~Callback()
                0x08002cfa                touchgfx::Callback<SetTempControlViewBase, touchgfx::Slider const&, int>::~Callback()
 .text._ZN8touchgfx8CallbackI22SetTempControlViewBaseRKNS_14AbstractButtonEvED2Ev
                0x08002cfc        0x2 build/ST/STM32F746G-DISCO/generated/gui_generated/src/settempcontrol_screen/SetTempControlViewBase.o
                0x08002cfc                touchgfx::Callback<SetTempControlViewBase, touchgfx::AbstractButton const&, void>::~Callback()
                0x08002cfc                touchgfx::Callback<SetTempControlViewBase, touchgfx::AbstractButton const&, void>::~Callback()
 .text._ZN8touchgfx23TextAreaWithOneWildcardD2Ev
                0x08002cfe        0x2 build/ST/STM32F746G-DISCO/generated/gui_generated/src/settempcontrol_screen/SetTempControlViewBase.o
                0x08002cfe                touchgfx::TextAreaWithOneWildcard::~TextAreaWithOneWildcard()
                0x08002cfe                touchgfx::TextAreaWithOneWildcard::~TextAreaWithOneWildcard()
 .text._ZN8touchgfx8CallbackI22SetTempControlViewBaseRKNS_6SliderEiE7executeES4_i
                0x08002d00       0x1e build/ST/STM32F746G-DISCO/generated/gui_generated/src/settempcontrol_screen/SetTempControlViewBase.o
                0x08002d00                touchgfx::Callback<SetTempControlViewBase, touchgfx::Slider const&, int>::execute(touchgfx::Slider const&, int)
 .text._ZNK8touchgfx8CallbackI22SetTempControlViewBaseRKNS_6SliderEiE7isValidEv
                0x08002d1e       0x18 build/ST/STM32F746G-DISCO/generated/gui_generated/src/settempcontrol_screen/SetTempControlViewBase.o
                0x08002d1e                touchgfx::Callback<SetTempControlViewBase, touchgfx::Slider const&, int>::isValid() const
 .text._ZN8touchgfx8CallbackI22SetTempControlViewBaseRKNS_14AbstractButtonEvE7executeES4_
                0x08002d36       0x20 build/ST/STM32F746G-DISCO/generated/gui_generated/src/settempcontrol_screen/SetTempControlViewBase.o
                0x08002d36                touchgfx::Callback<SetTempControlViewBase, touchgfx::AbstractButton const&, void>::execute(touchgfx::AbstractButton const&)
 .text._ZNK8touchgfx8CallbackI22SetTempControlViewBaseRKNS_14AbstractButtonEvE7isValidEv
                0x08002d56       0x18 build/ST/STM32F746G-DISCO/generated/gui_generated/src/settempcontrol_screen/SetTempControlViewBase.o
                0x08002d56                touchgfx::Callback<SetTempControlViewBase, touchgfx::AbstractButton const&, void>::isValid() const
 .text._ZN8touchgfx23TextAreaWithOneWildcardD0Ev
                0x08002d6e        0xe build/ST/STM32F746G-DISCO/generated/gui_generated/src/settempcontrol_screen/SetTempControlViewBase.o
                0x08002d6e                touchgfx::TextAreaWithOneWildcard::~TextAreaWithOneWildcard()
 .text._ZN8touchgfx8CallbackI22SetTempControlViewBaseRKNS_14AbstractButtonEvED0Ev
                0x08002d7c        0xe build/ST/STM32F746G-DISCO/generated/gui_generated/src/settempcontrol_screen/SetTempControlViewBase.o
                0x08002d7c                touchgfx::Callback<SetTempControlViewBase, touchgfx::AbstractButton const&, void>::~Callback()
 .text._ZN8touchgfx8CallbackI22SetTempControlViewBaseRKNS_6SliderEiED0Ev
                0x08002d8a        0xe build/ST/STM32F746G-DISCO/generated/gui_generated/src/settempcontrol_screen/SetTempControlViewBase.o
                0x08002d8a                touchgfx::Callback<SetTempControlViewBase, touchgfx::Slider const&, int>::~Callback()
 .text._ZN22SetTempControlViewBase33sliderValueChangedCallbackHandlerERKN8touchgfx6SliderEi
                0x08002d98       0x1c build/ST/STM32F746G-DISCO/generated/gui_generated/src/settempcontrol_screen/SetTempControlViewBase.o
                0x08002d98                SetTempControlViewBase::sliderValueChangedCallbackHandler(touchgfx::Slider const&, int)
 .text._ZN22SetTempControlViewBase35sliderValueConfirmedCallbackHandlerERKN8touchgfx6SliderEi
                0x08002db4       0x1c build/ST/STM32F746G-DISCO/generated/gui_generated/src/settempcontrol_screen/SetTempControlViewBase.o
                0x08002db4                SetTempControlViewBase::sliderValueConfirmedCallbackHandler(touchgfx::Slider const&, int)
 .text._ZN22SetTempControlViewBase21buttonCallbackHandlerERKN8touchgfx14AbstractButtonE
                0x08002dd0       0x16 build/ST/STM32F746G-DISCO/generated/gui_generated/src/settempcontrol_screen/SetTempControlViewBase.o
                0x08002dd0                SetTempControlViewBase::buttonCallbackHandler(touchgfx::AbstractButton const&)
 *fill*         0x08002de6        0x2 00000000
 .text._ZNK8touchgfx9TypedText7getFontEv
                0x08002de8       0x24 build/ST/STM32F746G-DISCO/generated/gui_generated/src/settempcontrol_screen/SetTempControlViewBase.o
                0x08002de8                touchgfx::TypedText::getFont() const
 .text._ZN8touchgfx8TextArea12setBaselineYEs
                0x08002e0c       0x28 build/ST/STM32F746G-DISCO/generated/gui_generated/src/settempcontrol_screen/SetTempControlViewBase.o
                0x08002e0c                touchgfx::TextArea::setBaselineY(short)
 .text._ZNK8touchgfx9TypedText7getTextEv
                0x08002e34       0x18 build/ST/STM32F746G-DISCO/generated/gui_generated/src/settempcontrol_screen/SetTempControlViewBase.o
                0x08002e34                touchgfx::TypedText::getText() const
 .text._ZN8touchgfx23TextAreaWithOneWildcard13getTextHeightEv
                0x08002e4c       0x26 build/ST/STM32F746G-DISCO/generated/gui_generated/src/settempcontrol_screen/SetTempControlViewBase.o
                0x08002e4c                touchgfx::TextAreaWithOneWildcard::getTextHeight()
 *fill*         0x08002e72        0x2 00000000
 .text._ZNK8touchgfx23TextAreaWithOneWildcard4drawERKNS_4RectE
                0x08002e74       0xbc build/ST/STM32F746G-DISCO/generated/gui_generated/src/settempcontrol_screen/SetTempControlViewBase.o
                0x08002e74                touchgfx::TextAreaWithOneWildcard::draw(touchgfx::Rect const&) const
 .text._ZNK8touchgfx23TextAreaWithOneWildcard12getTextWidthEv
                0x08002f30       0x54 build/ST/STM32F746G-DISCO/generated/gui_generated/src/settempcontrol_screen/SetTempControlViewBase.o
                0x08002f30                touchgfx::TextAreaWithOneWildcard::getTextWidth() const
 .text._ZN8touchgfx23TextAreaWithOneWildcardC2Ev
                0x08002f84       0x34 build/ST/STM32F746G-DISCO/generated/gui_generated/src/settempcontrol_screen/SetTempControlViewBase.o
                0x08002f84                touchgfx::TextAreaWithOneWildcard::TextAreaWithOneWildcard()
                0x08002f84                touchgfx::TextAreaWithOneWildcard::TextAreaWithOneWildcard()
 .text._ZN22SetTempControlViewBaseC2Ev
                0x08002fb8      0x2d8 build/ST/STM32F746G-DISCO/generated/gui_generated/src/settempcontrol_screen/SetTempControlViewBase.o
                0x08002fb8                SetTempControlViewBase::SetTempControlViewBase()
                0x08002fb8                SetTempControlViewBase::SetTempControlViewBase()
 .text._ZN8touchgfx17InternalFlashFontD2Ev
                0x08003290        0x2 build/ST/STM32F746G-DISCO/generated/fonts/src/FontGetters.o
                0x08003290                touchgfx::InternalFlashFont::~InternalFlashFont()
                0x08003290                touchgfx::InternalFlashFont::~InternalFlashFont()
 *fill*         0x08003292        0x2 00000000
 .text._Z23getFont_verdana_20_4bppv
                0x08003294       0x70 build/ST/STM32F746G-DISCO/generated/fonts/src/FontGetters.o
                0x08003294                getFont_verdana_20_4bpp()
 .text._Z23getFont_verdana_45_4bppv
                0x08003304       0x70 build/ST/STM32F746G-DISCO/generated/fonts/src/FontGetters.o
                0x08003304                getFont_verdana_45_4bpp()
 .text._Z24getFont_verdanab_75_4bppv
                0x08003374       0x74 build/ST/STM32F746G-DISCO/generated/fonts/src/FontGetters.o
                0x08003374                getFont_verdanab_75_4bpp()
 .text._Z24getFont_verdanaz_30_4bppv
                0x080033e8       0x70 build/ST/STM32F746G-DISCO/generated/fonts/src/FontGetters.o
                0x080033e8                getFont_verdanaz_30_4bpp()
 .text._ZN8touchgfx17InternalFlashFontD0Ev
                0x08003458        0xe build/ST/STM32F746G-DISCO/generated/fonts/src/FontGetters.o
                0x08003458                touchgfx::InternalFlashFont::~InternalFlashFont()
 .text._ZN23ApplicationFontProviderD2Ev